Archive member included to satisfy reference by file (symbol)

c:/st/stm32cubeide_1.12.0/stm32cubeide/plugins/com.st.stm32cube.ide.mcu.externaltools.gnu-tools-for-stm32.10.3-2021.10.win32_1.0.200.202301161003/tools/bin/../lib/gcc/arm-none-eabi/10.3.1/../../../../arm-none-eabi/lib/thumb/v7e-m+fp/hard\libc_nano.a(lib_a-errno.o)
                              ./Core/Src/syscalls.o (__errno)
c:/st/stm32cubeide_1.12.0/stm32cubeide/plugins/com.st.stm32cube.ide.mcu.externaltools.gnu-tools-for-stm32.10.3-2021.10.win32_1.0.200.202301161003/tools/bin/../lib/gcc/arm-none-eabi/10.3.1/../../../../arm-none-eabi/lib/thumb/v7e-m+fp/hard\libc_nano.a(lib_a-exit.o)
                              c:/st/stm32cubeide_1.12.0/stm32cubeide/plugins/com.st.stm32cube.ide.mcu.externaltools.gnu-tools-for-stm32.10.3-2021.10.win32_1.0.200.202301161003/tools/bin/../lib/gcc/arm-none-eabi/10.3.1/../../../../arm-none-eabi/lib/thumb/v7e-m+fp/hard/crt0.o (exit)
c:/st/stm32cubeide_1.12.0/stm32cubeide/plugins/com.st.stm32cube.ide.mcu.externaltools.gnu-tools-for-stm32.10.3-2021.10.win32_1.0.200.202301161003/tools/bin/../lib/gcc/arm-none-eabi/10.3.1/../../../../arm-none-eabi/lib/thumb/v7e-m+fp/hard\libc_nano.a(lib_a-impure.o)
                              c:/st/stm32cubeide_1.12.0/stm32cubeide/plugins/com.st.stm32cube.ide.mcu.externaltools.gnu-tools-for-stm32.10.3-2021.10.win32_1.0.200.202301161003/tools/bin/../lib/gcc/arm-none-eabi/10.3.1/../../../../arm-none-eabi/lib/thumb/v7e-m+fp/hard\libc_nano.a(lib_a-exit.o) (_global_impure_ptr)
c:/st/stm32cubeide_1.12.0/stm32cubeide/plugins/com.st.stm32cube.ide.mcu.externaltools.gnu-tools-for-stm32.10.3-2021.10.win32_1.0.200.202301161003/tools/bin/../lib/gcc/arm-none-eabi/10.3.1/../../../../arm-none-eabi/lib/thumb/v7e-m+fp/hard\libc_nano.a(lib_a-init.o)
                              c:/st/stm32cubeide_1.12.0/stm32cubeide/plugins/com.st.stm32cube.ide.mcu.externaltools.gnu-tools-for-stm32.10.3-2021.10.win32_1.0.200.202301161003/tools/bin/../lib/gcc/arm-none-eabi/10.3.1/../../../../arm-none-eabi/lib/thumb/v7e-m+fp/hard/crt0.o (__libc_init_array)
c:/st/stm32cubeide_1.12.0/stm32cubeide/plugins/com.st.stm32cube.ide.mcu.externaltools.gnu-tools-for-stm32.10.3-2021.10.win32_1.0.200.202301161003/tools/bin/../lib/gcc/arm-none-eabi/10.3.1/../../../../arm-none-eabi/lib/thumb/v7e-m+fp/hard\libc_nano.a(lib_a-memset.o)
                              c:/st/stm32cubeide_1.12.0/stm32cubeide/plugins/com.st.stm32cube.ide.mcu.externaltools.gnu-tools-for-stm32.10.3-2021.10.win32_1.0.200.202301161003/tools/bin/../lib/gcc/arm-none-eabi/10.3.1/../../../../arm-none-eabi/lib/thumb/v7e-m+fp/hard/crt0.o (memset)
c:/st/stm32cubeide_1.12.0/stm32cubeide/plugins/com.st.stm32cube.ide.mcu.externaltools.gnu-tools-for-stm32.10.3-2021.10.win32_1.0.200.202301161003/tools/bin/../lib/gcc/arm-none-eabi/10.3.1/../../../../arm-none-eabi/lib/thumb/v7e-m+fp/hard\libc_nano.a(lib_a-rand.o)
                              ./Core/Src/visEffect.o (rand)
c:/st/stm32cubeide_1.12.0/stm32cubeide/plugins/com.st.stm32cube.ide.mcu.externaltools.gnu-tools-for-stm32.10.3-2021.10.win32_1.0.200.202301161003/tools/bin/../lib/gcc/arm-none-eabi/10.3.1/../../../../arm-none-eabi/lib/thumb/v7e-m+fp/hard\libc_nano.a(lib_a-sprintf.o)
                              ./Core/Src/irDecoder.o (sprintf)
c:/st/stm32cubeide_1.12.0/stm32cubeide/plugins/com.st.stm32cube.ide.mcu.externaltools.gnu-tools-for-stm32.10.3-2021.10.win32_1.0.200.202301161003/tools/bin/../lib/gcc/arm-none-eabi/10.3.1/../../../../arm-none-eabi/lib/thumb/v7e-m+fp/hard\libc_nano.a(lib_a-strlen.o)
                              ./Core/Src/main.o (strlen)
c:/st/stm32cubeide_1.12.0/stm32cubeide/plugins/com.st.stm32cube.ide.mcu.externaltools.gnu-tools-for-stm32.10.3-2021.10.win32_1.0.200.202301161003/tools/bin/../lib/gcc/arm-none-eabi/10.3.1/../../../../arm-none-eabi/lib/thumb/v7e-m+fp/hard\libc_nano.a(lib_a-assert.o)
                              c:/st/stm32cubeide_1.12.0/stm32cubeide/plugins/com.st.stm32cube.ide.mcu.externaltools.gnu-tools-for-stm32.10.3-2021.10.win32_1.0.200.202301161003/tools/bin/../lib/gcc/arm-none-eabi/10.3.1/../../../../arm-none-eabi/lib/thumb/v7e-m+fp/hard\libc_nano.a(lib_a-rand.o) (__assert_func)
c:/st/stm32cubeide_1.12.0/stm32cubeide/plugins/com.st.stm32cube.ide.mcu.externaltools.gnu-tools-for-stm32.10.3-2021.10.win32_1.0.200.202301161003/tools/bin/../lib/gcc/arm-none-eabi/10.3.1/../../../../arm-none-eabi/lib/thumb/v7e-m+fp/hard\libc_nano.a(lib_a-fprintf.o)
                              c:/st/stm32cubeide_1.12.0/stm32cubeide/plugins/com.st.stm32cube.ide.mcu.externaltools.gnu-tools-for-stm32.10.3-2021.10.win32_1.0.200.202301161003/tools/bin/../lib/gcc/arm-none-eabi/10.3.1/../../../../arm-none-eabi/lib/thumb/v7e-m+fp/hard\libc_nano.a(lib_a-assert.o) (fiprintf)
[...]
Memory Configuration

Name             Origin             Length             Attributes
CCMRAM           0x0000000010000000 0x0000000000010000 xrw
RAM              0x0000000020000000 0x0000000000020000 xrw
FLASH            0x0000000008000000 0x0000000000080000 xr
*default*        0x0000000000000000 0xffffffffffffffff

Linker script and memory map

LOAD c:/st/stm32cubeide_1.12.0/stm32cubeide/plugins/com.st.stm32cube.ide.mcu.externaltools.gnu-tools-for-stm32.10.3-2021.10.win32_1.0.200.202301161003/tools/bin/../lib/gcc/arm-none-eabi/10.3.1/thumb/v7e-m+fp/hard/crti.o
LOAD c:/st/stm32cubeide_1.12.0/stm32cubeide/plugins/com.st.stm32cube.ide.mcu.externaltools.gnu-tools-for-stm32.10.3-2021.10.win32_1.0.200.202301161003/tools/bin/../lib/gcc/arm-none-eabi/10.3.1/thumb/v7e-m+fp/hard/crtbegin.o
LOAD c:/st/stm32cubeide_1.12.0/stm32cubeide/plugins/com.st.stm32cube.ide.mcu.externaltools.gnu-tools-for-stm32.10.3-2021.10.win32_1.0.200.202301161003/tools/bin/../lib/gcc/arm-none-eabi/10.3.1/../../../../arm-none-eabi/lib/thumb/v7e-m+fp/hard/crt0.o
LOAD ./Core/Src/irDecoder.o
LOAD ./Core/Src/ledEffects.o
LOAD ./Core/Src/main.o
LOAD ./Core/Src/nonvmem.o
LOAD ./Core/Src/stm32f4xx_hal_msp.o
LOAD ./Core/Src/stm32f4xx_it.o
LOAD ./Core/Src/syscalls.o
LOAD ./Core/Src/sysmem.o
LOAD ./Core/Src/system_stm32f4xx.o
LOAD ./Core/Src/visEffect.o
LOAD ./Core/Src/ws2812b.o
LOAD ./Core/Startup/startup_stm32f407vetx.o
LOAD ./Drivers/STM32F4xx_HAL_Driver/Src/stm32f4xx_hal.o
LOAD ./Drivers/STM32F4xx_HAL_Driver/Src/stm32f4xx_hal_cortex.o
LOAD ./Drivers/STM32F4xx_HAL_Driver/Src/stm32f4xx_hal_dma.o
LOAD ./Drivers/STM32F4xx_HAL_Driver/Src/stm32f4xx_hal_dma_ex.o
LOAD ./Drivers/STM32F4xx_HAL_Driver/Src/stm32f4xx_hal_exti.o
LOAD ./Drivers/STM32F4xx_HAL_Driver/Src/stm32f4xx_hal_flash.o
LOAD ./Drivers/STM32F4xx_HAL_Driver/Src/stm32f4xx_hal_flash_ex.o
LOAD ./Drivers/STM32F4xx_HAL_Driver/Src/stm32f4xx_hal_flash_ramfunc.o
LOAD ./Drivers/STM32F4xx_HAL_Driver/Src/stm32f4xx_hal_gpio.o
LOAD ./Drivers/STM32F4xx_HAL_Driver/Src/stm32f4xx_hal_pwr.o
LOAD ./Drivers/STM32F4xx_HAL_Driver/Src/stm32f4xx_hal_pwr_ex.o
LOAD ./Drivers/STM32F4xx_HAL_Driver/Src/stm32f4xx_hal_rcc.o
LOAD ./Drivers/STM32F4xx_HAL_Driver/Src/stm32f4xx_hal_rcc_ex.o
LOAD ./Drivers/STM32F4xx_HAL_Driver/Src/stm32f4xx_hal_tim.o
LOAD ./Drivers/STM32F4xx_HAL_Driver/Src/stm32f4xx_hal_tim_ex.o
LOAD ./Drivers/STM32F4xx_HAL_Driver/Src/stm32f4xx_hal_uart.o
START GROUP
LOAD c:/st/stm32cubeide_1.12.0/stm32cubeide/plugins/com.st.stm32cube.ide.mcu.externaltools.gnu-tools-for-stm32.10.3-2021.10.win32_1.0.200.202301161003/tools/bin/../lib/gcc/arm-none-eabi/10.3.1/../../../../arm-none-eabi/lib/thumb/v7e-m+fp/hard\libc_nano.a
LOAD c:/st/stm32cubeide_1.12.0/stm32cubeide/plugins/com.st.stm32cube.ide.mcu.externaltools.gnu-tools-for-stm32.10.3-2021.10.win32_1.0.200.202301161003/tools/bin/../lib/gcc/arm-none-eabi/10.3.1/../../../../arm-none-eabi/lib/thumb/v7e-m+fp/hard\libm.a
END GROUP
START GROUP
LOAD c:/st/stm32cubeide_1.12.0/stm32cubeide/plugins/com.st.stm32cube.ide.mcu.externaltools.gnu-tools-for-stm32.10.3-2021.10.win32_1.0.200.202301161003/tools/bin/../lib/gcc/arm-none-eabi/10.3.1/thumb/v7e-m+fp/hard\libgcc.a
LOAD c:/st/stm32cubeide_1.12.0/stm32cubeide/plugins/com.st.stm32cube.ide.mcu.externaltools.gnu-tools-for-stm32.10.3-2021.10.win32_1.0.200.202301161003/tools/bin/../lib/gcc/arm-none-eabi/10.3.1/../../../../arm-none-eabi/lib/thumb/v7e-m+fp/hard\libc_nano.a
END GROUP
START GROUP
LOAD c:/st/stm32cubeide_1.12.0/stm32cubeide/plugins/com.st.stm32cube.ide.mcu.externaltools.gnu-tools-for-stm32.10.3-2021.10.win32_1.0.200.202301161003/tools/bin/../lib/gcc/arm-none-eabi/10.3.1/thumb/v7e-m+fp/hard\libgcc.a
LOAD c:/st/stm32cubeide_1.12.0/stm32cubeide/plugins/com.st.stm32cube.ide.mcu.externaltools.gnu-tools-for-stm32.10.3-2021.10.win32_1.0.200.202301161003/tools/bin/../lib/gcc/arm-none-eabi/10.3.1/../../../../arm-none-eabi/lib/thumb/v7e-m+fp/hard\libc_nano.a
LOAD c:/st/stm32cubeide_1.12.0/stm32cubeide/plugins/com.st.stm32cube.ide.mcu.externaltools.gnu-tools-for-stm32.10.3-2021.10.win32_1.0.200.202301161003/tools/bin/../lib/gcc/arm-none-eabi/10.3.1/../../../../arm-none-eabi/lib/thumb/v7e-m+fp/hard\libnosys.a
END GROUP
START GROUP
LOAD c:/st/stm32cubeide_1.12.0/stm32cubeide/plugins/com.st.stm32cube.ide.mcu.externaltools.gnu-tools-for-stm32.10.3-2021.10.win32_1.0.200.202301161003/tools/bin/../lib/gcc/arm-none-eabi/10.3.1/thumb/v7e-m+fp/hard\libgcc.a
LOAD c:/st/stm32cubeide_1.12.0/stm32cubeide/plugins/com.st.stm32cube.ide.mcu.externaltools.gnu-tools-for-stm32.10.3-2021.10.win32_1.0.200.202301161003/tools/bin/../lib/gcc/arm-none-eabi/10.3.1/../../../../arm-none-eabi/lib/thumb/v7e-m+fp/hard\libc_nano.a
LOAD c:/st/stm32cubeide_1.12.0/stm32cubeide/plugins/com.st.stm32cube.ide.mcu.externaltools.gnu-tools-for-stm32.10.3-2021.10.win32_1.0.200.202301161003/tools/bin/../lib/gcc/arm-none-eabi/10.3.1/../../../../arm-none-eabi/lib/thumb/v7e-m+fp/hard\libnosys.a
END GROUP
LOAD c:/st/stm32cubeide_1.12.0/stm32cubeide/plugins/com.st.stm32cube.ide.mcu.externaltools.gnu-tools-for-stm32.10.3-2021.10.win32_1.0.200.202301161003/tools/bin/../lib/gcc/arm-none-eabi/10.3.1/thumb/v7e-m+fp/hard/crtend.o
LOAD c:/st/stm32cubeide_1.12.0/stm32cubeide/plugins/com.st.stm32cube.ide.mcu.externaltools.gnu-tools-for-stm32.10.3-2021.10.win32_1.0.200.202301161003/tools/bin/../lib/gcc/arm-none-eabi/10.3.1/thumb/v7e-m+fp/hard/crtn.o
                0x0000000020020000                _estack = (ORIGIN (RAM) + LENGTH (RAM))
                0x0000000000000200                _Min_Heap_Size = 0x200
                0x0000000000000400                _Min_Stack_Size = 0x400

.isr_vector     0x0000000008000000      0x188
                0x0000000008000000                . = ALIGN (0x4)
 *(.isr_vector)
 .isr_vector    0x0000000008000000      0x188 ./Core/Startup/startup_stm32f407vetx.o
                0x0000000008000000                g_pfnVectors
                0x0000000008000188                . = ALIGN (0x4)

.text           0x0000000008000190     0x75e8
                0x0000000008000190                . = ALIGN (0x4)
 *(.text)
 .text          0x0000000008000190       0x40 c:/st/stm32cubeide_1.12.0/stm32cubeide/plugins/com.st.stm32cube.ide.mcu.externaltools.gnu-tools-for-stm32.10.3-2021.10.win32_1.0.200.202301161003/tools/bin/../lib/gcc/arm-none-eabi/10.3.1/thumb/v7e-m+fp/hard/crtbegin.o
 .text          0x00000000080001d0       0x10 c:/st/stm32cubeide_1.12.0/stm32cubeide/plugins/com.st.stm32cube.ide.mcu.externaltools.gnu-tools-for-stm32.10.3-2021.10.win32_1.0.200.202301161003/tools/bin/../lib/gcc/arm-none-eabi/10.3.1/../../../../arm-none-eabi/lib/thumb/v7e-m+fp/hard\libc_nano.a(lib_a-strlen.o)
                0x00000000080001d0                strlen
 .text          0x00000000080001e0       0xa0 c:/st/stm32cubeide_1.12.0/stm32cubeide/plugins/com.st.stm32cube.ide.mcu.externaltools.gnu-tools-for-stm32.10.3-2021.10.win32_1.0.200.202301161003/tools/bin/../lib/gcc/arm-none-eabi/10.3.1/../../../../arm-none-eabi/lib/thumb/v7e-m+fp/hard\libc_nano.a(lib_a-memchr.o)
                0x00000000080001e0                memchr
 .text          0x0000000008000280       0x30 c:/st/stm32cubeide_1.12.0/stm32cubeide/plugins/com.st.stm32cube.ide.mcu.externaltools.gnu-tools-for-stm32.10.3-2021.10.win32_1.0.200.202301161003/tools/bin/../lib/gcc/arm-none-eabi/10.3.1/thumb/v7e-m+fp/hard\libgcc.a(_aeabi_uldivmod.o)
                0x0000000008000280                __aeabi_uldivmod
 .text          0x00000000080002b0      0x2d0 c:/st/stm32cubeide_1.12.0/stm32cubeide/plugins/com.st.stm32cube.ide.mcu.externaltools.gnu-tools-for-stm32.10.3-2021.10.win32_1.0.200.202301161003/tools/bin/../lib/gcc/arm-none-eabi/10.3.1/thumb/v7e-m+fp/hard\libgcc.a(_udivmoddi4.o)
                0x00000000080002b0                __udivmoddi4
 .text          0x0000000008000580        0x4 c:/st/stm32cubeide_1.12.0/stm32cubeide/plugins/com.st.stm32cube.ide.mcu.externaltools.gnu-tools-for-stm32.10.3-2021.10.win32_1.0.200.202301161003/tools/bin/../lib/gcc/arm-none-eabi/10.3.1/thumb/v7e-m+fp/hard\libgcc.a(_dvmd_tls.o)
                0x0000000008000580                __aeabi_idiv0
                0x0000000008000580                __aeabi_ldiv0
 *(.text*)
 .text.irSetup  0x0000000008000584       0x30 ./Core/Src/irDecoder.o
                0x0000000008000584                irSetup
 .text.irHandle
                0x00000000080005b4      0x1b4 ./Core/Src/irDecoder.o
                0x00000000080005b4                irHandle
 .text.irIRQ    0x0000000008000768       0xb0 ./Core/Src/irDecoder.o
                0x0000000008000768                irIRQ
 .text.effectsLoop
                0x0000000008000818       0x90 ./Core/Src/ledEffects.o
                0x0000000008000818                effectsLoop
 .text.handleEffects
                0x00000000080008a8       0x88 ./Core/Src/ledEffects.o
                0x00000000080008a8                handleEffects
 .text.setAllBlack
                0x0000000008000930       0x54 ./Core/Src/ledEffects.o
                0x0000000008000930                setAllBlack
 .text.setBlack
                0x0000000008000984       0x48 ./Core/Src/ledEffects.o
                0x0000000008000984                setBlack
 .text.calcRainbow
                0x00000000080009cc       0xcc ./Core/Src/ledEffects.o
                0x00000000080009cc                calcRainbow
 .text.Wheel    0x0000000008000a98       0x7c ./Core/Src/ledEffects.o
                0x0000000008000a98                Wheel
 .text.HAL_TIM_IC_CaptureCallback
                0x0000000008000b14       0x14 ./Core/Src/main.o
                0x0000000008000b14                HAL_TIM_IC_CaptureCallback
 .text.HAL_UARTEx_RxEventCallback
                0x0000000008000b28       0x70 ./Core/Src/main.o
                0x0000000008000b28                HAL_UARTEx_RxEventCallback
 .text.SendRoutinesOverUart
                0x0000000008000b98      0x1c0 ./Core/Src/main.o
                0x0000000008000b98                SendRoutinesOverUart
 .text.UartCheckReceived
                0x0000000008000d58      0x660 ./Core/Src/main.o
                0x0000000008000d58                UartCheckReceived
 .text.irCallback
                0x00000000080013b8       0x74 ./Core/Src/main.o
                0x00000000080013b8                irCallback
 .text.main     0x000000000800142c      0x134 ./Core/Src/main.o
                0x000000000800142c                main
 .text.SystemClock_Config
                0x0000000008001560       0xd4 ./Core/Src/main.o
                0x0000000008001560                SystemClock_Config
 .text.MX_TIM1_Init
                0x0000000008001634       0xa0 ./Core/Src/main.o
 .text.MX_TIM3_Init
                0x00000000080016d4       0xe0 ./Core/Src/main.o
 .text.MX_USART2_UART_Init
                0x00000000080017b4       0x54 ./Core/Src/main.o
 .text.MX_DMA_Init
                0x0000000008001808       0x40 ./Core/Src/main.o
 .text.MX_GPIO_Init
                0x0000000008001848       0x50 ./Core/Src/main.o
 .text.Error_Handler
                0x0000000008001898        0xa ./Core/Src/main.o
                0x0000000008001898                Error_Handler
 .text.purgeSaved
                0x00000000080018a2       0x38 ./Core/Src/nonvmem.o
                0x00000000080018a2                purgeSaved
 .text.save2DArr
                0x00000000080018da       0x70 ./Core/Src/nonvmem.o
                0x00000000080018da                save2DArr
 .text.read2DArr
                0x000000000800194a       0x74 ./Core/Src/nonvmem.o
                0x000000000800194a                read2DArr
 *fill*         0x00000000080019be        0x2 
 .text.saveMem  0x00000000080019c0      0x108 ./Core/Src/nonvmem.o
                0x00000000080019c0                saveMem
 .text.readMem  0x0000000008001ac8      0x114 ./Core/Src/nonvmem.o
                0x0000000008001ac8                readMem
 .text.HAL_MspInit
                0x0000000008001bdc       0x50 ./Core/Src/stm32f4xx_hal_msp.o
                0x0000000008001bdc                HAL_MspInit
 .text.HAL_TIM_Base_MspInit
                0x0000000008001c2c       0xcc ./Core/Src/stm32f4xx_hal_msp.o
                0x0000000008001c2c                HAL_TIM_Base_MspInit
 .text.HAL_UART_MspInit
                0x0000000008001cf8      0x104 ./Core/Src/stm32f4xx_hal_msp.o
                0x0000000008001cf8                HAL_UART_MspInit
 .text.NMI_Handler
                0x0000000008001dfc        0x6 ./Core/Src/stm32f4xx_it.o
                0x0000000008001dfc                NMI_Handler
 .text.HardFault_Handler
                0x0000000008001e02        0x6 ./Core/Src/stm32f4xx_it.o
                0x0000000008001e02                HardFault_Handler
 .text.MemManage_Handler
                0x0000000008001e08        0x6 ./Core/Src/stm32f4xx_it.o
                0x0000000008001e08                MemManage_Handler
 .text.BusFault_Handler
                0x0000000008001e0e        0x6 ./Core/Src/stm32f4xx_it.o
                0x0000000008001e0e                BusFault_Handler
 .text.UsageFault_Handler
                0x0000000008001e14        0x6 ./Core/Src/stm32f4xx_it.o
                0x0000000008001e14                UsageFault_Handler
 .text.SVC_Handler
                0x0000000008001e1a        0xe ./Core/Src/stm32f4xx_it.o
                0x0000000008001e1a                SVC_Handler
 .text.DebugMon_Handler
                0x0000000008001e28        0xe ./Core/Src/stm32f4xx_it.o
                0x0000000008001e28                DebugMon_Handler
 .text.PendSV_Handler
                0x0000000008001e36        0xe ./Core/Src/stm32f4xx_it.o
                0x0000000008001e36                PendSV_Handler
 .text.SysTick_Handler
                0x0000000008001e44        0xc ./Core/Src/stm32f4xx_it.o
                0x0000000008001e44                SysTick_Handler
 .text.DMA1_Stream5_IRQHandler
                0x0000000008001e50       0x14 ./Core/Src/stm32f4xx_it.o
                0x0000000008001e50                DMA1_Stream5_IRQHandler
 .text.TIM3_IRQHandler
                0x0000000008001e64       0x14 ./Core/Src/stm32f4xx_it.o
                0x0000000008001e64                TIM3_IRQHandler
 .text.USART2_IRQHandler
                0x0000000008001e78       0x14 ./Core/Src/stm32f4xx_it.o
                0x0000000008001e78                USART2_IRQHandler
 .text._sbrk    0x0000000008001e8c       0x6c ./Core/Src/sysmem.o
                0x0000000008001e8c                _sbrk
 .text.SystemInit
                0x0000000008001ef8       0x24 ./Core/Src/system_stm32f4xx.o
                0x0000000008001ef8                SystemInit
 .text.ws2812b_gpio_init
                0x0000000008001f1c       0x9c ./Core/Src/ws2812b.o
 .text.TIM1_init
                0x0000000008001fb8      0x184 ./Core/Src/ws2812b.o
 .text.DMA2_init
                0x000000000800213c      0x1dc ./Core/Src/ws2812b.o
 .text.loadNextFramebufferData
                0x0000000008002318       0x7c ./Core/Src/ws2812b.o
 .text.WS2812_sendbuf
                0x0000000008002394      0x200 ./Core/Src/ws2812b.o
 .text.DMA_TransferError
                0x0000000008002594       0x1e ./Core/Src/ws2812b.o
                0x0000000008002594                DMA_TransferError
 *fill*         0x00000000080025b2        0x2 
 .text.DMA_TransferHalfHandler
                0x00000000080025b4       0x60 ./Core/Src/ws2812b.o
                0x00000000080025b4                DMA_TransferHalfHandler
 .text.DMA_TransferCompleteHandler
                0x0000000008002614      0x138 ./Core/Src/ws2812b.o
                0x0000000008002614                DMA_TransferCompleteHandler
 .text.DMA2_Stream2_IRQHandler
                0x000000000800274c       0x24 ./Core/Src/ws2812b.o
                0x000000000800274c                DMA2_Stream2_IRQHandler
 .text.TIM1_UP_TIM10_IRQHandler
                0x0000000008002770       0x24 ./Core/Src/ws2812b.o
                0x0000000008002770                TIM1_UP_TIM10_IRQHandler
 .text.HAL_TIM_PeriodElapsedCallback
                0x0000000008002794       0x64 ./Core/Src/ws2812b.o
                0x0000000008002794                HAL_TIM_PeriodElapsedCallback
 .text.ws2812b_set_pixel
                0x00000000080027f8      0x194 ./Core/Src/ws2812b.o
 .text.ws2812b_init
                0x000000000800298c       0x20 ./Core/Src/ws2812b.o
                0x000000000800298c                ws2812b_init
 .text.ws2812b_handle
                0x00000000080029ac       0x24 ./Core/Src/ws2812b.o
                0x00000000080029ac                ws2812b_handle
 .text.Reset_Handler
                0x00000000080029d0       0x50 ./Core/Startup/startup_stm32f407vetx.o
                0x00000000080029d0                Reset_Handler
 .text.Default_Handler
                0x0000000008002a20        0x2 ./Core/Startup/startup_stm32f407vetx.o
                0x0000000008002a20                RTC_Alarm_IRQHandler
                0x0000000008002a20                HASH_RNG_IRQHandler
                0x0000000008002a20                EXTI2_IRQHandler
                0x0000000008002a20                TIM8_CC_IRQHandler
                0x0000000008002a20                TIM1_CC_IRQHandler
                0x0000000008002a20                DMA2_Stream5_IRQHandler
                0x0000000008002a20                PVD_IRQHandler
                0x0000000008002a20                SDIO_IRQHandler
                0x0000000008002a20                TAMP_STAMP_IRQHandler
                0x0000000008002a20                CAN2_RX1_IRQHandler
                0x0000000008002a20                EXTI3_IRQHandler
                0x0000000008002a20                TIM8_TRG_COM_TIM14_IRQHandler
                0x0000000008002a20                TIM8_UP_TIM13_IRQHandler
                0x0000000008002a20                I2C3_ER_IRQHandler
                0x0000000008002a20                EXTI0_IRQHandler
                0x0000000008002a20                I2C2_EV_IRQHandler
                0x0000000008002a20                DMA1_Stream2_IRQHandler
                0x0000000008002a20                CAN1_RX0_IRQHandler
                0x0000000008002a20                FPU_IRQHandler
                0x0000000008002a20                OTG_HS_WKUP_IRQHandler
                0x0000000008002a20                CAN2_SCE_IRQHandler
                0x0000000008002a20                SPI1_IRQHandler
                0x0000000008002a20                TIM6_DAC_IRQHandler
                0x0000000008002a20                TIM1_BRK_TIM9_IRQHandler
                0x0000000008002a20                DCMI_IRQHandler
                0x0000000008002a20                CAN2_RX0_IRQHandler
                0x0000000008002a20                DMA2_Stream3_IRQHandler
                0x0000000008002a20                USART6_IRQHandler
                0x0000000008002a20                USART3_IRQHandler
                0x0000000008002a20                CAN1_RX1_IRQHandler
                0x0000000008002a20                UART5_IRQHandler
                0x0000000008002a20                DMA2_Stream0_IRQHandler
                0x0000000008002a20                TIM4_IRQHandler
                0x0000000008002a20                I2C1_EV_IRQHandler
                0x0000000008002a20                DMA1_Stream6_IRQHandler
                0x0000000008002a20                DMA1_Stream1_IRQHandler
                0x0000000008002a20                UART4_IRQHandler
                0x0000000008002a20                RCC_IRQHandler
                0x0000000008002a20                TIM8_BRK_TIM12_IRQHandler
                0x0000000008002a20                Default_Handler
                0x0000000008002a20                EXTI15_10_IRQHandler
                0x0000000008002a20                ADC_IRQHandler
                0x0000000008002a20                DMA1_Stream7_IRQHandler
                0x0000000008002a20                TIM7_IRQHandler
                0x0000000008002a20                CAN2_TX_IRQHandler
                0x0000000008002a20                TIM5_IRQHandler
                0x0000000008002a20                DMA2_Stream7_IRQHandler
                0x0000000008002a20                I2C3_EV_IRQHandler
                0x0000000008002a20                EXTI9_5_IRQHandler
                0x0000000008002a20                RTC_WKUP_IRQHandler
                0x0000000008002a20                ETH_WKUP_IRQHandler
                0x0000000008002a20                SPI2_IRQHandler
                0x0000000008002a20                OTG_HS_EP1_IN_IRQHandler
                0x0000000008002a20                DMA1_Stream0_IRQHandler
                0x0000000008002a20                CAN1_TX_IRQHandler
                0x0000000008002a20                EXTI4_IRQHandler
                0x0000000008002a20                FSMC_IRQHandler
                0x0000000008002a20                ETH_IRQHandler
                0x0000000008002a20                OTG_HS_EP1_OUT_IRQHandler
                0x0000000008002a20                WWDG_IRQHandler
                0x0000000008002a20                TIM2_IRQHandler
                0x0000000008002a20                OTG_FS_WKUP_IRQHandler
                0x0000000008002a20                TIM1_TRG_COM_TIM11_IRQHandler
                0x0000000008002a20                OTG_HS_IRQHandler
                0x0000000008002a20                EXTI1_IRQHandler
                0x0000000008002a20                I2C2_ER_IRQHandler
                0x0000000008002a20                DMA2_Stream1_IRQHandler
                0x0000000008002a20                CAN1_SCE_IRQHandler
                0x0000000008002a20                FLASH_IRQHandler
                0x0000000008002a20                DMA2_Stream4_IRQHandler
                0x0000000008002a20                USART1_IRQHandler
                0x0000000008002a20                OTG_FS_IRQHandler
                0x0000000008002a20                SPI3_IRQHandler
                0x0000000008002a20                DMA1_Stream4_IRQHandler
                0x0000000008002a20                I2C1_ER_IRQHandler
                0x0000000008002a20                DMA2_Stream6_IRQHandler
                0x0000000008002a20                DMA1_Stream3_IRQHandler
 *fill*         0x0000000008002a22        0x2 
 .text.HAL_Init
                0x0000000008002a24       0x44 ./Drivers/STM32F4xx_HAL_Driver/Src/stm32f4xx_hal.o
                0x0000000008002a24                HAL_Init
 .text.HAL_InitTick
                0x0000000008002a68       0x60 ./Drivers/STM32F4xx_HAL_Driver/Src/stm32f4xx_hal.o
                0x0000000008002a68                HAL_InitTick
 .text.HAL_IncTick
                0x0000000008002ac8       0x28 ./Drivers/STM32F4xx_HAL_Driver/Src/stm32f4xx_hal.o
                0x0000000008002ac8                HAL_IncTick
 .text.HAL_GetTick
                0x0000000008002af0       0x18 ./Drivers/STM32F4xx_HAL_Driver/Src/stm32f4xx_hal.o
                0x0000000008002af0                HAL_GetTick
 .text.__NVIC_SetPriorityGrouping
                0x0000000008002b08       0x48 ./Drivers/STM32F4xx_HAL_Driver/Src/stm32f4xx_hal_cortex.o
 .text.__NVIC_GetPriorityGrouping
                0x0000000008002b50       0x1c ./Drivers/STM32F4xx_HAL_Driver/Src/stm32f4xx_hal_cortex.o
 .text.__NVIC_EnableIRQ
                0x0000000008002b6c       0x3c ./Drivers/STM32F4xx_HAL_Driver/Src/stm32f4xx_hal_cortex.o
 .text.__NVIC_SetPriority
                0x0000000008002ba8       0x54 ./Drivers/STM32F4xx_HAL_Driver/Src/stm32f4xx_hal_cortex.o
 .text.NVIC_EncodePriority
                0x0000000008002bfc       0x66 ./Drivers/STM32F4xx_HAL_Driver/Src/stm32f4xx_hal_cortex.o
 *fill*         0x0000000008002c62        0x2 
 .text.SysTick_Config
                0x0000000008002c64       0x44 ./Drivers/STM32F4xx_HAL_Driver/Src/stm32f4xx_hal_cortex.o
 .text.HAL_NVIC_SetPriorityGrouping
                0x0000000008002ca8       0x16 ./Drivers/STM32F4xx_HAL_Driver/Src/stm32f4xx_hal_cortex.o
                0x0000000008002ca8                HAL_NVIC_SetPriorityGrouping
 .text.HAL_NVIC_SetPriority
                0x0000000008002cbe       0x38 ./Drivers/STM32F4xx_HAL_Driver/Src/stm32f4xx_hal_cortex.o
                0x0000000008002cbe                HAL_NVIC_SetPriority
 .text.HAL_NVIC_EnableIRQ
                0x0000000008002cf6       0x1c ./Drivers/STM32F4xx_HAL_Driver/Src/stm32f4xx_hal_cortex.o
                0x0000000008002cf6                HAL_NVIC_EnableIRQ
 .text.HAL_SYSTICK_Config
                0x0000000008002d12       0x18 ./Drivers/STM32F4xx_HAL_Driver/Src/stm32f4xx_hal_cortex.o
                0x0000000008002d12                HAL_SYSTICK_Config
 *fill*         0x0000000008002d2a        0x2 
 .text.HAL_DMA_Init
                0x0000000008002d2c      0x15c ./Drivers/STM32F4xx_HAL_Driver/Src/stm32f4xx_hal_dma.o
                0x0000000008002d2c                HAL_DMA_Init
 .text.HAL_DMA_DeInit
                0x0000000008002e88       0xbc ./Drivers/STM32F4xx_HAL_Driver/Src/stm32f4xx_hal_dma.o
                0x0000000008002e88                HAL_DMA_DeInit
 .text.HAL_DMA_Start
                0x0000000008002f44       0x76 ./Drivers/STM32F4xx_HAL_Driver/Src/stm32f4xx_hal_dma.o
                0x0000000008002f44                HAL_DMA_Start
 .text.HAL_DMA_Start_IT
                0x0000000008002fba       0xb0 ./Drivers/STM32F4xx_HAL_Driver/Src/stm32f4xx_hal_dma.o
                0x0000000008002fba                HAL_DMA_Start_IT
 .text.HAL_DMA_Abort
                0x000000000800306a       0xe0 ./Drivers/STM32F4xx_HAL_Driver/Src/stm32f4xx_hal_dma.o
                0x000000000800306a                HAL_DMA_Abort
 .text.HAL_DMA_Abort_IT
                0x000000000800314a       0x44 ./Drivers/STM32F4xx_HAL_Driver/Src/stm32f4xx_hal_dma.o
                0x000000000800314a                HAL_DMA_Abort_IT
 *fill*         0x000000000800318e        0x2 
 .text.HAL_DMA_IRQHandler
                0x0000000008003190      0x314 ./Drivers/STM32F4xx_HAL_Driver/Src/stm32f4xx_hal_dma.o
                0x0000000008003190                HAL_DMA_IRQHandler
 .text.DMA_SetConfig
                0x00000000080034a4       0x5c ./Drivers/STM32F4xx_HAL_Driver/Src/stm32f4xx_hal_dma.o
 .text.DMA_CalcBaseAndBitshift
                0x0000000008003500       0x6c ./Drivers/STM32F4xx_HAL_Driver/Src/stm32f4xx_hal_dma.o
 .text.DMA_CheckFifoParam
                0x000000000800356c       0xf8 ./Drivers/STM32F4xx_HAL_Driver/Src/stm32f4xx_hal_dma.o
 .text.HAL_GPIO_Init
                0x0000000008003664      0x338 ./Drivers/STM32F4xx_HAL_Driver/Src/stm32f4xx_hal_gpio.o
                0x0000000008003664                HAL_GPIO_Init
 .text.HAL_RCC_OscConfig
                0x000000000800399c      0x4f0 ./Drivers/STM32F4xx_HAL_Driver/Src/stm32f4xx_hal_rcc.o
                0x000000000800399c                HAL_RCC_OscConfig
 .text.HAL_RCC_ClockConfig
                0x0000000008003e8c      0x1cc ./Drivers/STM32F4xx_HAL_Driver/Src/stm32f4xx_hal_rcc.o
                0x0000000008003e8c                HAL_RCC_ClockConfig
 .text.HAL_RCC_GetSysClockFreq
                0x0000000008004058      0x18c ./Drivers/STM32F4xx_HAL_Driver/Src/stm32f4xx_hal_rcc.o
                0x0000000008004058                HAL_RCC_GetSysClockFreq
 .text.HAL_RCC_GetHCLKFreq
                0x00000000080041e4       0x18 ./Drivers/STM32F4xx_HAL_Driver/Src/stm32f4xx_hal_rcc.o
                0x00000000080041e4                HAL_RCC_GetHCLKFreq
 .text.HAL_RCC_GetPCLK1Freq
                0x00000000080041fc       0x28 ./Drivers/STM32F4xx_HAL_Driver/Src/stm32f4xx_hal_rcc.o
                0x00000000080041fc                HAL_RCC_GetPCLK1Freq
 .text.HAL_RCC_GetPCLK2Freq
                0x0000000008004224       0x28 ./Drivers/STM32F4xx_HAL_Driver/Src/stm32f4xx_hal_rcc.o
                0x0000000008004224                HAL_RCC_GetPCLK2Freq
 .text.HAL_TIM_Base_Init
                0x000000000800424c       0x9e ./Drivers/STM32F4xx_HAL_Driver/Src/stm32f4xx_hal_tim.o
                0x000000000800424c                HAL_TIM_Base_Init
 *fill*         0x00000000080042ea        0x2 
 .text.HAL_TIM_Base_Start
                0x00000000080042ec       0xd0 ./Drivers/STM32F4xx_HAL_Driver/Src/stm32f4xx_hal_tim.o
                0x00000000080042ec                HAL_TIM_Base_Start
 .text.HAL_TIM_PWM_Init
                0x00000000080043bc       0x9e ./Drivers/STM32F4xx_HAL_Driver/Src/stm32f4xx_hal_tim.o
                0x00000000080043bc                HAL_TIM_PWM_Init
 .text.HAL_TIM_PWM_MspInit
                0x000000000800445a       0x14 ./Drivers/STM32F4xx_HAL_Driver/Src/stm32f4xx_hal_tim.o
                0x000000000800445a                HAL_TIM_PWM_MspInit
 *fill*         0x000000000800446e        0x2 
 .text.HAL_TIM_PWM_Start
                0x0000000008004470      0x190 ./Drivers/STM32F4xx_HAL_Driver/Src/stm32f4xx_hal_tim.o
                0x0000000008004470                HAL_TIM_PWM_Start
 .text.HAL_TIM_IC_Init
                0x0000000008004600       0x9e ./Drivers/STM32F4xx_HAL_Driver/Src/stm32f4xx_hal_tim.o
                0x0000000008004600                HAL_TIM_IC_Init
 .text.HAL_TIM_IC_MspInit
                0x000000000800469e       0x14 ./Drivers/STM32F4xx_HAL_Driver/Src/stm32f4xx_hal_tim.o
                0x000000000800469e                HAL_TIM_IC_MspInit
 *fill*         0x00000000080046b2        0x2 
 .text.HAL_TIM_IC_Start_IT
                0x00000000080046b4      0x250 ./Drivers/STM32F4xx_HAL_Driver/Src/stm32f4xx_hal_tim.o
                0x00000000080046b4                HAL_TIM_IC_Start_IT
 .text.HAL_TIM_IRQHandler
                0x0000000008004904      0x210 ./Drivers/STM32F4xx_HAL_Driver/Src/stm32f4xx_hal_tim.o
                0x0000000008004904                HAL_TIM_IRQHandler
 .text.HAL_TIM_IC_ConfigChannel
                0x0000000008004b14      0x138 ./Drivers/STM32F4xx_HAL_Driver/Src/stm32f4xx_hal_tim.o
                0x0000000008004b14                HAL_TIM_IC_ConfigChannel
 .text.HAL_TIM_PWM_ConfigChannel
                0x0000000008004c4c      0x184 ./Drivers/STM32F4xx_HAL_Driver/Src/stm32f4xx_hal_tim.o
                0x0000000008004c4c                HAL_TIM_PWM_ConfigChannel
 .text.HAL_TIM_ConfigClockSource
                0x0000000008004dd0      0x18e ./Drivers/STM32F4xx_HAL_Driver/Src/stm32f4xx_hal_tim.o
                0x0000000008004dd0                HAL_TIM_ConfigClockSource
 *fill*         0x0000000008004f5e        0x2 
 .text.HAL_TIM_ReadCapturedValue
                0x0000000008004f60       0x88 ./Drivers/STM32F4xx_HAL_Driver/Src/stm32f4xx_hal_tim.o
                0x0000000008004f60                HAL_TIM_ReadCapturedValue
 .text.HAL_TIM_OC_DelayElapsedCallback
                0x0000000008004fe8       0x14 ./Drivers/STM32F4xx_HAL_Driver/Src/stm32f4xx_hal_tim.o
                0x0000000008004fe8                HAL_TIM_OC_DelayElapsedCallback
 .text.HAL_TIM_PWM_PulseFinishedCallback
                0x0000000008004ffc       0x14 ./Drivers/STM32F4xx_HAL_Driver/Src/stm32f4xx_hal_tim.o
                0x0000000008004ffc                HAL_TIM_PWM_PulseFinishedCallback
 .text.HAL_TIM_TriggerCallback
                0x0000000008005010       0x14 ./Drivers/STM32F4xx_HAL_Driver/Src/stm32f4xx_hal_tim.o
                0x0000000008005010                HAL_TIM_TriggerCallback
 .text.TIM_Base_SetConfig
                0x0000000008005024      0x140 ./Drivers/STM32F4xx_HAL_Driver/Src/stm32f4xx_hal_tim.o
                0x0000000008005024                TIM_Base_SetConfig
 .text.TIM_OC1_SetConfig
                0x0000000008005164       0xe0 ./Drivers/STM32F4xx_HAL_Driver/Src/stm32f4xx_hal_tim.o
 .text.TIM_OC2_SetConfig
                0x0000000008005244       0xec ./Drivers/STM32F4xx_HAL_Driver/Src/stm32f4xx_hal_tim.o
                0x0000000008005244                TIM_OC2_SetConfig
 .text.TIM_OC3_SetConfig
                0x0000000008005330       0xe8 ./Drivers/STM32F4xx_HAL_Driver/Src/stm32f4xx_hal_tim.o
 .text.TIM_OC4_SetConfig
                0x0000000008005418       0xac ./Drivers/STM32F4xx_HAL_Driver/Src/stm32f4xx_hal_tim.o
 .text.TIM_TI1_SetConfig
                0x00000000080054c4       0xe8 ./Drivers/STM32F4xx_HAL_Driver/Src/stm32f4xx_hal_tim.o
                0x00000000080054c4                TIM_TI1_SetConfig
 .text.TIM_TI1_ConfigInputStage
                0x00000000080055ac       0x5e ./Drivers/STM32F4xx_HAL_Driver/Src/stm32f4xx_hal_tim.o
 .text.TIM_TI2_SetConfig
                0x000000000800560a       0x7a ./Drivers/STM32F4xx_HAL_Driver/Src/stm32f4xx_hal_tim.o
 .text.TIM_TI2_ConfigInputStage
                0x0000000008005684       0x60 ./Drivers/STM32F4xx_HAL_Driver/Src/stm32f4xx_hal_tim.o
 .text.TIM_TI3_SetConfig
                0x00000000080056e4       0x78 ./Drivers/STM32F4xx_HAL_Driver/Src/stm32f4xx_hal_tim.o
 .text.TIM_TI4_SetConfig
                0x000000000800575c       0x7a ./Drivers/STM32F4xx_HAL_Driver/Src/stm32f4xx_hal_tim.o
 .text.TIM_ITRx_SetConfig
                0x00000000080057d6       0x36 ./Drivers/STM32F4xx_HAL_Driver/Src/stm32f4xx_hal_tim.o
 .text.TIM_ETR_SetConfig
                0x000000000800580c       0x40 ./Drivers/STM32F4xx_HAL_Driver/Src/stm32f4xx_hal_tim.o
                0x000000000800580c                TIM_ETR_SetConfig
 .text.TIM_CCxChannelCmd
                0x000000000800584c       0x4a ./Drivers/STM32F4xx_HAL_Driver/Src/stm32f4xx_hal_tim.o
                0x000000000800584c                TIM_CCxChannelCmd
 *fill*         0x0000000008005896        0x2 
 .text.HAL_TIMEx_MasterConfigSynchronization
                0x0000000008005898       0xf8 ./Drivers/STM32F4xx_HAL_Driver/Src/stm32f4xx_hal_tim_ex.o
                0x0000000008005898                HAL_TIMEx_MasterConfigSynchronization
 .text.HAL_TIMEx_CommutCallback
                0x0000000008005990       0x14 ./Drivers/STM32F4xx_HAL_Driver/Src/stm32f4xx_hal_tim_ex.o
                0x0000000008005990                HAL_TIMEx_CommutCallback
 .text.HAL_TIMEx_BreakCallback
                0x00000000080059a4       0x14 ./Drivers/STM32F4xx_HAL_Driver/Src/stm32f4xx_hal_tim_ex.o
                0x00000000080059a4                HAL_TIMEx_BreakCallback
 .text.HAL_UART_Init
                0x00000000080059b8       0x9a ./Drivers/STM32F4xx_HAL_Driver/Src/stm32f4xx_hal_uart.o
                0x00000000080059b8                HAL_UART_Init
 .text.HAL_UART_Transmit
                0x0000000008005a52      0x124 ./Drivers/STM32F4xx_HAL_Driver/Src/stm32f4xx_hal_uart.o
                0x0000000008005a52                HAL_UART_Transmit
 .text.HAL_UARTEx_ReceiveToIdle_DMA
                0x0000000008005b76       0xca ./Drivers/STM32F4xx_HAL_Driver/Src/stm32f4xx_hal_uart.o
                0x0000000008005b76                HAL_UARTEx_ReceiveToIdle_DMA
 .text.HAL_UART_IRQHandler
                0x0000000008005c40      0x51c ./Drivers/STM32F4xx_HAL_Driver/Src/stm32f4xx_hal_uart.o
                0x0000000008005c40                HAL_UART_IRQHandler
 .text.HAL_UART_TxCpltCallback
                0x000000000800615c       0x14 ./Drivers/STM32F4xx_HAL_Driver/Src/stm32f4xx_hal_uart.o
                0x000000000800615c                HAL_UART_TxCpltCallback
 .text.HAL_UART_RxCpltCallback
                0x0000000008006170       0x14 ./Drivers/STM32F4xx_HAL_Driver/Src/stm32f4xx_hal_uart.o
                0x0000000008006170                HAL_UART_RxCpltCallback
 .text.HAL_UART_RxHalfCpltCallback
                0x0000000008006184       0x14 ./Drivers/STM32F4xx_HAL_Driver/Src/stm32f4xx_hal_uart.o
                0x0000000008006184                HAL_UART_RxHalfCpltCallback
 .text.HAL_UART_ErrorCallback
                0x0000000008006198       0x14 ./Drivers/STM32F4xx_HAL_Driver/Src/stm32f4xx_hal_uart.o
                0x0000000008006198                HAL_UART_ErrorCallback
 .text.UART_DMAReceiveCplt
                0x00000000080061ac      0x126 ./Drivers/STM32F4xx_HAL_Driver/Src/stm32f4xx_hal_uart.o
 .text.UART_DMARxHalfCplt
                0x00000000080062d2       0x36 ./Drivers/STM32F4xx_HAL_Driver/Src/stm32f4xx_hal_uart.o
 .text.UART_DMAError
                0x0000000008006308       0x94 ./Drivers/STM32F4xx_HAL_Driver/Src/stm32f4xx_hal_uart.o
 .text.UART_WaitOnFlagUntilTimeout
                0x000000000800639c       0xdc ./Drivers/STM32F4xx_HAL_Driver/Src/stm32f4xx_hal_uart.o
 .text.UART_Start_Receive_DMA
                0x0000000008006478      0x13c ./Drivers/STM32F4xx_HAL_Driver/Src/stm32f4xx_hal_uart.o
                0x0000000008006478                UART_Start_Receive_DMA
 .text.UART_EndTxTransfer
                0x00000000080065b4       0x50 ./Drivers/STM32F4xx_HAL_Driver/Src/stm32f4xx_hal_uart.o
 .text.UART_EndRxTransfer
                0x0000000008006604       0xc6 ./Drivers/STM32F4xx_HAL_Driver/Src/stm32f4xx_hal_uart.o
 .text.UART_DMAAbortOnError
                0x00000000080066ca       0x28 ./Drivers/STM32F4xx_HAL_Driver/Src/stm32f4xx_hal_uart.o
 .text.UART_Transmit_IT
                0x00000000080066f2       0xa0 ./Drivers/STM32F4xx_HAL_Driver/Src/stm32f4xx_hal_uart.o
 .text.UART_EndTransmit_IT
                0x0000000008006792       0x30 ./Drivers/STM32F4xx_HAL_Driver/Src/stm32f4xx_hal_uart.o
 .text.UART_Receive_IT
                0x00000000080067c2      0x176 ./Drivers/STM32F4xx_HAL_Driver/Src/stm32f4xx_hal_uart.o
 .text.UART_SetConfig
                0x0000000008006938      0x4e8 ./Drivers/STM32F4xx_HAL_Driver/Src/stm32f4xx_hal_uart.o
 .text.__errno  0x0000000008006e20        0xc c:/st/stm32cubeide_1.12.0/stm32cubeide/plugins/com.st.stm32cube.ide.mcu.externaltools.gnu-tools-for-stm32.10.3-2021.10.win32_1.0.200.202301161003/tools/bin/../lib/gcc/arm-none-eabi/10.3.1/../../../../arm-none-eabi/lib/thumb/v7e-m+fp/hard\libc_nano.a(lib_a-errno.o)
                0x0000000008006e20                __errno
 .text.__libc_init_array
                0x0000000008006e2c       0x48 c:/st/stm32cubeide_1.12.0/stm32cubeide/plugins/com.st.stm32cube.ide.mcu.externaltools.gnu-tools-for-stm32.10.3-2021.10.win32_1.0.200.202301161003/tools/bin/../lib/gcc/arm-none-eabi/10.3.1/../../../../arm-none-eabi/lib/thumb/v7e-m+fp/hard\libc_nano.a(lib_a-init.o)
                0x0000000008006e2c                __libc_init_array
 .text.memset   0x0000000008006e74       0x10 c:/st/stm32cubeide_1.12.0/stm32cubeide/plugins/com.st.stm32cube.ide.mcu.externaltools.gnu-tools-for-stm32.10.3-2021.10.win32_1.0.200.202301161003/tools/bin/../lib/gcc/arm-none-eabi/10.3.1/../../../../arm-none-eabi/lib/thumb/v7e-m+fp/hard\libc_nano.a(lib_a-memset.o)
                0x0000000008006e74                memset
 .text.sprintf  0x0000000008006e84       0x40 c:/st/stm32cubeide_1.12.0/stm32cubeide/plugins/com.st.stm32cube.ide.mcu.externaltools.gnu-tools-for-stm32.10.3-2021.10.win32_1.0.200.202301161003/tools/bin/../lib/gcc/arm-none-eabi/10.3.1/../../../../arm-none-eabi/lib/thumb/v7e-m+fp/hard\libc_nano.a(lib_a-sprintf.o)
                0x0000000008006e84                siprintf
                0x0000000008006e84                sprintf
 .text._free_r  0x0000000008006ec4       0x98 c:/st/stm32cubeide_1.12.0/stm32cubeide/plugins/com.st.stm32cube.ide.mcu.externaltools.gnu-tools-for-stm32.10.3-2021.10.win32_1.0.200.202301161003/tools/bin/../lib/gcc/arm-none-eabi/10.3.1/../../../../arm-none-eabi/lib/thumb/v7e-m+fp/hard\libc_nano.a(lib_a-nano-freer.o)
                0x0000000008006ec4                _free_r
 .text.sbrk_aligned
                0x0000000008006f5c       0x40 c:/st/stm32cubeide_1.12.0/stm32cubeide/plugins/com.st.stm32cube.ide.mcu.externaltools.gnu-tools-for-stm32.10.3-2021.10.win32_1.0.200.202301161003/tools/bin/../lib/gcc/arm-none-eabi/10.3.1/../../../../arm-none-eabi/lib/thumb/v7e-m+fp/hard\libc_nano.a(lib_a-nano-mallocr.o)
 .text._malloc_r
                0x0000000008006f9c       0xe8 c:/st/stm32cubeide_1.12.0/stm32cubeide/plugins/com.st.stm32cube.ide.mcu.externaltools.gnu-tools-for-stm32.10.3-2021.10.win32_1.0.200.202301161003/tools/bin/../lib/gcc/arm-none-eabi/10.3.1/../../../../arm-none-eabi/lib/thumb/v7e-m+fp/hard\libc_nano.a(lib_a-nano-mallocr.o)
                0x0000000008006f9c                _malloc_r
 .text.__ssputs_r
                0x0000000008007084       0xb6 c:/st/stm32cubeide_1.12.0/stm32cubeide/plugins/com.st.stm32cube.ide.mcu.externaltools.gnu-tools-for-stm32.10.3-2021.10.win32_1.0.200.202301161003/tools/bin/../lib/gcc/arm-none-eabi/10.3.1/../../../../arm-none-eabi/lib/thumb/v7e-m+fp/hard\libc_nano.a(lib_a-nano-svfprintf.o)
                0x0000000008007084                __ssputs_r
 *fill*         0x000000000800713a        0x2 
 .text._svfprintf_r
                0x000000000800713c      0x200 c:/st/stm32cubeide_1.12.0/stm32cubeide/plugins/com.st.stm32cube.ide.mcu.externaltools.gnu-tools-for-stm32.10.3-2021.10.win32_1.0.200.202301161003/tools/bin/../lib/gcc/arm-none-eabi/10.3.1/../../../../arm-none-eabi/lib/thumb/v7e-m+fp/hard\libc_nano.a(lib_a-nano-svfprintf.o)
                0x000000000800713c                _svfiprintf_r
                0x000000000800713c                _svfprintf_r
 .text._printf_common
                0x000000000800733c       0xda c:/st/stm32cubeide_1.12.0/stm32cubeide/plugins/com.st.stm32cube.ide.mcu.externaltools.gnu-tools-for-stm32.10.3-2021.10.win32_1.0.200.202301161003/tools/bin/../lib/gcc/arm-none-eabi/10.3.1/../../../../arm-none-eabi/lib/thumb/v7e-m+fp/hard\libc_nano.a(lib_a-nano-vfprintf_i.o)
                0x000000000800733c                _printf_common
 *fill*         0x0000000008007416        0x2 
 .text._printf_i
                0x0000000008007418      0x24c c:/st/stm32cubeide_1.12.0/stm32cubeide/plugins/com.st.stm32cube.ide.mcu.externaltools.gnu-tools-for-stm32.10.3-2021.10.win32_1.0.200.202301161003/tools/bin/../lib/gcc/arm-none-eabi/10.3.1/../../../../arm-none-eabi/lib/thumb/v7e-m+fp/hard\libc_nano.a(lib_a-nano-vfprintf_i.o)
                0x0000000008007418                _printf_i
 .text._sbrk_r  0x0000000008007664       0x20 c:/st/stm32cubeide_1.12.0/stm32cubeide/plugins/com.st.stm32cube.ide.mcu.externaltools.gnu-tools-for-stm32.10.3-2021.10.win32_1.0.200.202301161003/tools/bin/../lib/gcc/arm-none-eabi/10.3.1/../../../../arm-none-eabi/lib/thumb/v7e-m+fp/hard\libc_nano.a(lib_a-sbrkr.o)
                0x0000000008007664                _sbrk_r
 .text.__retarget_lock_acquire_recursive
                0x0000000008007684        0x2 c:/st/stm32cubeide_1.12.0/stm32cubeide/plugins/com.st.stm32cube.ide.mcu.externaltools.gnu-tools-for-stm32.10.3-2021.10.win32_1.0.200.202301161003/tools/bin/../lib/gcc/arm-none-eabi/10.3.1/../../../../arm-none-eabi/lib/thumb/v7e-m+fp/hard\libc_nano.a(lib_a-lock.o)
                0x0000000008007684                __retarget_lock_acquire_recursive
 .text.__retarget_lock_release_recursive
                0x0000000008007686        0x2 c:/st/stm32cubeide_1.12.0/stm32cubeide/plugins/com.st.stm32cube.ide.mcu.externaltools.gnu-tools-for-stm32.10.3-2021.10.win32_1.0.200.202301161003/tools/bin/../lib/gcc/arm-none-eabi/10.3.1/../../../../arm-none-eabi/lib/thumb/v7e-m+fp/hard\libc_nano.a(lib_a-lock.o)
                0x0000000008007686                __retarget_lock_release_recursive
 .text.memcpy   0x0000000008007688       0x1c c:/st/stm32cubeide_1.12.0/stm32cubeide/plugins/com.st.stm32cube.ide.mcu.externaltools.gnu-tools-for-stm32.10.3-2021.10.win32_1.0.200.202301161003/tools/bin/../lib/gcc/arm-none-eabi/10.3.1/../../../../arm-none-eabi/lib/thumb/v7e-m+fp/hard\libc_nano.a(lib_a-memcpy-stub.o)
                0x0000000008007688                memcpy
 .text.memmove  0x00000000080076a4       0x34 c:/st/stm32cubeide_1.12.0/stm32cubeide/plugins/com.st.stm32cube.ide.mcu.externaltools.gnu-tools-for-stm32.10.3-2021.10.win32_1.0.200.202301161003/tools/bin/../lib/gcc/arm-none-eabi/10.3.1/../../../../arm-none-eabi/lib/thumb/v7e-m+fp/hard\libc_nano.a(lib_a-memmove.o)
                0x00000000080076a4                memmove
 .text.__malloc_lock
                0x00000000080076d8        0xc c:/st/stm32cubeide_1.12.0/stm32cubeide/plugins/com.st.stm32cube.ide.mcu.externaltools.gnu-tools-for-stm32.10.3-2021.10.win32_1.0.200.202301161003/tools/bin/../lib/gcc/arm-none-eabi/10.3.1/../../../../arm-none-eabi/lib/thumb/v7e-m+fp/hard\libc_nano.a(lib_a-mlock.o)
                0x00000000080076d8                __malloc_lock
 .text.__malloc_unlock
                0x00000000080076e4        0xc c:/st/stm32cubeide_1.12.0/stm32cubeide/plugins/com.st.stm32cube.ide.mcu.externaltools.gnu-tools-for-stm32.10.3-2021.10.win32_1.0.200.202301161003/tools/bin/../lib/gcc/arm-none-eabi/10.3.1/../../../../arm-none-eabi/lib/thumb/v7e-m+fp/hard\libc_nano.a(lib_a-mlock.o)
                0x00000000080076e4                __malloc_unlock
 .text._realloc_r
                0x00000000080076f0       0x5e c:/st/stm32cubeide_1.12.0/stm32cubeide/plugins/com.st.stm32cube.ide.mcu.externaltools.gnu-tools-for-stm32.10.3-2021.10.win32_1.0.200.202301161003/tools/bin/../lib/gcc/arm-none-eabi/10.3.1/../../../../arm-none-eabi/lib/thumb/v7e-m+fp/hard\libc_nano.a(lib_a-nano-reallocr.o)
                0x00000000080076f0                _realloc_r
 .text._malloc_usable_size_r
                0x000000000800774e       0x10 c:/st/stm32cubeide_1.12.0/stm32cubeide/plugins/com.st.stm32cube.ide.mcu.externaltools.gnu-tools-for-stm32.10.3-2021.10.win32_1.0.200.202301161003/tools/bin/../lib/gcc/arm-none-eabi/10.3.1/../../../../arm-none-eabi/lib/thumb/v7e-m+fp/hard\libc_nano.a(lib_a-nano-msizer.o)
                0x000000000800774e                _malloc_usable_size_r
 *(.glue_7)
 .glue_7        0x000000000800775e        0x0 linker stubs
 *(.glue_7t)
 .glue_7t       0x000000000800775e        0x0 linker stubs
 *(.eh_frame)
 *fill*         0x000000000800775e        0x2 
 .eh_frame      0x0000000008007760        0x0 c:/st/stm32cubeide_1.12.0/stm32cubeide/plugins/com.st.stm32cube.ide.mcu.externaltools.gnu-tools-for-stm32.10.3-2021.10.win32_1.0.200.202301161003/tools/bin/../lib/gcc/arm-none-eabi/10.3.1/thumb/v7e-m+fp/hard/crtbegin.o
 *(.init)
 .init          0x0000000008007760        0x4 c:/st/stm32cubeide_1.12.0/stm32cubeide/plugins/com.st.stm32cube.ide.mcu.externaltools.gnu-tools-for-stm32.10.3-2021.10.win32_1.0.200.202301161003/tools/bin/../lib/gcc/arm-none-eabi/10.3.1/thumb/v7e-m+fp/hard/crti.o
                0x0000000008007760                _init
 .init          0x0000000008007764        0x8 c:/st/stm32cubeide_1.12.0/stm32cubeide/plugins/com.st.stm32cube.ide.mcu.externaltools.gnu-tools-for-stm32.10.3-2021.10.win32_1.0.200.202301161003/tools/bin/../lib/gcc/arm-none-eabi/10.3.1/thumb/v7e-m+fp/hard/crtn.o
 *(.fini)
 .fini          0x000000000800776c        0x4 c:/st/stm32cubeide_1.12.0/stm32cubeide/plugins/com.st.stm32cube.ide.mcu.externaltools.gnu-tools-for-stm32.10.3-2021.10.win32_1.0.200.202301161003/tools/bin/../lib/gcc/arm-none-eabi/10.3.1/thumb/v7e-m+fp/hard/crti.o
                0x000000000800776c                _fini
 .fini          0x0000000008007770        0x8 c:/st/stm32cubeide_1.12.0/stm32cubeide/plugins/com.st.stm32cube.ide.mcu.externaltools.gnu-tools-for-stm32.10.3-2021.10.win32_1.0.200.202301161003/tools/bin/../lib/gcc/arm-none-eabi/10.3.1/thumb/v7e-m+fp/hard/crtn.o
                0x0000000008007778                . = ALIGN (0x4)
                0x0000000008007778                _etext = .

.vfp11_veneer   0x0000000008007778        0x0
 .vfp11_veneer  0x0000000008007778        0x0 linker stubs

.v4_bx          0x0000000008007778        0x0
 .v4_bx         0x0000000008007778        0x0 linker stubs

.iplt           0x0000000008007778        0x0
 .iplt          0x0000000008007778        0x0 c:/st/stm32cubeide_1.12.0/stm32cubeide/plugins/com.st.stm32cube.ide.mcu.externaltools.gnu-tools-for-stm32.10.3-2021.10.win32_1.0.200.202301161003/tools/bin/../lib/gcc/arm-none-eabi/10.3.1/thumb/v7e-m+fp/hard/crtbegin.o

.rodata         0x0000000008007778      0x254
                0x0000000008007778                . = ALIGN (0x4)
 *(.rodata)
 .rodata        0x0000000008007778        0xc ./Core/Src/irDecoder.o
 .rodata        0x0000000008007784       0x2d ./Core/Src/main.o
 *(.rodata*)
 *fill*         0x00000000080077b1        0x3 
 .rodata.UART_GET_IR_SENTENCE
                0x00000000080077b4        0x6 ./Core/Src/main.o
                0x00000000080077b4                UART_GET_IR_SENTENCE
 *fill*         0x00000000080077ba        0x2 
 .rodata.UART_GET_IR_RESPONSE
                0x00000000080077bc       0x10 ./Core/Src/main.o
                0x00000000080077bc                UART_GET_IR_RESPONSE
 .rodata.UART_ROUTINES_READ_SENTENCE
                0x00000000080077cc        0xd ./Core/Src/main.o
                0x00000000080077cc                UART_ROUTINES_READ_SENTENCE
 *fill*         0x00000000080077d9        0x3 
 .rodata.UART_ROUTINES_WRITE_SENTENCE
                0x00000000080077dc        0xe ./Core/Src/main.o
                0x00000000080077dc                UART_ROUTINES_WRITE_SENTENCE
 *fill*         0x00000000080077ea        0x2 
 .rodata.UART_ROUTINES_WRITE_RESPONSE
                0x00000000080077ec        0x8 ./Core/Src/main.o
                0x00000000080077ec                UART_ROUTINES_WRITE_RESPONSE
 .rodata.UART_ROUTINES_SAVE_SENTENCE
                0x00000000080077f4        0xb ./Core/Src/main.o
                0x00000000080077f4                UART_ROUTINES_SAVE_SENTENCE
 *fill*         0x00000000080077ff        0x1 
 .rodata.UART_ROUTINES_PURGE_SAVED_SENTENCE
                0x0000000008007800        0x9 ./Core/Src/main.o
                0x0000000008007800                UART_ROUTINES_PURGE_SAVED_SENTENCE
 *fill*         0x0000000008007809        0x3 
 .rodata.UART_RESPONSE_OK
                0x000000000800780c        0x3 ./Core/Src/main.o
                0x000000000800780c                UART_RESPONSE_OK
 *fill*         0x000000000800780f        0x1 
 .rodata.UART_RESPONSE_END
                0x0000000008007810        0x7 ./Core/Src/main.o
                0x0000000008007810                UART_RESPONSE_END
 *fill*         0x0000000008007817        0x1 
 .rodata.AHBPrescTable
                0x0000000008007818       0x10 ./Core/Src/system_stm32f4xx.o
                0x0000000008007818                AHBPrescTable
 .rodata.APBPrescTable
                0x0000000008007828        0x8 ./Core/Src/system_stm32f4xx.o
                0x0000000008007828                APBPrescTable
 .rodata.gammaTable
                0x0000000008007830      0x100 ./Core/Src/ws2812b.o
                0x0000000008007830                gammaTable
 .rodata.flagBitshiftOffset.0
                0x0000000008007930        0x8 ./Drivers/STM32F4xx_HAL_Driver/Src/stm32f4xx_hal_dma.o
 .rodata._svfprintf_r.str1.1
                0x0000000008007938       0x11 c:/st/stm32cubeide_1.12.0/stm32cubeide/plugins/com.st.stm32cube.ide.mcu.externaltools.gnu-tools-for-stm32.10.3-2021.10.win32_1.0.200.202301161003/tools/bin/../lib/gcc/arm-none-eabi/10.3.1/../../../../arm-none-eabi/lib/thumb/v7e-m+fp/hard\libc_nano.a(lib_a-nano-svfprintf.o)
 .rodata._printf_i.str1.1
                0x0000000008007949       0x22 c:/st/stm32cubeide_1.12.0/stm32cubeide/plugins/com.st.stm32cube.ide.mcu.externaltools.gnu-tools-for-stm32.10.3-2021.10.win32_1.0.200.202301161003/tools/bin/../lib/gcc/arm-none-eabi/10.3.1/../../../../arm-none-eabi/lib/thumb/v7e-m+fp/hard\libc_nano.a(lib_a-nano-vfprintf_i.o)
 *fill*         0x000000000800796b        0x1 
 .rodata.__sf_fake_stderr
                0x000000000800796c       0x20 c:/st/stm32cubeide_1.12.0/stm32cubeide/plugins/com.st.stm32cube.ide.mcu.externaltools.gnu-tools-for-stm32.10.3-2021.10.win32_1.0.200.202301161003/tools/bin/../lib/gcc/arm-none-eabi/10.3.1/../../../../arm-none-eabi/lib/thumb/v7e-m+fp/hard\libc_nano.a(lib_a-findfp.o)
                0x000000000800796c                __sf_fake_stderr
 .rodata.__sf_fake_stdin
                0x000000000800798c       0x20 c:/st/stm32cubeide_1.12.0/stm32cubeide/plugins/com.st.stm32cube.ide.mcu.externaltools.gnu-tools-for-stm32.10.3-2021.10.win32_1.0.200.202301161003/tools/bin/../lib/gcc/arm-none-eabi/10.3.1/../../../../arm-none-eabi/lib/thumb/v7e-m+fp/hard\libc_nano.a(lib_a-findfp.o)
                0x000000000800798c                __sf_fake_stdin
 .rodata.__sf_fake_stdout
                0x00000000080079ac       0x20 c:/st/stm32cubeide_1.12.0/stm32cubeide/plugins/com.st.stm32cube.ide.mcu.externaltools.gnu-tools-for-stm32.10.3-2021.10.win32_1.0.200.202301161003/tools/bin/../lib/gcc/arm-none-eabi/10.3.1/../../../../arm-none-eabi/lib/thumb/v7e-m+fp/hard\libc_nano.a(lib_a-findfp.o)
                0x00000000080079ac                __sf_fake_stdout
                0x00000000080079cc                . = ALIGN (0x4)

.ARM.extab      0x00000000080079cc        0x0
                0x00000000080079cc                . = ALIGN (0x4)
 *(.ARM.extab* .gnu.linkonce.armextab.*)
                0x00000000080079cc                . = ALIGN (0x4)

.ARM            0x00000000080079cc        0x8
                0x00000000080079cc                . = ALIGN (0x4)
                0x00000000080079cc                __exidx_start = .
 *(.ARM.exidx*)
 .ARM.exidx     0x00000000080079cc        0x8 c:/st/stm32cubeide_1.12.0/stm32cubeide/plugins/com.st.stm32cube.ide.mcu.externaltools.gnu-tools-for-stm32.10.3-2021.10.win32_1.0.200.202301161003/tools/bin/../lib/gcc/arm-none-eabi/10.3.1/thumb/v7e-m+fp/hard\libgcc.a(_udivmoddi4.o)
                0x00000000080079d4                __exidx_end = .
                0x00000000080079d4                . = ALIGN (0x4)

.rel.dyn        0x00000000080079d4        0x0
 .rel.iplt      0x00000000080079d4        0x0 c:/st/stm32cubeide_1.12.0/stm32cubeide/plugins/com.st.stm32cube.ide.mcu.externaltools.gnu-tools-for-stm32.10.3-2021.10.win32_1.0.200.202301161003/tools/bin/../lib/gcc/arm-none-eabi/10.3.1/thumb/v7e-m+fp/hard/crtbegin.o

.preinit_array  0x00000000080079d4        0x0
                0x00000000080079d4                . = ALIGN (0x4)
                0x00000000080079d4                PROVIDE (__preinit_array_start = .)
 *(.preinit_array*)
                0x00000000080079d4                PROVIDE (__preinit_array_end = .)
                0x00000000080079d4                . = ALIGN (0x4)

.init_array     0x00000000080079d4        0x4
                0x00000000080079d4                . = ALIGN (0x4)
                0x00000000080079d4                PROVIDE (__init_array_start = .)
 *(SORT_BY_NAME(.init_array.*))
 *(.init_array*)
 .init_array    0x00000000080079d4        0x4 c:/st/stm32cubeide_1.12.0/stm32cubeide/plugins/com.st.stm32cube.ide.mcu.externaltools.gnu-tools-for-stm32.10.3-2021.10.win32_1.0.200.202301161003/tools/bin/../lib/gcc/arm-none-eabi/10.3.1/thumb/v7e-m+fp/hard/crtbegin.o
                0x00000000080079d8                PROVIDE (__init_array_end = .)
                0x00000000080079d8                . = ALIGN (0x4)

.fini_array     0x00000000080079d8        0x4
                0x00000000080079d8                . = ALIGN (0x4)
                [!provide]                        PROVIDE (__fini_array_start = .)
 *(SORT_BY_NAME(.fini_array.*))
 *(.fini_array*)
 .fini_array    0x00000000080079d8        0x4 c:/st/stm32cubeide_1.12.0/stm32cubeide/plugins/com.st.stm32cube.ide.mcu.externaltools.gnu-tools-for-stm32.10.3-2021.10.win32_1.0.200.202301161003/tools/bin/../lib/gcc/arm-none-eabi/10.3.1/thumb/v7e-m+fp/hard/crtbegin.o
                [!provide]                        PROVIDE (__fini_array_end = .)
                0x00000000080079dc                . = ALIGN (0x4)
                0x00000000080079dc                _sidata = LOADADDR (.data)

.data           0x0000000020000000       0x80 load address 0x00000000080079dc
                0x0000000020000000                . = ALIGN (0x4)
                0x0000000020000000                _sdata = .
 *(.data)
 *(.data*)
 .data.irPulseError
                0x0000000020000000        0x2 ./Core/Src/irDecoder.o
                0x0000000020000000                irPulseError
 .data.IR_ADDR  0x0000000020000002        0x2 ./Core/Src/nonvmem.o
                0x0000000020000002                IR_ADDR
 .data.ELE_INPUT_ADDR
                0x0000000020000004        0x2 ./Core/Src/nonvmem.o
                0x0000000020000004                ELE_INPUT_ADDR
 .data.TIME_ADDR
                0x0000000020000006        0x2 ./Core/Src/nonvmem.o
                0x0000000020000006                TIME_ADDR
 .data.SystemCoreClock
                0x0000000020000008        0x4 ./Core/Src/system_stm32f4xx.o
                0x0000000020000008                SystemCoreClock
 .data.WS2812_IO_High
                0x000000002000000c        0x4 ./Core/Src/ws2812b.o
                0x000000002000000c                WS2812_IO_High
 .data.WS2812_IO_Low
                0x0000000020000010        0x4 ./Core/Src/ws2812b.o
                0x0000000020000010                WS2812_IO_Low
 .data.uwTickPrio
                0x0000000020000014        0x4 ./Drivers/STM32F4xx_HAL_Driver/Src/stm32f4xx_hal.o
                0x0000000020000014                uwTickPrio
 .data.uwTickFreq
                0x0000000020000018        0x1 ./Drivers/STM32F4xx_HAL_Driver/Src/stm32f4xx_hal.o
                0x0000000020000018                uwTickFreq
 *fill*         0x0000000020000019        0x3 
 .data._impure_ptr
                0x000000002000001c        0x4 c:/st/stm32cubeide_1.12.0/stm32cubeide/plugins/com.st.stm32cube.ide.mcu.externaltools.gnu-tools-for-stm32.10.3-2021.10.win32_1.0.200.202301161003/tools/bin/../lib/gcc/arm-none-eabi/10.3.1/../../../../arm-none-eabi/lib/thumb/v7e-m+fp/hard\libc_nano.a(lib_a-impure.o)
                0x000000002000001c                _impure_ptr
 .data.impure_data
                0x0000000020000020       0x60 c:/st/stm32cubeide_1.12.0/stm32cubeide/plugins/com.st.stm32cube.ide.mcu.externaltools.gnu-tools-for-stm32.10.3-2021.10.win32_1.0.200.202301161003/tools/bin/../lib/gcc/arm-none-eabi/10.3.1/../../../../arm-none-eabi/lib/thumb/v7e-m+fp/hard\libc_nano.a(lib_a-impure.o)
 *(.RamFunc)
 *(.RamFunc*)
                0x0000000020000080                . = ALIGN (0x4)
                0x0000000020000080                _edata = .
                0x0000000008007a5c                _siccmram = LOADADDR (.ccmram)

.igot.plt       0x0000000020000080        0x0 load address 0x0000000008007a5c
 .igot.plt      0x0000000020000080        0x0 c:/st/stm32cubeide_1.12.0/stm32cubeide/plugins/com.st.stm32cube.ide.mcu.externaltools.gnu-tools-for-stm32.10.3-2021.10.win32_1.0.200.202301161003/tools/bin/../lib/gcc/arm-none-eabi/10.3.1/thumb/v7e-m+fp/hard/crtbegin.o

.ccmram         0x0000000010000000        0x0 load address 0x0000000008007a5c
                0x0000000010000000                . = ALIGN (0x4)
                0x0000000010000000                _sccmram = .
 *(.ccmram)
 *(.ccmram*)
                0x0000000010000000                . = ALIGN (0x4)
                0x0000000010000000                _eccmram = .
                0x0000000010000000                . = ALIGN (0x4)

.bss            0x0000000020000080     0x19c4
                0x0000000020000080                _sbss = .
                0x0000000020000080                __bss_start__ = _sbss
 *(.bss)
 .bss           0x0000000020000080       0x1c c:/st/stm32cubeide_1.12.0/stm32cubeide/plugins/com.st.stm32cube.ide.mcu.externaltools.gnu-tools-for-stm32.10.3-2021.10.win32_1.0.200.202301161003/tools/bin/../lib/gcc/arm-none-eabi/10.3.1/thumb/v7e-m+fp/hard/crtbegin.o
 *(.bss*)
 .bss.irReceived
                0x000000002000009c        0x1 ./Core/Src/irDecoder.o
                0x000000002000009c                irReceived
 .bss.irPulseNb
                0x000000002000009d        0x1 ./Core/Src/irDecoder.o
                0x000000002000009d                irPulseNb
 *fill*         0x000000002000009e        0x2 
 .bss.irPulses  0x00000000200000a0       0x40 ./Core/Src/irDecoder.o
                0x00000000200000a0                irPulses
 .bss.irDevice  0x00000000200000e0        0x1 ./Core/Src/irDecoder.o
                0x00000000200000e0                irDevice
 .bss.irCommand
                0x00000000200000e1        0x1 ./Core/Src/irDecoder.o
                0x00000000200000e1                irCommand
 *fill*         0x00000000200000e2        0x2 
 .bss.irHtim    0x00000000200000e4        0x4 ./Core/Src/irDecoder.o
                0x00000000200000e4                irHtim
 .bss.irHuart   0x00000000200000e8        0x4 ./Core/Src/irDecoder.o
                0x00000000200000e8                irHuart
 .bss.ascii     0x00000000200000ec       0x14 ./Core/Src/irDecoder.o
                0x00000000200000ec                ascii
 .bss.frameBufferArray
                0x0000000020000100     0x12c0 ./Core/Src/ledEffects.o
                0x0000000020000100                frameBufferArray
 .bss.ACTIVE_EFFECT_TYPE
                0x00000000200013c0        0x1 ./Core/Src/ledEffects.o
                0x00000000200013c0                ACTIVE_EFFECT_TYPE
 .bss.ACTIVE_EFFECT_NB
                0x00000000200013c1        0x1 ./Core/Src/ledEffects.o
                0x00000000200013c1                ACTIVE_EFFECT_NB
 *fill*         0x00000000200013c2        0x2 
 .bss.x.1       0x00000000200013c4       0x10 ./Core/Src/ledEffects.o
 .bss.htim1     0x00000000200013d4       0x48 ./Core/Src/main.o
                0x00000000200013d4                htim1
 .bss.htim3     0x000000002000141c       0x48 ./Core/Src/main.o
                0x000000002000141c                htim3
 .bss.huart2    0x0000000020001464       0x44 ./Core/Src/main.o
                0x0000000020001464                huart2
 .bss.hdma_usart2_rx
                0x00000000200014a8       0x60 ./Core/Src/main.o
                0x00000000200014a8                hdma_usart2_rx
 .bss.UART_DmaBuffer
                0x0000000020001508       0x32 ./Core/Src/main.o
                0x0000000020001508                UART_DmaBuffer
 *fill*         0x000000002000153a        0x2 
 .bss.UART_CpltBuffer
                0x000000002000153c       0x32 ./Core/Src/main.o
                0x000000002000153c                UART_CpltBuffer
 .bss.UART_BytesReceived
                0x000000002000156e        0x2 ./Core/Src/main.o
                0x000000002000156e                UART_BytesReceived
 .bss.GET_IR_FLAG
                0x0000000020001570        0x1 ./Core/Src/main.o
                0x0000000020001570                GET_IR_FLAG
 .bss.ROUTINES_WRITE_FLAG
                0x0000000020001571        0x1 ./Core/Src/main.o
                0x0000000020001571                ROUTINES_WRITE_FLAG
 .bss.SAVING_IR_POS
                0x0000000020001572        0x1 ./Core/Src/main.o
                0x0000000020001572                SAVING_IR_POS
 .bss.SAVING_TIME_POS
                0x0000000020001573        0x1 ./Core/Src/main.o
                0x0000000020001573                SAVING_TIME_POS
 .bss.IR_CODES_FLAGS
                0x0000000020001574       0x28 ./Core/Src/nonvmem.o
                0x0000000020001574                IR_CODES_FLAGS
 .bss.IR_CODES_MACROS
                0x000000002000159c       0x78 ./Core/Src/nonvmem.o
                0x000000002000159c                IR_CODES_MACROS
 .bss.ELE_INPUT_MACROS
                0x0000000020001614       0x3c ./Core/Src/nonvmem.o
                0x0000000020001614                ELE_INPUT_MACROS
 .bss.TIME_FLAGS
                0x0000000020001650       0x50 ./Core/Src/nonvmem.o
                0x0000000020001650                TIME_FLAGS
 .bss.TIME_MACROS
                0x00000000200016a0       0x78 ./Core/Src/nonvmem.o
                0x00000000200016a0                TIME_MACROS
 .bss.__sbrk_heap_end
                0x0000000020001718        0x4 ./Core/Src/sysmem.o
 .bss.ws2812b   0x000000002000171c      0x10c ./Core/Src/ws2812b.o
                0x000000002000171c                ws2812b
 .bss.ws2812bDmaBitBuffer
                0x0000000020001828       0x60 ./Core/Src/ws2812b.o
                0x0000000020001828                ws2812bDmaBitBuffer
 .bss.TIM1_handle
                0x0000000020001888       0x48 ./Core/Src/ws2812b.o
                0x0000000020001888                TIM1_handle
 .bss.tim2OC1   0x00000000200018d0       0x1c ./Core/Src/ws2812b.o
                0x00000000200018d0                tim2OC1
 .bss.tim2OC2   0x00000000200018ec       0x1c ./Core/Src/ws2812b.o
                0x00000000200018ec                tim2OC2
 .bss.tim_period
                0x0000000020001908        0x4 ./Core/Src/ws2812b.o
                0x0000000020001908                tim_period
 .bss.timer_reset_pulse_period
                0x000000002000190c        0x4 ./Core/Src/ws2812b.o
                0x000000002000190c                timer_reset_pulse_period
 .bss.dmaUpdate
                0x0000000020001910       0x60 ./Core/Src/ws2812b.o
                0x0000000020001910                dmaUpdate
 .bss.dmaCC1    0x0000000020001970       0x60 ./Core/Src/ws2812b.o
                0x0000000020001970                dmaCC1
 .bss.dmaCC2    0x00000000200019d0       0x60 ./Core/Src/ws2812b.o
                0x00000000200019d0                dmaCC2
 .bss.uwTick    0x0000000020001a30        0x4 ./Drivers/STM32F4xx_HAL_Driver/Src/stm32f4xx_hal.o
                0x0000000020001a30                uwTick
 .bss.__malloc_free_list
                0x0000000020001a34        0x4 c:/st/stm32cubeide_1.12.0/stm32cubeide/plugins/com.st.stm32cube.ide.mcu.externaltools.gnu-tools-for-stm32.10.3-2021.10.win32_1.0.200.202301161003/tools/bin/../lib/gcc/arm-none-eabi/10.3.1/../../../../arm-none-eabi/lib/thumb/v7e-m+fp/hard\libc_nano.a(lib_a-nano-mallocr.o)
                0x0000000020001a34                __malloc_free_list
 .bss.__malloc_sbrk_start
                0x0000000020001a38        0x4 c:/st/stm32cubeide_1.12.0/stm32cubeide/plugins/com.st.stm32cube.ide.mcu.externaltools.gnu-tools-for-stm32.10.3-2021.10.win32_1.0.200.202301161003/tools/bin/../lib/gcc/arm-none-eabi/10.3.1/../../../../arm-none-eabi/lib/thumb/v7e-m+fp/hard\libc_nano.a(lib_a-nano-mallocr.o)
                0x0000000020001a38                __malloc_sbrk_start
 .bss.__lock___malloc_recursive_mutex
                0x0000000020001a3c        0x1 c:/st/stm32cubeide_1.12.0/stm32cubeide/plugins/com.st.stm32cube.ide.mcu.externaltools.gnu-tools-for-stm32.10.3-2021.10.win32_1.0.200.202301161003/tools/bin/../lib/gcc/arm-none-eabi/10.3.1/../../../../arm-none-eabi/lib/thumb/v7e-m+fp/hard\libc_nano.a(lib_a-lock.o)
                0x0000000020001a3c                __lock___malloc_recursive_mutex
 *fill*         0x0000000020001a3d        0x3 
 .bss.errno     0x0000000020001a40        0x4 c:/st/stm32cubeide_1.12.0/stm32cubeide/plugins/com.st.stm32cube.ide.mcu.externaltools.gnu-tools-for-stm32.10.3-2021.10.win32_1.0.200.202301161003/tools/bin/../lib/gcc/arm-none-eabi/10.3.1/../../../../arm-none-eabi/lib/thumb/v7e-m+fp/hard\libc_nano.a(lib_a-reent.o)
                0x0000000020001a40                errno
 *(COMMON)
                0x0000000020001a44                . = ALIGN (0x4)
                0x0000000020001a44                _ebss = .
                0x0000000020001a44                __bss_end__ = _ebss

._user_heap_stack
                0x0000000020001a44      0x604
                0x0000000020001a48                . = ALIGN (0x8)
 *fill*         0x0000000020001a44        0x4 
                [!provide]                        PROVIDE (end = .)
                0x0000000020001a48                PROVIDE (_end = .)
                0x0000000020001c48                . = (. + _Min_Heap_Size)
 *fill*         0x0000000020001a48      0x200 
                0x0000000020002048                . = (. + _Min_Stack_Size)
 *fill*         0x0000000020001c48      0x400 
                0x0000000020002048                . = ALIGN (0x8)

/DISCARD/
 libc.a(*)
 libm.a(*)
 libgcc.a(*)

.ARM.attributes
                0x0000000000000000       0x30
 *(.ARM.attributes)
 .ARM.attributes
                0x0000000000000000       0x1e c:/st/stm32cubeide_1.12.0/stm32cubeide/plugins/com.st.stm32cube.ide.mcu.externaltools.gnu-tools-for-stm32.10.3-2021.10.win32_1.0.200.202301161003/tools/bin/../lib/gcc/arm-none-eabi/10.3.1/thumb/v7e-m+fp/hard/crti.o
 .ARM.attributes
                0x000000000000001e       0x34 c:/st/stm32cubeide_1.12.0/stm32cubeide/plugins/com.st.stm32cube.ide.mcu.externaltools.gnu-tools-for-stm32.10.3-2021.10.win32_1.0.200.202301161003/tools/bin/../lib/gcc/arm-none-eabi/10.3.1/thumb/v7e-m+fp/hard/crtbegin.o
 .ARM.attributes
                0x0000000000000052       0x34 ./Core/Src/irDecoder.o
 .ARM.attributes
                0x0000000000000086       0x34 ./Core/Src/ledEffects.o
 .ARM.attributes
                0x00000000000000ba       0x34 ./Core/Src/main.o
 .ARM.attributes
                0x00000000000000ee       0x34 ./Core/Src/nonvmem.o
 .ARM.attributes
                0x0000000000000122       0x34 ./Core/Src/stm32f4xx_hal_msp.o
 .ARM.attributes
                0x0000000000000156       0x34 ./Core/Src/stm32f4xx_it.o
 .ARM.attributes
                0x000000000000018a       0x34 ./Core/Src/sysmem.o
 .ARM.attributes
                0x00000000000001be       0x34 ./Core/Src/system_stm32f4xx.o
 .ARM.attributes
                0x00000000000001f2       0x34 ./Core/Src/ws2812b.o
 .ARM.attributes
                0x0000000000000226       0x21 ./Core/Startup/startup_stm32f407vetx.o
 .ARM.attributes
                0x0000000000000247       0x34 ./Drivers/STM32F4xx_HAL_Driver/Src/stm32f4xx_hal.o
 .ARM.attributes
                0x000000000000027b       0x34 ./Drivers/STM32F4xx_HAL_Driver/Src/stm32f4xx_hal_cortex.o
 .ARM.attributes
                0x00000000000002af       0x34 ./Drivers/STM32F4xx_HAL_Driver/Src/stm32f4xx_hal_dma.o
 .ARM.attributes
                0x00000000000002e3       0x34 ./Drivers/STM32F4xx_HAL_Driver/Src/stm32f4xx_hal_gpio.o
 .ARM.attributes
                0x0000000000000317       0x34 ./Drivers/STM32F4xx_HAL_Driver/Src/stm32f4xx_hal_rcc.o
 .ARM.attributes
                0x000000000000034b       0x34 ./Drivers/STM32F4xx_HAL_Driver/Src/stm32f4xx_hal_tim.o
 .ARM.attributes
                0x000000000000037f       0x34 ./Drivers/STM32F4xx_HAL_Driver/Src/stm32f4xx_hal_tim_ex.o
 .ARM.attributes
                0x00000000000003b3       0x34 ./Drivers/STM32F4xx_HAL_Driver/Src/stm32f4xx_hal_uart.o
 .ARM.attributes
                0x00000000000003e7       0x34 c:/st/stm32cubeide_1.12.0/stm32cubeide/plugins/com.st.stm32cube.ide.mcu.externaltools.gnu-tools-for-stm32.10.3-2021.10.win32_1.0.200.202301161003/tools/bin/../lib/gcc/arm-none-eabi/10.3.1/../../../../arm-none-eabi/lib/thumb/v7e-m+fp/hard\libc_nano.a(lib_a-errno.o)
 .ARM.attributes
                0x000000000000041b       0x34 c:/st/stm32cubeide_1.12.0/stm32cubeide/plugins/com.st.stm32cube.ide.mcu.externaltools.gnu-tools-for-stm32.10.3-2021.10.win32_1.0.200.202301161003/tools/bin/../lib/gcc/arm-none-eabi/10.3.1/../../../../arm-none-eabi/lib/thumb/v7e-m+fp/hard\libc_nano.a(lib_a-impure.o)
 .ARM.attributes
                0x000000000000044f       0x34 c:/st/stm32cubeide_1.12.0/stm32cubeide/plugins/com.st.stm32cube.ide.mcu.externaltools.gnu-tools-for-stm32.10.3-2021.10.win32_1.0.200.202301161003/tools/bin/../lib/gcc/arm-none-eabi/10.3.1/../../../../arm-none-eabi/lib/thumb/v7e-m+fp/hard\libc_nano.a(lib_a-init.o)
 .ARM.attributes
                0x0000000000000483       0x34 c:/st/stm32cubeide_1.12.0/stm32cubeide/plugins/com.st.stm32cube.ide.mcu.externaltools.gnu-tools-for-stm32.10.3-2021.10.win32_1.0.200.202301161003/tools/bin/../lib/gcc/arm-none-eabi/10.3.1/../../../../arm-none-eabi/lib/thumb/v7e-m+fp/hard\libc_nano.a(lib_a-memset.o)
 .ARM.attributes
                0x00000000000004b7       0x34 c:/st/stm32cubeide_1.12.0/stm32cubeide/plugins/com.st.stm32cube.ide.mcu.externaltools.gnu-tools-for-stm32.10.3-2021.10.win32_1.0.200.202301161003/tools/bin/../lib/gcc/arm-none-eabi/10.3.1/../../../../arm-none-eabi/lib/thumb/v7e-m+fp/hard\libc_nano.a(lib_a-sprintf.o)
 .ARM.attributes
                0x00000000000004eb       0x17 c:/st/stm32cubeide_1.12.0/stm32cubeide/plugins/com.st.stm32cube.ide.mcu.externaltools.gnu-tools-for-stm32.10.3-2021.10.win32_1.0.200.202301161003/tools/bin/../lib/gcc/arm-none-eabi/10.3.1/../../../../arm-none-eabi/lib/thumb/v7e-m+fp/hard\libc_nano.a(lib_a-strlen.o)
 .ARM.attributes
                0x0000000000000502       0x34 c:/st/stm32cubeide_1.12.0/stm32cubeide/plugins/com.st.stm32cube.ide.mcu.externaltools.gnu-tools-for-stm32.10.3-2021.10.win32_1.0.200.202301161003/tools/bin/../lib/gcc/arm-none-eabi/10.3.1/../../../../arm-none-eabi/lib/thumb/v7e-m+fp/hard\libc_nano.a(lib_a-nano-freer.o)
 .ARM.attributes
                0x0000000000000536       0x34 c:/st/stm32cubeide_1.12.0/stm32cubeide/plugins/com.st.stm32cube.ide.mcu.externaltools.gnu-tools-for-stm32.10.3-2021.10.win32_1.0.200.202301161003/tools/bin/../lib/gcc/arm-none-eabi/10.3.1/../../../../arm-none-eabi/lib/thumb/v7e-m+fp/hard\libc_nano.a(lib_a-nano-mallocr.o)
 .ARM.attributes
                0x000000000000056a       0x34 c:/st/stm32cubeide_1.12.0/stm32cubeide/plugins/com.st.stm32cube.ide.mcu.externaltools.gnu-tools-for-stm32.10.3-2021.10.win32_1.0.200.202301161003/tools/bin/../lib/gcc/arm-none-eabi/10.3.1/../../../../arm-none-eabi/lib/thumb/v7e-m+fp/hard\libc_nano.a(lib_a-nano-svfprintf.o)
 .ARM.attributes
                0x000000000000059e       0x34 c:/st/stm32cubeide_1.12.0/stm32cubeide/plugins/com.st.stm32cube.ide.mcu.externaltools.gnu-tools-for-stm32.10.3-2021.10.win32_1.0.200.202301161003/tools/bin/../lib/gcc/arm-none-eabi/10.3.1/../../../../arm-none-eabi/lib/thumb/v7e-m+fp/hard\libc_nano.a(lib_a-nano-vfprintf_i.o)
 .ARM.attributes
                0x00000000000005d2       0x34 c:/st/stm32cubeide_1.12.0/stm32cubeide/plugins/com.st.stm32cube.ide.mcu.externaltools.gnu-tools-for-stm32.10.3-2021.10.win32_1.0.200.202301161003/tools/bin/../lib/gcc/arm-none-eabi/10.3.1/../../../../arm-none-eabi/lib/thumb/v7e-m+fp/hard\libc_nano.a(lib_a-sbrkr.o)
 .ARM.attributes
                0x0000000000000606       0x34 c:/st/stm32cubeide_1.12.0/stm32cubeide/plugins/com.st.stm32cube.ide.mcu.externaltools.gnu-tools-for-stm32.10.3-2021.10.win32_1.0.200.202301161003/tools/bin/../lib/gcc/arm-none-eabi/10.3.1/../../../../arm-none-eabi/lib/thumb/v7e-m+fp/hard\libc_nano.a(lib_a-findfp.o)
 .ARM.attributes
                0x000000000000063a       0x34 c:/st/stm32cubeide_1.12.0/stm32cubeide/plugins/com.st.stm32cube.ide.mcu.externaltools.gnu-tools-for-stm32.10.3-2021.10.win32_1.0.200.202301161003/tools/bin/../lib/gcc/arm-none-eabi/10.3.1/../../../../arm-none-eabi/lib/thumb/v7e-m+fp/hard\libc_nano.a(lib_a-lock.o)
 .ARM.attributes
                0x000000000000066e       0x1c c:/st/stm32cubeide_1.12.0/stm32cubeide/plugins/com.st.stm32cube.ide.mcu.externaltools.gnu-tools-for-stm32.10.3-2021.10.win32_1.0.200.202301161003/tools/bin/../lib/gcc/arm-none-eabi/10.3.1/../../../../arm-none-eabi/lib/thumb/v7e-m+fp/hard\libc_nano.a(lib_a-memchr.o)
 .ARM.attributes
                0x000000000000068a       0x34 c:/st/stm32cubeide_1.12.0/stm32cubeide/plugins/com.st.stm32cube.ide.mcu.externaltools.gnu-tools-for-stm32.10.3-2021.10.win32_1.0.200.202301161003/tools/bin/../lib/gcc/arm-none-eabi/10.3.1/../../../../arm-none-eabi/lib/thumb/v7e-m+fp/hard\libc_nano.a(lib_a-memcpy-stub.o)
 .ARM.attributes
                0x00000000000006be       0x34 c:/st/stm32cubeide_1.12.0/stm32cubeide/plugins/com.st.stm32cube.ide.mcu.externaltools.gnu-tools-for-stm32.10.3-2021.10.win32_1.0.200.202301161003/tools/bin/../lib/gcc/arm-none-eabi/10.3.1/../../../../arm-none-eabi/lib/thumb/v7e-m+fp/hard\libc_nano.a(lib_a-memmove.o)
 .ARM.attributes
                0x00000000000006f2       0x34 c:/st/stm32cubeide_1.12.0/stm32cubeide/plugins/com.st.stm32cube.ide.mcu.externaltools.gnu-tools-for-stm32.10.3-2021.10.win32_1.0.200.202301161003/tools/bin/../lib/gcc/arm-none-eabi/10.3.1/../../../../arm-none-eabi/lib/thumb/v7e-m+fp/hard\libc_nano.a(lib_a-mlock.o)
 .ARM.attributes
                0x0000000000000726       0x34 c:/st/stm32cubeide_1.12.0/stm32cubeide/plugins/com.st.stm32cube.ide.mcu.externaltools.gnu-tools-for-stm32.10.3-2021.10.win32_1.0.200.202301161003/tools/bin/../lib/gcc/arm-none-eabi/10.3.1/../../../../arm-none-eabi/lib/thumb/v7e-m+fp/hard\libc_nano.a(lib_a-nano-reallocr.o)
 .ARM.attributes
                0x000000000000075a       0x34 c:/st/stm32cubeide_1.12.0/stm32cubeide/plugins/com.st.stm32cube.ide.mcu.externaltools.gnu-tools-for-stm32.10.3-2021.10.win32_1.0.200.202301161003/tools/bin/../lib/gcc/arm-none-eabi/10.3.1/../../../../arm-none-eabi/lib/thumb/v7e-m+fp/hard\libc_nano.a(lib_a-reent.o)
 .ARM.attributes
                0x000000000000078e       0x34 c:/st/stm32cubeide_1.12.0/stm32cubeide/plugins/com.st.stm32cube.ide.mcu.externaltools.gnu-tools-for-stm32.10.3-2021.10.win32_1.0.200.202301161003/tools/bin/../lib/gcc/arm-none-eabi/10.3.1/../../../../arm-none-eabi/lib/thumb/v7e-m+fp/hard\libc_nano.a(lib_a-nano-msizer.o)
 .ARM.attributes
                0x00000000000007c2       0x1e c:/st/stm32cubeide_1.12.0/stm32cubeide/plugins/com.st.stm32cube.ide.mcu.externaltools.gnu-tools-for-stm32.10.3-2021.10.win32_1.0.200.202301161003/tools/bin/../lib/gcc/arm-none-eabi/10.3.1/thumb/v7e-m+fp/hard\libgcc.a(_aeabi_uldivmod.o)
 .ARM.attributes
                0x00000000000007e0       0x34 c:/st/stm32cubeide_1.12.0/stm32cubeide/plugins/com.st.stm32cube.ide.mcu.externaltools.gnu-tools-for-stm32.10.3-2021.10.win32_1.0.200.202301161003/tools/bin/../lib/gcc/arm-none-eabi/10.3.1/thumb/v7e-m+fp/hard\libgcc.a(_udivmoddi4.o)
 .ARM.attributes
                0x0000000000000814       0x1e c:/st/stm32cubeide_1.12.0/stm32cubeide/plugins/com.st.stm32cube.ide.mcu.externaltools.gnu-tools-for-stm32.10.3-2021.10.win32_1.0.200.202301161003/tools/bin/../lib/gcc/arm-none-eabi/10.3.1/thumb/v7e-m+fp/hard\libgcc.a(_dvmd_tls.o)
 .ARM.attributes
                0x0000000000000832       0x1e c:/st/stm32cubeide_1.12.0/stm32cubeide/plugins/com.st.stm32cube.ide.mcu.externaltools.gnu-tools-for-stm32.10.3-2021.10.win32_1.0.200.202301161003/tools/bin/../lib/gcc/arm-none-eabi/10.3.1/thumb/v7e-m+fp/hard/crtn.o
OUTPUT(STM32F407-WS2812B-TEST-23022023.elf elf32-littlearm)
LOAD linker stubs
LOAD c:/st/stm32cubeide_1.12.0/stm32cubeide/plugins/com.st.stm32cube.ide.mcu.externaltools.gnu-tools-for-stm32.10.3-2021.10.win32_1.0.200.202301161003/tools/bin/../lib/gcc/arm-none-eabi/10.3.1/../../../../arm-none-eabi/lib/thumb/v7e-m+fp/hard\libc.a
LOAD c:/st/stm32cubeide_1.12.0/stm32cubeide/plugins/com.st.stm32cube.ide.mcu.externaltools.gnu-tools-for-stm32.10.3-2021.10.win32_1.0.200.202301161003/tools/bin/../lib/gcc/arm-none-eabi/10.3.1/../../../../arm-none-eabi/lib/thumb/v7e-m+fp/hard\libm.a
LOAD c:/st/stm32cubeide_1.12.0/stm32cubeide/plugins/com.st.stm32cube.ide.mcu.externaltools.gnu-tools-for-stm32.10.3-2021.10.win32_1.0.200.202301161003/tools/bin/../lib/gcc/arm-none-eabi/10.3.1/thumb/v7e-m+fp/hard\libgcc.a

.debug_info     0x0000000000000000    0x1068b
 .debug_info    0x0000000000000000      0xb29 ./Core/Src/irDecoder.o
 .debug_info    0x0000000000000b29      0x459 ./Core/Src/ledEffects.o
 .debug_info    0x0000000000000f82     0x1a18 ./Core/Src/main.o
 .debug_info    0x000000000000299a      0x386 ./Core/Src/nonvmem.o
 .debug_info    0x0000000000002d20     0x104c ./Core/Src/stm32f4xx_hal_msp.o
 .debug_info    0x0000000000003d6c      0xa11 ./Core/Src/stm32f4xx_it.o
 .debug_info    0x000000000000477d      0x171 ./Core/Src/sysmem.o
 .debug_info    0x00000000000048ee      0x523 ./Core/Src/system_stm32f4xx.o
 .debug_info    0x0000000000004e11     0x1348 ./Core/Src/ws2812b.o
 .debug_info    0x0000000000006159       0x22 ./Core/Startup/startup_stm32f407vetx.o
 .debug_info    0x000000000000617b      0x97c ./Drivers/STM32F4xx_HAL_Driver/Src/stm32f4xx_hal.o
 .debug_info    0x0000000000006af7      0xe1b ./Drivers/STM32F4xx_HAL_Driver/Src/stm32f4xx_hal_cortex.o
 .debug_info    0x0000000000007912      0x94f ./Drivers/STM32F4xx_HAL_Driver/Src/stm32f4xx_hal_dma.o
 .debug_info    0x0000000000008261      0x76a ./Drivers/STM32F4xx_HAL_Driver/Src/stm32f4xx_hal_gpio.o
 .debug_info    0x00000000000089cb      0x966 ./Drivers/STM32F4xx_HAL_Driver/Src/stm32f4xx_hal_rcc.o
 .debug_info    0x0000000000009331     0x2bbe ./Drivers/STM32F4xx_HAL_Driver/Src/stm32f4xx_hal_tim.o
 .debug_info    0x000000000000beef     0x15e0 ./Drivers/STM32F4xx_HAL_Driver/Src/stm32f4xx_hal_tim_ex.o
 .debug_info    0x000000000000d4cf     0x31bc ./Drivers/STM32F4xx_HAL_Driver/Src/stm32f4xx_hal_uart.o

.debug_abbrev   0x0000000000000000     0x2493
 .debug_abbrev  0x0000000000000000      0x1f7 ./Core/Src/irDecoder.o
 .debug_abbrev  0x00000000000001f7      0x1b3 ./Core/Src/ledEffects.o
 .debug_abbrev  0x00000000000003aa      0x380 ./Core/Src/main.o
 .debug_abbrev  0x000000000000072a      0x118 ./Core/Src/nonvmem.o
 .debug_abbrev  0x0000000000000842      0x209 ./Core/Src/stm32f4xx_hal_msp.o
 .debug_abbrev  0x0000000000000a4b      0x18b ./Core/Src/stm32f4xx_it.o
 .debug_abbrev  0x0000000000000bd6       0xbb ./Core/Src/sysmem.o
 .debug_abbrev  0x0000000000000c91      0x116 ./Core/Src/system_stm32f4xx.o
 .debug_abbrev  0x0000000000000da7      0x338 ./Core/Src/ws2812b.o
 .debug_abbrev  0x00000000000010df       0x12 ./Core/Startup/startup_stm32f407vetx.o
 .debug_abbrev  0x00000000000010f1      0x20d ./Drivers/STM32F4xx_HAL_Driver/Src/stm32f4xx_hal.o
 .debug_abbrev  0x00000000000012fe      0x316 ./Drivers/STM32F4xx_HAL_Driver/Src/stm32f4xx_hal_cortex.o
 .debug_abbrev  0x0000000000001614      0x25b ./Drivers/STM32F4xx_HAL_Driver/Src/stm32f4xx_hal_dma.o
 .debug_abbrev  0x000000000000186f      0x1c4 ./Drivers/STM32F4xx_HAL_Driver/Src/stm32f4xx_hal_gpio.o
 .debug_abbrev  0x0000000000001a33      0x2aa ./Drivers/STM32F4xx_HAL_Driver/Src/stm32f4xx_hal_rcc.o
 .debug_abbrev  0x0000000000001cdd      0x25d ./Drivers/STM32F4xx_HAL_Driver/Src/stm32f4xx_hal_tim.o
 .debug_abbrev  0x0000000000001f3a      0x265 ./Drivers/STM32F4xx_HAL_Driver/Src/stm32f4xx_hal_tim_ex.o
 .debug_abbrev  0x000000000000219f      0x2f4 ./Drivers/STM32F4xx_HAL_Driver/Src/stm32f4xx_hal_uart.o

.debug_aranges  0x0000000000000000      0xda0
 .debug_aranges
                0x0000000000000000       0x30 ./Core/Src/irDecoder.o
 .debug_aranges
                0x0000000000000030       0x50 ./Core/Src/ledEffects.o
 .debug_aranges
                0x0000000000000080       0x80 ./Core/Src/main.o
 .debug_aranges
                0x0000000000000100       0x40 ./Core/Src/nonvmem.o
 .debug_aranges
                0x0000000000000140       0x40 ./Core/Src/stm32f4xx_hal_msp.o
 .debug_aranges
                0x0000000000000180       0x78 ./Core/Src/stm32f4xx_it.o
 .debug_aranges
                0x00000000000001f8       0x20 ./Core/Src/sysmem.o
 .debug_aranges
                0x0000000000000218       0x28 ./Core/Src/system_stm32f4xx.o
 .debug_aranges
                0x0000000000000240       0x88 ./Core/Src/ws2812b.o
 .debug_aranges
                0x00000000000002c8       0x28 ./Core/Startup/startup_stm32f407vetx.o
 .debug_aranges
                0x00000000000002f0       0xf0 ./Drivers/STM32F4xx_HAL_Driver/Src/stm32f4xx_hal.o
 .debug_aranges
                0x00000000000003e0      0x118 ./Drivers/STM32F4xx_HAL_Driver/Src/stm32f4xx_hal_cortex.o
 .debug_aranges
                0x00000000000004f8       0x90 ./Drivers/STM32F4xx_HAL_Driver/Src/stm32f4xx_hal_dma.o
 .debug_aranges
                0x0000000000000588       0x58 ./Drivers/STM32F4xx_HAL_Driver/Src/stm32f4xx_hal_gpio.o
 .debug_aranges
                0x00000000000005e0       0x88 ./Drivers/STM32F4xx_HAL_Driver/Src/stm32f4xx_hal_rcc.o
 .debug_aranges
                0x0000000000000668      0x3d0 ./Drivers/STM32F4xx_HAL_Driver/Src/stm32f4xx_hal_tim.o
 .debug_aranges
                0x0000000000000a38      0x168 ./Drivers/STM32F4xx_HAL_Driver/Src/stm32f4xx_hal_tim_ex.o
 .debug_aranges
                0x0000000000000ba0      0x200 ./Drivers/STM32F4xx_HAL_Driver/Src/stm32f4xx_hal_uart.o

.debug_ranges   0x0000000000000000      0xcb8
 .debug_ranges  0x0000000000000000       0x20 ./Core/Src/irDecoder.o
 .debug_ranges  0x0000000000000020       0x40 ./Core/Src/ledEffects.o
 .debug_ranges  0x0000000000000060       0x70 ./Core/Src/main.o
 .debug_ranges  0x00000000000000d0       0x30 ./Core/Src/nonvmem.o
 .debug_ranges  0x0000000000000100       0x30 ./Core/Src/stm32f4xx_hal_msp.o
 .debug_ranges  0x0000000000000130       0x68 ./Core/Src/stm32f4xx_it.o
 .debug_ranges  0x0000000000000198       0x10 ./Core/Src/sysmem.o
 .debug_ranges  0x00000000000001a8       0x18 ./Core/Src/system_stm32f4xx.o
 .debug_ranges  0x00000000000001c0       0x78 ./Core/Src/ws2812b.o
 .debug_ranges  0x0000000000000238       0x20 ./Core/Startup/startup_stm32f407vetx.o
 .debug_ranges  0x0000000000000258       0xe0 ./Drivers/STM32F4xx_HAL_Driver/Src/stm32f4xx_hal.o
 .debug_ranges  0x0000000000000338      0x108 ./Drivers/STM32F4xx_HAL_Driver/Src/stm32f4xx_hal_cortex.o
 .debug_ranges  0x0000000000000440       0x80 ./Drivers/STM32F4xx_HAL_Driver/Src/stm32f4xx_hal_dma.o
 .debug_ranges  0x00000000000004c0       0x48 ./Drivers/STM32F4xx_HAL_Driver/Src/stm32f4xx_hal_gpio.o
 .debug_ranges  0x0000000000000508       0x78 ./Drivers/STM32F4xx_HAL_Driver/Src/stm32f4xx_hal_rcc.o
 .debug_ranges  0x0000000000000580      0x3c0 ./Drivers/STM32F4xx_HAL_Driver/Src/stm32f4xx_hal_tim.o
 .debug_ranges  0x0000000000000940      0x158 ./Drivers/STM32F4xx_HAL_Driver/Src/stm32f4xx_hal_tim_ex.o
 .debug_ranges  0x0000000000000a98      0x220 ./Drivers/STM32F4xx_HAL_Driver/Src/stm32f4xx_hal_uart.o

.debug_macro    0x0000000000000000    0x21c7f
 .debug_macro   0x0000000000000000      0x1e2 ./Core/Src/irDecoder.o
 .debug_macro   0x00000000000001e2      0xa78 ./Core/Src/irDecoder.o
 .debug_macro   0x0000000000000c5a      0x29b ./Core/Src/irDecoder.o
 .debug_macro   0x0000000000000ef5       0x2e ./Core/Src/irDecoder.o
 .debug_macro   0x0000000000000f23       0x2f ./Core/Src/irDecoder.o
 .debug_macro   0x0000000000000f52       0x22 ./Core/Src/irDecoder.o
 .debug_macro   0x0000000000000f74       0x8e ./Core/Src/irDecoder.o
 .debug_macro   0x0000000000001002       0x51 ./Core/Src/irDecoder.o
 .debug_macro   0x0000000000001053      0x103 ./Core/Src/irDecoder.o
 .debug_macro   0x0000000000001156       0x6a ./Core/Src/irDecoder.o
 .debug_macro   0x00000000000011c0      0x1df ./Core/Src/irDecoder.o
 .debug_macro   0x000000000000139f       0x1c ./Core/Src/irDecoder.o
 .debug_macro   0x00000000000013bb       0x22 ./Core/Src/irDecoder.o
 .debug_macro   0x00000000000013dd       0xd9 ./Core/Src/irDecoder.o
 .debug_macro   0x00000000000014b6     0x102d ./Core/Src/irDecoder.o
 .debug_macro   0x00000000000024e3      0x11f ./Core/Src/irDecoder.o
 .debug_macro   0x0000000000002602    0x15e82 ./Core/Src/irDecoder.o
 .debug_macro   0x0000000000018484       0x6d ./Core/Src/irDecoder.o
 .debug_macro   0x00000000000184f1     0x367e ./Core/Src/irDecoder.o
 .debug_macro   0x000000000001bb6f      0x174 ./Core/Src/irDecoder.o
 .debug_macro   0x000000000001bce3       0x5c ./Core/Src/irDecoder.o
 .debug_macro   0x000000000001bd3f      0x96b ./Core/Src/irDecoder.o
 .debug_macro   0x000000000001c6aa      0x9fe ./Core/Src/irDecoder.o
 .debug_macro   0x000000000001d0a8      0x115 ./Core/Src/irDecoder.o
 .debug_macro   0x000000000001d1bd      0x13e ./Core/Src/irDecoder.o
 .debug_macro   0x000000000001d2fb       0xa5 ./Core/Src/irDecoder.o
 .debug_macro   0x000000000001d3a0      0x174 ./Core/Src/irDecoder.o
 .debug_macro   0x000000000001d514      0x287 ./Core/Src/irDecoder.o
 .debug_macro   0x000000000001d79b       0x5f ./Core/Src/irDecoder.o
 .debug_macro   0x000000000001d7fa      0x236 ./Core/Src/irDecoder.o
 .debug_macro   0x000000000001da30      0x12c ./Core/Src/irDecoder.o
 .debug_macro   0x000000000001db5c      0x21e ./Core/Src/irDecoder.o
 .debug_macro   0x000000000001dd7a       0x2e ./Core/Src/irDecoder.o
 .debug_macro   0x000000000001dda8      0x11a ./Core/Src/irDecoder.o
 .debug_macro   0x000000000001dec2       0x7e ./Core/Src/irDecoder.o
 .debug_macro   0x000000000001df40       0x89 ./Core/Src/irDecoder.o
 .debug_macro   0x000000000001dfc9      0x8e6 ./Core/Src/irDecoder.o
 .debug_macro   0x000000000001e8af       0x47 ./Core/Src/irDecoder.o
 .debug_macro   0x000000000001e8f6      0x295 ./Core/Src/irDecoder.o
 .debug_macro   0x000000000001eb8b      0x12d ./Core/Src/irDecoder.o
 .debug_macro   0x000000000001ecb8      0x221 ./Core/Src/ledEffects.o
 .debug_macro   0x000000000001eed9       0x7c ./Core/Src/ledEffects.o
 .debug_macro   0x000000000001ef55       0xaa ./Core/Src/ledEffects.o
 .debug_macro   0x000000000001efff       0x28 ./Core/Src/ledEffects.o
 .debug_macro   0x000000000001f027      0x3dc ./Core/Src/main.o
 .debug_macro   0x000000000001f403       0x82 ./Core/Src/main.o
 .debug_macro   0x000000000001f485       0x1e ./Core/Src/main.o
 .debug_macro   0x000000000001f4a3       0x52 ./Core/Src/main.o
 .debug_macro   0x000000000001f4f5       0x3c ./Core/Src/main.o
 .debug_macro   0x000000000001f531       0x34 ./Core/Src/main.o
 .debug_macro   0x000000000001f565       0x16 ./Core/Src/main.o
 .debug_macro   0x000000000001f57b       0x35 ./Core/Src/main.o
 .debug_macro   0x000000000001f5b0       0x16 ./Core/Src/main.o
 .debug_macro   0x000000000001f5c6       0x43 ./Core/Src/main.o
 .debug_macro   0x000000000001f609       0x34 ./Core/Src/main.o
 .debug_macro   0x000000000001f63d       0x10 ./Core/Src/main.o
 .debug_macro   0x000000000001f64d       0x58 ./Core/Src/main.o
 .debug_macro   0x000000000001f6a5       0x71 ./Core/Src/main.o
 .debug_macro   0x000000000001f716       0x1c ./Core/Src/main.o
 .debug_macro   0x000000000001f732      0x12a ./Core/Src/main.o
 .debug_macro   0x000000000001f85c      0x341 ./Core/Src/main.o
 .debug_macro   0x000000000001fb9d       0x16 ./Core/Src/main.o
 .debug_macro   0x000000000001fbb3       0x29 ./Core/Src/main.o
 .debug_macro   0x000000000001fbdc       0x1c ./Core/Src/main.o
 .debug_macro   0x000000000001fbf8       0x10 ./Core/Src/main.o
 .debug_macro   0x000000000001fc08       0x10 ./Core/Src/main.o
 .debug_macro   0x000000000001fc18       0x1c ./Core/Src/main.o
 .debug_macro   0x000000000001fc34       0x52 ./Core/Src/main.o
 .debug_macro   0x000000000001fc86       0x22 ./Core/Src/main.o
 .debug_macro   0x000000000001fca8       0x10 ./Core/Src/main.o
 .debug_macro   0x000000000001fcb8       0x52 ./Core/Src/main.o
 .debug_macro   0x000000000001fd0a       0xd5 ./Core/Src/main.o
 .debug_macro   0x000000000001fddf       0x1c ./Core/Src/main.o
 .debug_macro   0x000000000001fdfb       0x3d ./Core/Src/main.o
 .debug_macro   0x000000000001fe38       0x16 ./Core/Src/main.o
 .debug_macro   0x000000000001fe4e      0x145 ./Core/Src/main.o
 .debug_macro   0x000000000001ff93       0x16 ./Core/Src/main.o
 .debug_macro   0x000000000001ffa9       0x20 ./Core/Src/main.o
 .debug_macro   0x000000000001ffc9      0x1e6 ./Core/Src/nonvmem.o
 .debug_macro   0x00000000000201af      0x1d8 ./Core/Src/stm32f4xx_hal_msp.o
 .debug_macro   0x0000000000020387      0x1e2 ./Core/Src/stm32f4xx_it.o
 .debug_macro   0x0000000000020569       0xff ./Core/Src/sysmem.o
 .debug_macro   0x0000000000020668      0x23b ./Core/Src/sysmem.o
 .debug_macro   0x00000000000208a3      0x1ce ./Core/Src/system_stm32f4xx.o
 .debug_macro   0x0000000000020a71      0x2a6 ./Core/Src/ws2812b.o
 .debug_macro   0x0000000000020d17       0x10 ./Core/Src/ws2812b.o
 .debug_macro   0x0000000000020d27       0x56 ./Core/Src/ws2812b.o
 .debug_macro   0x0000000000020d7d      0x22e ./Drivers/STM32F4xx_HAL_Driver/Src/stm32f4xx_hal.o
 .debug_macro   0x0000000000020fab      0x1ce ./Drivers/STM32F4xx_HAL_Driver/Src/stm32f4xx_hal_cortex.o
 .debug_macro   0x0000000000021179      0x1d4 ./Drivers/STM32F4xx_HAL_Driver/Src/stm32f4xx_hal_dma.o
 .debug_macro   0x000000000002134d      0x1d4 ./Drivers/STM32F4xx_HAL_Driver/Src/stm32f4xx_hal_gpio.o
 .debug_macro   0x0000000000021521      0x1f2 ./Drivers/STM32F4xx_HAL_Driver/Src/stm32f4xx_hal_rcc.o
 .debug_macro   0x0000000000021713      0x1cf ./Drivers/STM32F4xx_HAL_Driver/Src/stm32f4xx_hal_tim.o
 .debug_macro   0x00000000000218e2      0x1ce ./Drivers/STM32F4xx_HAL_Driver/Src/stm32f4xx_hal_tim_ex.o
 .debug_macro   0x0000000000021ab0      0x1cf ./Drivers/STM32F4xx_HAL_Driver/Src/stm32f4xx_hal_uart.o

.debug_line     0x0000000000000000    0x10bf8
 .debug_line    0x0000000000000000      0x828 ./Core/Src/irDecoder.o
 .debug_line    0x0000000000000828      0x96d ./Core/Src/ledEffects.o
 .debug_line    0x0000000000001195     0x1087 ./Core/Src/main.o
 .debug_line    0x000000000000221c      0x8ca ./Core/Src/nonvmem.o
 .debug_line    0x0000000000002ae6      0x7ab ./Core/Src/stm32f4xx_hal_msp.o
 .debug_line    0x0000000000003291      0x7ce ./Core/Src/stm32f4xx_it.o
 .debug_line    0x0000000000003a5f      0x4f4 ./Core/Src/sysmem.o
 .debug_line    0x0000000000003f53      0x745 ./Core/Src/system_stm32f4xx.o
 .debug_line    0x0000000000004698      0xce9 ./Core/Src/ws2812b.o
 .debug_line    0x0000000000005381       0x88 ./Core/Startup/startup_stm32f407vetx.o
 .debug_line    0x0000000000005409      0x9ab ./Drivers/STM32F4xx_HAL_Driver/Src/stm32f4xx_hal.o
 .debug_line    0x0000000000005db4      0xc5a ./Drivers/STM32F4xx_HAL_Driver/Src/stm32f4xx_hal_cortex.o
 .debug_line    0x0000000000006a0e      0xf0f ./Drivers/STM32F4xx_HAL_Driver/Src/stm32f4xx_hal_dma.o
 .debug_line    0x000000000000791d      0xb1f ./Drivers/STM32F4xx_HAL_Driver/Src/stm32f4xx_hal_gpio.o
 .debug_line    0x000000000000843c      0xd25 ./Drivers/STM32F4xx_HAL_Driver/Src/stm32f4xx_hal_rcc.o
 .debug_line    0x0000000000009161     0x369f ./Drivers/STM32F4xx_HAL_Driver/Src/stm32f4xx_hal_tim.o
 .debug_line    0x000000000000c800     0x19a8 ./Drivers/STM32F4xx_HAL_Driver/Src/stm32f4xx_hal_tim_ex.o
 .debug_line    0x000000000000e1a8     0x2a50 ./Drivers/STM32F4xx_HAL_Driver/Src/stm32f4xx_hal_uart.o

.debug_str      0x0000000000000000    0xcc3b9
 .debug_str     0x0000000000000000    0xc3b87 ./Core/Src/irDecoder.o
                                      0xc3ec0 (size before relaxing)
 .debug_str     0x00000000000c3b87      0xb1c ./Core/Src/ledEffects.o
                                      0xc41bd (size before relaxing)
 .debug_str     0x00000000000c46a3     0x4ad1 ./Core/Src/main.o
                                      0xc934b (size before relaxing)
 .debug_str     0x00000000000c9174       0x7e ./Core/Src/nonvmem.o
                                      0xc3b77 (size before relaxing)
 .debug_str     0x00000000000c91f2      0x13c ./Core/Src/stm32f4xx_hal_msp.o
                                      0xc4543 (size before relaxing)
 .debug_str     0x00000000000c932e      0x13d ./Core/Src/stm32f4xx_it.o
                                      0xc3ee2 (size before relaxing)
 .debug_str     0x00000000000c946b      0x4da ./Core/Src/sysmem.o
                                       0x5ddb (size before relaxing)
 .debug_str     0x00000000000c9945       0xdb ./Core/Src/system_stm32f4xx.o
                                      0xc384c (size before relaxing)
 .debug_str     0x00000000000c9a20      0x31a ./Core/Src/ws2812b.o
                                      0xc7989 (size before relaxing)
 .debug_str     0x00000000000c9d3a       0x36 ./Core/Startup/startup_stm32f407vetx.o
                                         0x85 (size before relaxing)
 .debug_str     0x00000000000c9d70      0x617 ./Drivers/STM32F4xx_HAL_Driver/Src/stm32f4xx_hal.o