Archive member included to satisfy reference by file (symbol)

c:/st/stm32cubeide_1.12.0/stm32cubeide/plugins/com.st.stm32cube.ide.mcu.externaltools.gnu-tools-for-stm32.10.3-2021.10.win32_1.0.200.202301161003/tools/bin/../lib/gcc/arm-none-eabi/10.3.1/../../../../arm-none-eabi/lib/thumb/v7e-m+fp/hard\libc_nano.a(lib_a-errno.o)
                              ./Core/Src/syscalls.o (__errno)
c:/st/stm32cubeide_1.12.0/stm32cubeide/plugins/com.st.stm32cube.ide.mcu.externaltools.gnu-tools-for-stm32.10.3-2021.10.win32_1.0.200.202301161003/tools/bin/../lib/gcc/arm-none-eabi/10.3.1/../../../../arm-none-eabi/lib/thumb/v7e-m+fp/hard\libc_nano.a(lib_a-exit.o)
                              c:/st/stm32cubeide_1.12.0/stm32cubeide/plugins/com.st.stm32cube.ide.mcu.externaltools.gnu-tools-for-stm32.10.3-2021.10.win32_1.0.200.202301161003/tools/bin/../lib/gcc/arm-none-eabi/10.3.1/../../../../arm-none-eabi/lib/thumb/v7e-m+fp/hard/crt0.o (exit)
c:/st/stm32cubeide_1.12.0/stm32cubeide/plugins/com.st.stm32cube.ide.mcu.externaltools.gnu-tools-for-stm32.10.3-2021.10.win32_1.0.200.202301161003/tools/bin/../lib/gcc/arm-none-eabi/10.3.1/../../../../arm-none-eabi/lib/thumb/v7e-m+fp/hard\libc_nano.a(lib_a-impure.o)
                              c:/st/stm32cubeide_1.12.0/stm32cubeide/plugins/com.st.stm32cube.ide.mcu.externaltools.gnu-tools-for-stm32.10.3-2021.10.win32_1.0.200.202301161003/tools/bin/../lib/gcc/arm-none-eabi/10.3.1/../../../../arm-none-eabi/lib/thumb/v7e-m+fp/hard\libc_nano.a(lib_a-exit.o) (_global_impure_ptr)
c:/st/stm32cubeide_1.12.0/stm32cubeide/plugins/com.st.stm32cube.ide.mcu.externaltools.gnu-tools-for-stm32.10.3-2021.10.win32_1.0.200.202301161003/tools/bin/../lib/gcc/arm-none-eabi/10.3.1/../../../../arm-none-eabi/lib/thumb/v7e-m+fp/hard\libc_nano.a(lib_a-init.o)
                              c:/st/stm32cubeide_1.12.0/stm32cubeide/plugins/com.st.stm32cube.ide.mcu.externaltools.gnu-tools-for-stm32.10.3-2021.10.win32_1.0.200.202301161003/tools/bin/../lib/gcc/arm-none-eabi/10.3.1/../../../../arm-none-eabi/lib/thumb/v7e-m+fp/hard/crt0.o (__libc_init_array)
c:/st/stm32cubeide_1.12.0/stm32cubeide/plugins/com.st.stm32cube.ide.mcu.externaltools.gnu-tools-for-stm32.10.3-2021.10.win32_1.0.200.202301161003/tools/bin/../lib/gcc/arm-none-eabi/10.3.1/../../../../arm-none-eabi/lib/thumb/v7e-m+fp/hard\libc_nano.a(lib_a-memcpy-stub.o)
                              ./USB_DEVICE/App/usbd_cdc_if.o (memcpy)
c:/st/stm32cubeide_1.12.0/stm32cubeide/plugins/com.st.stm32cube.ide.mcu.externaltools.gnu-tools-for-stm32.10.3-2021.10.win32_1.0.200.202301161003/tools/bin/../lib/gcc/arm-none-eabi/10.3.1/../../../../arm-none-eabi/lib/thumb/v7e-m+fp/hard\libc_nano.a(lib_a-memset.o)
                              c:/st/stm32cubeide_1.12.0/stm32cubeide/plugins/com.st.stm32cube.ide.mcu.externaltools.gnu-tools-for-stm32.10.3-2021.10.win32_1.0.200.202301161003/tools/bin/../lib/gcc/arm-none-eabi/10.3.1/../../../../arm-none-eabi/lib/thumb/v7e-m+fp/hard/crt0.o (memset)
c:/st/stm32cubeide_1.12.0/stm32cubeide/plugins/com.st.stm32cube.ide.mcu.externaltools.gnu-tools-for-stm32.10.3-2021.10.win32_1.0.200.202301161003/tools/bin/../lib/gcc/arm-none-eabi/10.3.1/../../../../arm-none-eabi/lib/thumb/v7e-m+fp/hard\libc_nano.a(lib_a-rand.o)
                              ./Core/Src/visEffect.o (rand)
c:/st/stm32cubeide_1.12.0/stm32cubeide/plugins/com.st.stm32cube.ide.mcu.externaltools.gnu-tools-for-stm32.10.3-2021.10.win32_1.0.200.202301161003/tools/bin/../lib/gcc/arm-none-eabi/10.3.1/../../../../arm-none-eabi/lib/thumb/v7e-m+fp/hard\libc_nano.a(lib_a-sprintf.o)
                              ./Core/Src/irDecoder.o (sprintf)
c:/st/stm32cubeide_1.12.0/stm32cubeide/plugins/com.st.stm32cube.ide.mcu.externaltools.gnu-tools-for-stm32.10.3-2021.10.win32_1.0.200.202301161003/tools/bin/../lib/gcc/arm-none-eabi/10.3.1/../../../../arm-none-eabi/lib/thumb/v7e-m+fp/hard\libc_nano.a(lib_a-strlen.o)
                              ./Core/Src/main.o (strlen)
c:/st/stm32cubeide_1.12.0/stm32cubeide/plugins/com.st.stm32cube.ide.mcu.externaltools.gnu-tools-for-stm32.10.3-2021.10.win32_1.0.200.202301161003/tools/bin/../lib/gcc/arm-none-eabi/10.3.1/../../../../arm-none-eabi/lib/thumb/v7e-m+fp/hard\libc_nano.a(lib_a-assert.o)
                              c:/st/stm32cubeide_1.12.0/stm32cubeide/plugins/com.st.stm32cube.ide.mcu.externaltools.gnu-tools-for-stm32.10.3-2021.10.win32_1.0.200.202301161003/tools/bin/../lib/gcc/arm-none-eabi/10.3.1/../../../../arm-none-eabi/lib/thumb/v7e-m+fp/hard\libc_nano.a(lib_a-rand.o) (__assert_func)
c:/st/stm32cubeide_1.12.0/stm32cubeide/plugins/com.st.stm32cube.ide.mcu.externaltools.gnu-tools-for-stm32.10.3-2021.10.win32_1.0.200.202301161003/tools/bin/../lib/gcc/arm-none-eabi/10.3.1/../../../../arm-none-eabi/lib/thumb/v7e-m+fp/hard\libc_nano.a(lib_a-fprintf.o)
[...]
Memory Configuration

Name             Origin             Length             Attributes
CCMRAM           0x0000000010000000 0x0000000000010000 xrw
RAM              0x0000000020000000 0x0000000000020000 xrw
FLASH            0x0000000008000000 0x0000000000080000 xr
*default*        0x0000000000000000 0xffffffffffffffff

Linker script and memory map

LOAD c:/st/stm32cubeide_1.12.0/stm32cubeide/plugins/com.st.stm32cube.ide.mcu.externaltools.gnu-tools-for-stm32.10.3-2021.10.win32_1.0.200.202301161003/tools/bin/../lib/gcc/arm-none-eabi/10.3.1/thumb/v7e-m+fp/hard/crti.o
LOAD c:/st/stm32cubeide_1.12.0/stm32cubeide/plugins/com.st.stm32cube.ide.mcu.externaltools.gnu-tools-for-stm32.10.3-2021.10.win32_1.0.200.202301161003/tools/bin/../lib/gcc/arm-none-eabi/10.3.1/thumb/v7e-m+fp/hard/crtbegin.o
LOAD c:/st/stm32cubeide_1.12.0/stm32cubeide/plugins/com.st.stm32cube.ide.mcu.externaltools.gnu-tools-for-stm32.10.3-2021.10.win32_1.0.200.202301161003/tools/bin/../lib/gcc/arm-none-eabi/10.3.1/../../../../arm-none-eabi/lib/thumb/v7e-m+fp/hard/crt0.o
LOAD ./Core/Src/irDecoder.o
LOAD ./Core/Src/ledEffects.o
LOAD ./Core/Src/main.o
LOAD ./Core/Src/nonvmem.o
LOAD ./Core/Src/stm32f4xx_hal_msp.o
LOAD ./Core/Src/stm32f4xx_it.o
LOAD ./Core/Src/syscalls.o
LOAD ./Core/Src/sysmem.o
LOAD ./Core/Src/system_stm32f4xx.o
LOAD ./Core/Src/visEffect.o
LOAD ./Core/Src/ws2812b.o
LOAD ./Core/Startup/startup_stm32f407vetx.o
LOAD ./Drivers/STM32F4xx_HAL_Driver/Src/stm32f4xx_hal.o
LOAD ./Drivers/STM32F4xx_HAL_Driver/Src/stm32f4xx_hal_cortex.o
LOAD ./Drivers/STM32F4xx_HAL_Driver/Src/stm32f4xx_hal_dma.o
LOAD ./Drivers/STM32F4xx_HAL_Driver/Src/stm32f4xx_hal_dma_ex.o
LOAD ./Drivers/STM32F4xx_HAL_Driver/Src/stm32f4xx_hal_exti.o
LOAD ./Drivers/STM32F4xx_HAL_Driver/Src/stm32f4xx_hal_flash.o
LOAD ./Drivers/STM32F4xx_HAL_Driver/Src/stm32f4xx_hal_flash_ex.o
LOAD ./Drivers/STM32F4xx_HAL_Driver/Src/stm32f4xx_hal_flash_ramfunc.o
LOAD ./Drivers/STM32F4xx_HAL_Driver/Src/stm32f4xx_hal_gpio.o
LOAD ./Drivers/STM32F4xx_HAL_Driver/Src/stm32f4xx_hal_pcd.o
LOAD ./Drivers/STM32F4xx_HAL_Driver/Src/stm32f4xx_hal_pcd_ex.o
LOAD ./Drivers/STM32F4xx_HAL_Driver/Src/stm32f4xx_hal_pwr.o
LOAD ./Drivers/STM32F4xx_HAL_Driver/Src/stm32f4xx_hal_pwr_ex.o
LOAD ./Drivers/STM32F4xx_HAL_Driver/Src/stm32f4xx_hal_rcc.o
LOAD ./Drivers/STM32F4xx_HAL_Driver/Src/stm32f4xx_hal_rcc_ex.o
LOAD ./Drivers/STM32F4xx_HAL_Driver/Src/stm32f4xx_hal_tim.o
LOAD ./Drivers/STM32F4xx_HAL_Driver/Src/stm32f4xx_hal_tim_ex.o
LOAD ./Drivers/STM32F4xx_HAL_Driver/Src/stm32f4xx_hal_uart.o
LOAD ./Drivers/STM32F4xx_HAL_Driver/Src/stm32f4xx_ll_usb.o
LOAD ./Middlewares/ST/STM32_USB_Device_Library/Class/CDC/Src/usbd_cdc.o
LOAD ./Middlewares/ST/STM32_USB_Device_Library/Core/Src/usbd_core.o
LOAD ./Middlewares/ST/STM32_USB_Device_Library/Core/Src/usbd_ctlreq.o
LOAD ./Middlewares/ST/STM32_USB_Device_Library/Core/Src/usbd_ioreq.o
LOAD ./USB_DEVICE/App/usb_device.o
LOAD ./USB_DEVICE/App/usbd_cdc_if.o
LOAD ./USB_DEVICE/App/usbd_desc.o
LOAD ./USB_DEVICE/Target/usbd_conf.o
START GROUP
LOAD c:/st/stm32cubeide_1.12.0/stm32cubeide/plugins/com.st.stm32cube.ide.mcu.externaltools.gnu-tools-for-stm32.10.3-2021.10.win32_1.0.200.202301161003/tools/bin/../lib/gcc/arm-none-eabi/10.3.1/../../../../arm-none-eabi/lib/thumb/v7e-m+fp/hard\libc_nano.a
LOAD c:/st/stm32cubeide_1.12.0/stm32cubeide/plugins/com.st.stm32cube.ide.mcu.externaltools.gnu-tools-for-stm32.10.3-2021.10.win32_1.0.200.202301161003/tools/bin/../lib/gcc/arm-none-eabi/10.3.1/../../../../arm-none-eabi/lib/thumb/v7e-m+fp/hard\libm.a
END GROUP
START GROUP
LOAD c:/st/stm32cubeide_1.12.0/stm32cubeide/plugins/com.st.stm32cube.ide.mcu.externaltools.gnu-tools-for-stm32.10.3-2021.10.win32_1.0.200.202301161003/tools/bin/../lib/gcc/arm-none-eabi/10.3.1/thumb/v7e-m+fp/hard\libgcc.a
LOAD c:/st/stm32cubeide_1.12.0/stm32cubeide/plugins/com.st.stm32cube.ide.mcu.externaltools.gnu-tools-for-stm32.10.3-2021.10.win32_1.0.200.202301161003/tools/bin/../lib/gcc/arm-none-eabi/10.3.1/../../../../arm-none-eabi/lib/thumb/v7e-m+fp/hard\libc_nano.a
END GROUP
START GROUP
LOAD c:/st/stm32cubeide_1.12.0/stm32cubeide/plugins/com.st.stm32cube.ide.mcu.externaltools.gnu-tools-for-stm32.10.3-2021.10.win32_1.0.200.202301161003/tools/bin/../lib/gcc/arm-none-eabi/10.3.1/thumb/v7e-m+fp/hard\libgcc.a
LOAD c:/st/stm32cubeide_1.12.0/stm32cubeide/plugins/com.st.stm32cube.ide.mcu.externaltools.gnu-tools-for-stm32.10.3-2021.10.win32_1.0.200.202301161003/tools/bin/../lib/gcc/arm-none-eabi/10.3.1/../../../../arm-none-eabi/lib/thumb/v7e-m+fp/hard\libc_nano.a
LOAD c:/st/stm32cubeide_1.12.0/stm32cubeide/plugins/com.st.stm32cube.ide.mcu.externaltools.gnu-tools-for-stm32.10.3-2021.10.win32_1.0.200.202301161003/tools/bin/../lib/gcc/arm-none-eabi/10.3.1/../../../../arm-none-eabi/lib/thumb/v7e-m+fp/hard\libnosys.a
END GROUP
START GROUP
LOAD c:/st/stm32cubeide_1.12.0/stm32cubeide/plugins/com.st.stm32cube.ide.mcu.externaltools.gnu-tools-for-stm32.10.3-2021.10.win32_1.0.200.202301161003/tools/bin/../lib/gcc/arm-none-eabi/10.3.1/thumb/v7e-m+fp/hard\libgcc.a
LOAD c:/st/stm32cubeide_1.12.0/stm32cubeide/plugins/com.st.stm32cube.ide.mcu.externaltools.gnu-tools-for-stm32.10.3-2021.10.win32_1.0.200.202301161003/tools/bin/../lib/gcc/arm-none-eabi/10.3.1/../../../../arm-none-eabi/lib/thumb/v7e-m+fp/hard\libc_nano.a
LOAD c:/st/stm32cubeide_1.12.0/stm32cubeide/plugins/com.st.stm32cube.ide.mcu.externaltools.gnu-tools-for-stm32.10.3-2021.10.win32_1.0.200.202301161003/tools/bin/../lib/gcc/arm-none-eabi/10.3.1/../../../../arm-none-eabi/lib/thumb/v7e-m+fp/hard\libnosys.a
END GROUP
LOAD c:/st/stm32cubeide_1.12.0/stm32cubeide/plugins/com.st.stm32cube.ide.mcu.externaltools.gnu-tools-for-stm32.10.3-2021.10.win32_1.0.200.202301161003/tools/bin/../lib/gcc/arm-none-eabi/10.3.1/thumb/v7e-m+fp/hard/crtend.o
LOAD c:/st/stm32cubeide_1.12.0/stm32cubeide/plugins/com.st.stm32cube.ide.mcu.externaltools.gnu-tools-for-stm32.10.3-2021.10.win32_1.0.200.202301161003/tools/bin/../lib/gcc/arm-none-eabi/10.3.1/thumb/v7e-m+fp/hard/crtn.o
                0x0000000020020000                _estack = (ORIGIN (RAM) + LENGTH (RAM))
                0x0000000000000200                _Min_Heap_Size = 0x200
                0x0000000000000400                _Min_Stack_Size = 0x400

.isr_vector     0x0000000008000000      0x188
                0x0000000008000000                . = ALIGN (0x4)
 *(.isr_vector)
 .isr_vector    0x0000000008000000      0x188 ./Core/Startup/startup_stm32f407vetx.o
                0x0000000008000000                g_pfnVectors
                0x0000000008000188                . = ALIGN (0x4)

.text           0x0000000008000190     0xcfb4
                0x0000000008000190                . = ALIGN (0x4)
 *(.text)
 .text          0x0000000008000190       0x40 c:/st/stm32cubeide_1.12.0/stm32cubeide/plugins/com.st.stm32cube.ide.mcu.externaltools.gnu-tools-for-stm32.10.3-2021.10.win32_1.0.200.202301161003/tools/bin/../lib/gcc/arm-none-eabi/10.3.1/thumb/v7e-m+fp/hard/crtbegin.o
 .text          0x00000000080001d0       0x10 c:/st/stm32cubeide_1.12.0/stm32cubeide/plugins/com.st.stm32cube.ide.mcu.externaltools.gnu-tools-for-stm32.10.3-2021.10.win32_1.0.200.202301161003/tools/bin/../lib/gcc/arm-none-eabi/10.3.1/../../../../arm-none-eabi/lib/thumb/v7e-m+fp/hard\libc_nano.a(lib_a-strlen.o)
                0x00000000080001d0                strlen
 .text          0x00000000080001e0       0xa0 c:/st/stm32cubeide_1.12.0/stm32cubeide/plugins/com.st.stm32cube.ide.mcu.externaltools.gnu-tools-for-stm32.10.3-2021.10.win32_1.0.200.202301161003/tools/bin/../lib/gcc/arm-none-eabi/10.3.1/../../../../arm-none-eabi/lib/thumb/v7e-m+fp/hard\libc_nano.a(lib_a-memchr.o)
                0x00000000080001e0                memchr
 .text          0x0000000008000280       0x30 c:/st/stm32cubeide_1.12.0/stm32cubeide/plugins/com.st.stm32cube.ide.mcu.externaltools.gnu-tools-for-stm32.10.3-2021.10.win32_1.0.200.202301161003/tools/bin/../lib/gcc/arm-none-eabi/10.3.1/thumb/v7e-m+fp/hard\libgcc.a(_aeabi_uldivmod.o)
                0x0000000008000280                __aeabi_uldivmod
 .text          0x00000000080002b0      0x2d0 c:/st/stm32cubeide_1.12.0/stm32cubeide/plugins/com.st.stm32cube.ide.mcu.externaltools.gnu-tools-for-stm32.10.3-2021.10.win32_1.0.200.202301161003/tools/bin/../lib/gcc/arm-none-eabi/10.3.1/thumb/v7e-m+fp/hard\libgcc.a(_udivmoddi4.o)
                0x00000000080002b0                __udivmoddi4
 .text          0x0000000008000580        0x4 c:/st/stm32cubeide_1.12.0/stm32cubeide/plugins/com.st.stm32cube.ide.mcu.externaltools.gnu-tools-for-stm32.10.3-2021.10.win32_1.0.200.202301161003/tools/bin/../lib/gcc/arm-none-eabi/10.3.1/thumb/v7e-m+fp/hard\libgcc.a(_dvmd_tls.o)
                0x0000000008000580                __aeabi_idiv0
                0x0000000008000580                __aeabi_ldiv0
 *(.text*)
 .text.irSetup  0x0000000008000584       0x30 ./Core/Src/irDecoder.o
                0x0000000008000584                irSetup
 .text.irHandle
                0x00000000080005b4      0x1b4 ./Core/Src/irDecoder.o
                0x00000000080005b4                irHandle
 .text.irIRQ    0x0000000008000768       0xb0 ./Core/Src/irDecoder.o
                0x0000000008000768                irIRQ
 .text.effectsLoop
                0x0000000008000818       0xe8 ./Core/Src/ledEffects.o
                0x0000000008000818                effectsLoop
 .text.handleEffects
                0x0000000008000900       0x88 ./Core/Src/ledEffects.o
                0x0000000008000900                handleEffects
 .text.setAllBlack
                0x0000000008000988       0x54 ./Core/Src/ledEffects.o
                0x0000000008000988                setAllBlack
 .text.setBlack
                0x00000000080009dc       0x48 ./Core/Src/ledEffects.o
                0x00000000080009dc                setBlack
 .text.calcRainbow
                0x0000000008000a24       0xcc ./Core/Src/ledEffects.o
                0x0000000008000a24                calcRainbow
 .text.Wheel    0x0000000008000af0       0x7c ./Core/Src/ledEffects.o
                0x0000000008000af0                Wheel
 .text.HAL_GPIO_EXTI_Callback
                0x0000000008000b6c       0x40 ./Core/Src/main.o
                0x0000000008000b6c                HAL_GPIO_EXTI_Callback
 .text.HAL_TIM_IC_CaptureCallback
                0x0000000008000bac       0x14 ./Core/Src/main.o
                0x0000000008000bac                HAL_TIM_IC_CaptureCallback
 .text.SendRoutinesOverUart
                0x0000000008000bc0      0x1c0 ./Core/Src/main.o
                0x0000000008000bc0                SendRoutinesOverUart
 .text.UartCheckReceived
                0x0000000008000d80      0x6c8 ./Core/Src/main.o
                0x0000000008000d80                UartCheckReceived
 .text.irCallback
                0x0000000008001448       0xf0 ./Core/Src/main.o
                0x0000000008001448                irCallback
 .text.main     0x0000000008001538      0x108 ./Core/Src/main.o
                0x0000000008001538                main
 .text.SystemClock_Config
                0x0000000008001640       0xd4 ./Core/Src/main.o
                0x0000000008001640                SystemClock_Config
 .text.MX_TIM1_Init
                0x0000000008001714       0xa0 ./Core/Src/main.o
 .text.MX_TIM3_Init
                0x00000000080017b4       0xe0 ./Core/Src/main.o
 .text.MX_USART2_UART_Init
                0x0000000008001894       0x54 ./Core/Src/main.o
 .text.MX_DMA_Init
                0x00000000080018e8       0x40 ./Core/Src/main.o
 .text.MX_GPIO_Init
                0x0000000008001928       0xc0 ./Core/Src/main.o
 .text.Error_Handler
                0x00000000080019e8        0xa ./Core/Src/main.o
                0x00000000080019e8                Error_Handler
 .text.purgeSaved
                0x00000000080019f2       0x38 ./Core/Src/nonvmem.o
                0x00000000080019f2                purgeSaved
 .text.save2DArr
                0x0000000008001a2a       0x70 ./Core/Src/nonvmem.o
                0x0000000008001a2a                save2DArr
 .text.read2DArr
                0x0000000008001a9a       0x74 ./Core/Src/nonvmem.o
                0x0000000008001a9a                read2DArr
 *fill*         0x0000000008001b0e        0x2 
 .text.saveMem  0x0000000008001b10      0x108 ./Core/Src/nonvmem.o
                0x0000000008001b10                saveMem
 .text.readMem  0x0000000008001c18      0x114 ./Core/Src/nonvmem.o
                0x0000000008001c18                readMem
 .text.HAL_MspInit
                0x0000000008001d2c       0x50 ./Core/Src/stm32f4xx_hal_msp.o
                0x0000000008001d2c                HAL_MspInit
 .text.HAL_TIM_Base_MspInit
                0x0000000008001d7c       0xcc ./Core/Src/stm32f4xx_hal_msp.o
                0x0000000008001d7c                HAL_TIM_Base_MspInit
 .text.HAL_UART_MspInit
                0x0000000008001e48      0x104 ./Core/Src/stm32f4xx_hal_msp.o
                0x0000000008001e48                HAL_UART_MspInit
 .text.NMI_Handler
                0x0000000008001f4c        0x6 ./Core/Src/stm32f4xx_it.o
                0x0000000008001f4c                NMI_Handler
 .text.HardFault_Handler
                0x0000000008001f52        0x6 ./Core/Src/stm32f4xx_it.o
                0x0000000008001f52                HardFault_Handler
 .text.MemManage_Handler
                0x0000000008001f58        0x6 ./Core/Src/stm32f4xx_it.o
                0x0000000008001f58                MemManage_Handler
 .text.BusFault_Handler
                0x0000000008001f5e        0x6 ./Core/Src/stm32f4xx_it.o
                0x0000000008001f5e                BusFault_Handler
 .text.UsageFault_Handler
                0x0000000008001f64        0x6 ./Core/Src/stm32f4xx_it.o
                0x0000000008001f64                UsageFault_Handler
 .text.SVC_Handler
                0x0000000008001f6a        0xe ./Core/Src/stm32f4xx_it.o
                0x0000000008001f6a                SVC_Handler
 .text.DebugMon_Handler
                0x0000000008001f78        0xe ./Core/Src/stm32f4xx_it.o
                0x0000000008001f78                DebugMon_Handler
 .text.PendSV_Handler
                0x0000000008001f86        0xe ./Core/Src/stm32f4xx_it.o
                0x0000000008001f86                PendSV_Handler
 .text.SysTick_Handler
                0x0000000008001f94        0xc ./Core/Src/stm32f4xx_it.o
                0x0000000008001f94                SysTick_Handler
 .text.EXTI0_IRQHandler
                0x0000000008001fa0        0xe ./Core/Src/stm32f4xx_it.o
                0x0000000008001fa0                EXTI0_IRQHandler
 *fill*         0x0000000008001fae        0x2 
 .text.DMA1_Stream5_IRQHandler
                0x0000000008001fb0       0x14 ./Core/Src/stm32f4xx_it.o
                0x0000000008001fb0                DMA1_Stream5_IRQHandler
 .text.TIM3_IRQHandler
                0x0000000008001fc4       0x14 ./Core/Src/stm32f4xx_it.o
                0x0000000008001fc4                TIM3_IRQHandler
 .text.USART2_IRQHandler
                0x0000000008001fd8       0x14 ./Core/Src/stm32f4xx_it.o
                0x0000000008001fd8                USART2_IRQHandler
 .text.OTG_FS_IRQHandler
                0x0000000008001fec       0x14 ./Core/Src/stm32f4xx_it.o
                0x0000000008001fec                OTG_FS_IRQHandler
 .text._sbrk    0x0000000008002000       0x6c ./Core/Src/sysmem.o
                0x0000000008002000                _sbrk
 .text.SystemInit
                0x000000000800206c       0x24 ./Core/Src/system_stm32f4xx.o
                0x000000000800206c                SystemInit
 .text.ws2812b_gpio_init
                0x0000000008002090       0x9c ./Core/Src/ws2812b.o
 .text.TIM1_init
                0x000000000800212c      0x184 ./Core/Src/ws2812b.o
 .text.DMA2_init
                0x00000000080022b0      0x1dc ./Core/Src/ws2812b.o
 .text.loadNextFramebufferData
                0x000000000800248c       0x7c ./Core/Src/ws2812b.o
 .text.WS2812_sendbuf
                0x0000000008002508      0x200 ./Core/Src/ws2812b.o
 .text.DMA_TransferError
                0x0000000008002708       0x1e ./Core/Src/ws2812b.o
                0x0000000008002708                DMA_TransferError
 *fill*         0x0000000008002726        0x2 
 .text.DMA_TransferHalfHandler
                0x0000000008002728       0x60 ./Core/Src/ws2812b.o
                0x0000000008002728                DMA_TransferHalfHandler
 .text.DMA_TransferCompleteHandler
                0x0000000008002788      0x138 ./Core/Src/ws2812b.o
                0x0000000008002788                DMA_TransferCompleteHandler
 .text.DMA2_Stream2_IRQHandler
                0x00000000080028c0       0x24 ./Core/Src/ws2812b.o
                0x00000000080028c0                DMA2_Stream2_IRQHandler
 .text.TIM1_UP_TIM10_IRQHandler
                0x00000000080028e4       0x24 ./Core/Src/ws2812b.o
                0x00000000080028e4                TIM1_UP_TIM10_IRQHandler
 .text.HAL_TIM_PeriodElapsedCallback
                0x0000000008002908       0x64 ./Core/Src/ws2812b.o
                0x0000000008002908                HAL_TIM_PeriodElapsedCallback
 .text.ws2812b_set_pixel
                0x000000000800296c      0x194 ./Core/Src/ws2812b.o
 .text.ws2812b_init
                0x0000000008002b00       0x20 ./Core/Src/ws2812b.o
                0x0000000008002b00                ws2812b_init
 .text.ws2812b_handle
                0x0000000008002b20       0x24 ./Core/Src/ws2812b.o
                0x0000000008002b20                ws2812b_handle
 .text.Reset_Handler
                0x0000000008002b44       0x50 ./Core/Startup/startup_stm32f407vetx.o
                0x0000000008002b44                Reset_Handler
 .text.Default_Handler
                0x0000000008002b94        0x2 ./Core/Startup/startup_stm32f407vetx.o
                0x0000000008002b94                RTC_Alarm_IRQHandler
                0x0000000008002b94                HASH_RNG_IRQHandler
                0x0000000008002b94                EXTI2_IRQHandler
                0x0000000008002b94                TIM8_CC_IRQHandler
                0x0000000008002b94                TIM1_CC_IRQHandler
                0x0000000008002b94                DMA2_Stream5_IRQHandler
                0x0000000008002b94                PVD_IRQHandler
                0x0000000008002b94                SDIO_IRQHandler
                0x0000000008002b94                TAMP_STAMP_IRQHandler
                0x0000000008002b94                CAN2_RX1_IRQHandler
                0x0000000008002b94                EXTI3_IRQHandler
                0x0000000008002b94                TIM8_TRG_COM_TIM14_IRQHandler
                0x0000000008002b94                TIM8_UP_TIM13_IRQHandler
                0x0000000008002b94                I2C3_ER_IRQHandler
                0x0000000008002b94                I2C2_EV_IRQHandler
                0x0000000008002b94                DMA1_Stream2_IRQHandler
                0x0000000008002b94                CAN1_RX0_IRQHandler
                0x0000000008002b94                FPU_IRQHandler
                0x0000000008002b94                OTG_HS_WKUP_IRQHandler
                0x0000000008002b94                CAN2_SCE_IRQHandler
                0x0000000008002b94                SPI1_IRQHandler
                0x0000000008002b94                TIM6_DAC_IRQHandler
                0x0000000008002b94                TIM1_BRK_TIM9_IRQHandler
                0x0000000008002b94                DCMI_IRQHandler
                0x0000000008002b94                CAN2_RX0_IRQHandler
                0x0000000008002b94                DMA2_Stream3_IRQHandler
                0x0000000008002b94                USART6_IRQHandler
                0x0000000008002b94                USART3_IRQHandler
                0x0000000008002b94                CAN1_RX1_IRQHandler
                0x0000000008002b94                UART5_IRQHandler
                0x0000000008002b94                DMA2_Stream0_IRQHandler
                0x0000000008002b94                TIM4_IRQHandler
                0x0000000008002b94                I2C1_EV_IRQHandler
                0x0000000008002b94                DMA1_Stream6_IRQHandler
                0x0000000008002b94                DMA1_Stream1_IRQHandler
                0x0000000008002b94                UART4_IRQHandler
                0x0000000008002b94                RCC_IRQHandler
                0x0000000008002b94                TIM8_BRK_TIM12_IRQHandler
                0x0000000008002b94                Default_Handler
                0x0000000008002b94                EXTI15_10_IRQHandler
                0x0000000008002b94                ADC_IRQHandler
                0x0000000008002b94                DMA1_Stream7_IRQHandler
                0x0000000008002b94                TIM7_IRQHandler
                0x0000000008002b94                CAN2_TX_IRQHandler
                0x0000000008002b94                TIM5_IRQHandler
                0x0000000008002b94                DMA2_Stream7_IRQHandler
                0x0000000008002b94                I2C3_EV_IRQHandler
                0x0000000008002b94                EXTI9_5_IRQHandler
                0x0000000008002b94                RTC_WKUP_IRQHandler
                0x0000000008002b94                ETH_WKUP_IRQHandler
                0x0000000008002b94                SPI2_IRQHandler
                0x0000000008002b94                OTG_HS_EP1_IN_IRQHandler
                0x0000000008002b94                DMA1_Stream0_IRQHandler
                0x0000000008002b94                CAN1_TX_IRQHandler
                0x0000000008002b94                EXTI4_IRQHandler
                0x0000000008002b94                FSMC_IRQHandler
                0x0000000008002b94                ETH_IRQHandler
                0x0000000008002b94                OTG_HS_EP1_OUT_IRQHandler
                0x0000000008002b94                WWDG_IRQHandler
                0x0000000008002b94                TIM2_IRQHandler
                0x0000000008002b94                OTG_FS_WKUP_IRQHandler
                0x0000000008002b94                TIM1_TRG_COM_TIM11_IRQHandler
                0x0000000008002b94                OTG_HS_IRQHandler
                0x0000000008002b94                EXTI1_IRQHandler
                0x0000000008002b94                I2C2_ER_IRQHandler
                0x0000000008002b94                DMA2_Stream1_IRQHandler
                0x0000000008002b94                CAN1_SCE_IRQHandler
                0x0000000008002b94                FLASH_IRQHandler
                0x0000000008002b94                DMA2_Stream4_IRQHandler
                0x0000000008002b94                USART1_IRQHandler
                0x0000000008002b94                SPI3_IRQHandler
                0x0000000008002b94                DMA1_Stream4_IRQHandler
                0x0000000008002b94                I2C1_ER_IRQHandler
                0x0000000008002b94                DMA2_Stream6_IRQHandler
                0x0000000008002b94                DMA1_Stream3_IRQHandler
 *fill*         0x0000000008002b96        0x2 
 .text.HAL_Init
                0x0000000008002b98       0x44 ./Drivers/STM32F4xx_HAL_Driver/Src/stm32f4xx_hal.o
                0x0000000008002b98                HAL_Init
 .text.HAL_InitTick
                0x0000000008002bdc       0x60 ./Drivers/STM32F4xx_HAL_Driver/Src/stm32f4xx_hal.o
                0x0000000008002bdc                HAL_InitTick
 .text.HAL_IncTick
                0x0000000008002c3c       0x28 ./Drivers/STM32F4xx_HAL_Driver/Src/stm32f4xx_hal.o
                0x0000000008002c3c                HAL_IncTick
 .text.HAL_GetTick
                0x0000000008002c64       0x18 ./Drivers/STM32F4xx_HAL_Driver/Src/stm32f4xx_hal.o
                0x0000000008002c64                HAL_GetTick
 .text.HAL_Delay
                0x0000000008002c7c       0x48 ./Drivers/STM32F4xx_HAL_Driver/Src/stm32f4xx_hal.o
                0x0000000008002c7c                HAL_Delay
 .text.__NVIC_SetPriorityGrouping
                0x0000000008002cc4       0x48 ./Drivers/STM32F4xx_HAL_Driver/Src/stm32f4xx_hal_cortex.o
 .text.__NVIC_GetPriorityGrouping
                0x0000000008002d0c       0x1c ./Drivers/STM32F4xx_HAL_Driver/Src/stm32f4xx_hal_cortex.o
 .text.__NVIC_EnableIRQ
                0x0000000008002d28       0x3c ./Drivers/STM32F4xx_HAL_Driver/Src/stm32f4xx_hal_cortex.o
 .text.__NVIC_SetPriority
                0x0000000008002d64       0x54 ./Drivers/STM32F4xx_HAL_Driver/Src/stm32f4xx_hal_cortex.o
 .text.NVIC_EncodePriority
                0x0000000008002db8       0x66 ./Drivers/STM32F4xx_HAL_Driver/Src/stm32f4xx_hal_cortex.o
 *fill*         0x0000000008002e1e        0x2 
 .text.SysTick_Config
                0x0000000008002e20       0x44 ./Drivers/STM32F4xx_HAL_Driver/Src/stm32f4xx_hal_cortex.o
 .text.HAL_NVIC_SetPriorityGrouping
                0x0000000008002e64       0x16 ./Drivers/STM32F4xx_HAL_Driver/Src/stm32f4xx_hal_cortex.o
                0x0000000008002e64                HAL_NVIC_SetPriorityGrouping
 .text.HAL_NVIC_SetPriority
                0x0000000008002e7a       0x38 ./Drivers/STM32F4xx_HAL_Driver/Src/stm32f4xx_hal_cortex.o
                0x0000000008002e7a                HAL_NVIC_SetPriority
 .text.HAL_NVIC_EnableIRQ
                0x0000000008002eb2       0x1c ./Drivers/STM32F4xx_HAL_Driver/Src/stm32f4xx_hal_cortex.o
                0x0000000008002eb2                HAL_NVIC_EnableIRQ
 .text.HAL_SYSTICK_Config
                0x0000000008002ece       0x18 ./Drivers/STM32F4xx_HAL_Driver/Src/stm32f4xx_hal_cortex.o
                0x0000000008002ece                HAL_SYSTICK_Config
 *fill*         0x0000000008002ee6        0x2 
 .text.HAL_DMA_Init
                0x0000000008002ee8      0x15c ./Drivers/STM32F4xx_HAL_Driver/Src/stm32f4xx_hal_dma.o
                0x0000000008002ee8                HAL_DMA_Init
 .text.HAL_DMA_DeInit
                0x0000000008003044       0xbc ./Drivers/STM32F4xx_HAL_Driver/Src/stm32f4xx_hal_dma.o
                0x0000000008003044                HAL_DMA_DeInit
 .text.HAL_DMA_Start
                0x0000000008003100       0x76 ./Drivers/STM32F4xx_HAL_Driver/Src/stm32f4xx_hal_dma.o
                0x0000000008003100                HAL_DMA_Start
 .text.HAL_DMA_Start_IT
                0x0000000008003176       0xb0 ./Drivers/STM32F4xx_HAL_Driver/Src/stm32f4xx_hal_dma.o
                0x0000000008003176                HAL_DMA_Start_IT
 .text.HAL_DMA_Abort
                0x0000000008003226       0xe0 ./Drivers/STM32F4xx_HAL_Driver/Src/stm32f4xx_hal_dma.o
                0x0000000008003226                HAL_DMA_Abort
 .text.HAL_DMA_Abort_IT
                0x0000000008003306       0x44 ./Drivers/STM32F4xx_HAL_Driver/Src/stm32f4xx_hal_dma.o
                0x0000000008003306                HAL_DMA_Abort_IT
 *fill*         0x000000000800334a        0x2 
 .text.HAL_DMA_IRQHandler
                0x000000000800334c      0x314 ./Drivers/STM32F4xx_HAL_Driver/Src/stm32f4xx_hal_dma.o
                0x000000000800334c                HAL_DMA_IRQHandler
 .text.DMA_SetConfig
                0x0000000008003660       0x5c ./Drivers/STM32F4xx_HAL_Driver/Src/stm32f4xx_hal_dma.o
 .text.DMA_CalcBaseAndBitshift
                0x00000000080036bc       0x6c ./Drivers/STM32F4xx_HAL_Driver/Src/stm32f4xx_hal_dma.o
 .text.DMA_CheckFifoParam
                0x0000000008003728       0xf8 ./Drivers/STM32F4xx_HAL_Driver/Src/stm32f4xx_hal_dma.o
 .text.HAL_GPIO_Init
                0x0000000008003820      0x338 ./Drivers/STM32F4xx_HAL_Driver/Src/stm32f4xx_hal_gpio.o
                0x0000000008003820                HAL_GPIO_Init
 .text.HAL_GPIO_EXTI_IRQHandler
                0x0000000008003b58       0x30 ./Drivers/STM32F4xx_HAL_Driver/Src/stm32f4xx_hal_gpio.o
                0x0000000008003b58                HAL_GPIO_EXTI_IRQHandler
 .text.HAL_PCD_Init
                0x0000000008003b88      0x23a ./Drivers/STM32F4xx_HAL_Driver/Src/stm32f4xx_hal_pcd.o
                0x0000000008003b88                HAL_PCD_Init
 .text.HAL_PCD_Start
                0x0000000008003dc2       0x66 ./Drivers/STM32F4xx_HAL_Driver/Src/stm32f4xx_hal_pcd.o
                0x0000000008003dc2                HAL_PCD_Start
 .text.HAL_PCD_IRQHandler
                0x0000000008003e28      0x93e ./Drivers/STM32F4xx_HAL_Driver/Src/stm32f4xx_hal_pcd.o
                0x0000000008003e28                HAL_PCD_IRQHandler
 .text.HAL_PCD_SetAddress
                0x0000000008004766       0x4a ./Drivers/STM32F4xx_HAL_Driver/Src/stm32f4xx_hal_pcd.o
                0x0000000008004766                HAL_PCD_SetAddress
 .text.HAL_PCD_EP_Open
                0x00000000080047b0       0xd0 ./Drivers/STM32F4xx_HAL_Driver/Src/stm32f4xx_hal_pcd.o
                0x00000000080047b0                HAL_PCD_EP_Open
 .text.HAL_PCD_EP_Close
                0x0000000008004880       0x94 ./Drivers/STM32F4xx_HAL_Driver/Src/stm32f4xx_hal_pcd.o
                0x0000000008004880                HAL_PCD_EP_Close
 .text.HAL_PCD_EP_Receive
                0x0000000008004914       0x96 ./Drivers/STM32F4xx_HAL_Driver/Src/stm32f4xx_hal_pcd.o
                0x0000000008004914                HAL_PCD_EP_Receive
 .text.HAL_PCD_EP_GetRxCount
                0x00000000080049aa       0x30 ./Drivers/STM32F4xx_HAL_Driver/Src/stm32f4xx_hal_pcd.o
                0x00000000080049aa                HAL_PCD_EP_GetRxCount
 .text.HAL_PCD_EP_Transmit
                0x00000000080049da       0x94 ./Drivers/STM32F4xx_HAL_Driver/Src/stm32f4xx_hal_pcd.o
                0x00000000080049da                HAL_PCD_EP_Transmit
 .text.HAL_PCD_EP_SetStall
                0x0000000008004a6e       0xc8 ./Drivers/STM32F4xx_HAL_Driver/Src/stm32f4xx_hal_pcd.o
                0x0000000008004a6e                HAL_PCD_EP_SetStall
 .text.HAL_PCD_EP_ClrStall
                0x0000000008004b36       0xac ./Drivers/STM32F4xx_HAL_Driver/Src/stm32f4xx_hal_pcd.o
                0x0000000008004b36                HAL_PCD_EP_ClrStall
 .text.HAL_PCD_EP_Abort
                0x0000000008004be2       0x62 ./Drivers/STM32F4xx_HAL_Driver/Src/stm32f4xx_hal_pcd.o
                0x0000000008004be2                HAL_PCD_EP_Abort
 .text.PCD_WriteEmptyTxFifo
                0x0000000008004c44      0x11a ./Drivers/STM32F4xx_HAL_Driver/Src/stm32f4xx_hal_pcd.o
 *fill*         0x0000000008004d5e        0x2 
 .text.PCD_EP_OutXfrComplete_int
                0x0000000008004d60      0x1d0 ./Drivers/STM32F4xx_HAL_Driver/Src/stm32f4xx_hal_pcd.o
 .text.PCD_EP_OutSetupPacket_int
                0x0000000008004f30       0x8c ./Drivers/STM32F4xx_HAL_Driver/Src/stm32f4xx_hal_pcd.o
 .text.HAL_PCDEx_SetTxFiFo
                0x0000000008004fbc       0x8e ./Drivers/STM32F4xx_HAL_Driver/Src/stm32f4xx_hal_pcd_ex.o
                0x0000000008004fbc                HAL_PCDEx_SetTxFiFo
 .text.HAL_PCDEx_SetRxFiFo
                0x000000000800504a       0x22 ./Drivers/STM32F4xx_HAL_Driver/Src/stm32f4xx_hal_pcd_ex.o
                0x000000000800504a                HAL_PCDEx_SetRxFiFo
 .text.HAL_PCDEx_LPM_Callback
                0x000000000800506c       0x18 ./Drivers/STM32F4xx_HAL_Driver/Src/stm32f4xx_hal_pcd_ex.o
                0x000000000800506c                HAL_PCDEx_LPM_Callback
 .text.HAL_RCC_OscConfig
                0x0000000008005084      0x4f0 ./Drivers/STM32F4xx_HAL_Driver/Src/stm32f4xx_hal_rcc.o
                0x0000000008005084                HAL_RCC_OscConfig
 .text.HAL_RCC_ClockConfig
                0x0000000008005574      0x1cc ./Drivers/STM32F4xx_HAL_Driver/Src/stm32f4xx_hal_rcc.o
                0x0000000008005574                HAL_RCC_ClockConfig
 .text.HAL_RCC_GetSysClockFreq
                0x0000000008005740      0x20c ./Drivers/STM32F4xx_HAL_Driver/Src/stm32f4xx_hal_rcc.o
                0x0000000008005740                HAL_RCC_GetSysClockFreq
 .text.HAL_RCC_GetHCLKFreq
                0x000000000800594c       0x18 ./Drivers/STM32F4xx_HAL_Driver/Src/stm32f4xx_hal_rcc.o
                0x000000000800594c                HAL_RCC_GetHCLKFreq
 .text.HAL_RCC_GetPCLK1Freq
                0x0000000008005964       0x28 ./Drivers/STM32F4xx_HAL_Driver/Src/stm32f4xx_hal_rcc.o
                0x0000000008005964                HAL_RCC_GetPCLK1Freq
 .text.HAL_RCC_GetPCLK2Freq
                0x000000000800598c       0x28 ./Drivers/STM32F4xx_HAL_Driver/Src/stm32f4xx_hal_rcc.o
                0x000000000800598c                HAL_RCC_GetPCLK2Freq
 .text.HAL_TIM_Base_Init
                0x00000000080059b4       0x9e ./Drivers/STM32F4xx_HAL_Driver/Src/stm32f4xx_hal_tim.o
                0x00000000080059b4                HAL_TIM_Base_Init
 *fill*         0x0000000008005a52        0x2 
 .text.HAL_TIM_Base_Start
                0x0000000008005a54       0xd0 ./Drivers/STM32F4xx_HAL_Driver/Src/stm32f4xx_hal_tim.o
                0x0000000008005a54                HAL_TIM_Base_Start
 .text.HAL_TIM_PWM_Init
                0x0000000008005b24       0x9e ./Drivers/STM32F4xx_HAL_Driver/Src/stm32f4xx_hal_tim.o
                0x0000000008005b24                HAL_TIM_PWM_Init
 .text.HAL_TIM_PWM_MspInit
                0x0000000008005bc2       0x14 ./Drivers/STM32F4xx_HAL_Driver/Src/stm32f4xx_hal_tim.o
                0x0000000008005bc2                HAL_TIM_PWM_MspInit
 *fill*         0x0000000008005bd6        0x2 
 .text.HAL_TIM_PWM_Start
                0x0000000008005bd8      0x190 ./Drivers/STM32F4xx_HAL_Driver/Src/stm32f4xx_hal_tim.o
                0x0000000008005bd8                HAL_TIM_PWM_Start
 .text.HAL_TIM_IC_Init
                0x0000000008005d68       0x9e ./Drivers/STM32F4xx_HAL_Driver/Src/stm32f4xx_hal_tim.o
                0x0000000008005d68                HAL_TIM_IC_Init
 .text.HAL_TIM_IC_MspInit
                0x0000000008005e06       0x14 ./Drivers/STM32F4xx_HAL_Driver/Src/stm32f4xx_hal_tim.o
                0x0000000008005e06                HAL_TIM_IC_MspInit
 *fill*         0x0000000008005e1a        0x2 
 .text.HAL_TIM_IC_Start_IT
                0x0000000008005e1c      0x250 ./Drivers/STM32F4xx_HAL_Driver/Src/stm32f4xx_hal_tim.o
                0x0000000008005e1c                HAL_TIM_IC_Start_IT
 .text.HAL_TIM_IRQHandler
                0x000000000800606c      0x210 ./Drivers/STM32F4xx_HAL_Driver/Src/stm32f4xx_hal_tim.o
                0x000000000800606c                HAL_TIM_IRQHandler
 .text.HAL_TIM_IC_ConfigChannel
                0x000000000800627c      0x138 ./Drivers/STM32F4xx_HAL_Driver/Src/stm32f4xx_hal_tim.o
                0x000000000800627c                HAL_TIM_IC_ConfigChannel
 .text.HAL_TIM_PWM_ConfigChannel
                0x00000000080063b4      0x184 ./Drivers/STM32F4xx_HAL_Driver/Src/stm32f4xx_hal_tim.o
                0x00000000080063b4                HAL_TIM_PWM_ConfigChannel
 .text.HAL_TIM_ConfigClockSource
                0x0000000008006538      0x18e ./Drivers/STM32F4xx_HAL_Driver/Src/stm32f4xx_hal_tim.o
                0x0000000008006538                HAL_TIM_ConfigClockSource
 *fill*         0x00000000080066c6        0x2 
 .text.HAL_TIM_ReadCapturedValue
                0x00000000080066c8       0x88 ./Drivers/STM32F4xx_HAL_Driver/Src/stm32f4xx_hal_tim.o
                0x00000000080066c8                HAL_TIM_ReadCapturedValue
 .text.HAL_TIM_OC_DelayElapsedCallback
                0x0000000008006750       0x14 ./Drivers/STM32F4xx_HAL_Driver/Src/stm32f4xx_hal_tim.o
                0x0000000008006750                HAL_TIM_OC_DelayElapsedCallback
 .text.HAL_TIM_PWM_PulseFinishedCallback
                0x0000000008006764       0x14 ./Drivers/STM32F4xx_HAL_Driver/Src/stm32f4xx_hal_tim.o
                0x0000000008006764                HAL_TIM_PWM_PulseFinishedCallback
 .text.HAL_TIM_TriggerCallback
                0x0000000008006778       0x14 ./Drivers/STM32F4xx_HAL_Driver/Src/stm32f4xx_hal_tim.o
                0x0000000008006778                HAL_TIM_TriggerCallback
 .text.TIM_Base_SetConfig
                0x000000000800678c      0x140 ./Drivers/STM32F4xx_HAL_Driver/Src/stm32f4xx_hal_tim.o
                0x000000000800678c                TIM_Base_SetConfig
 .text.TIM_OC1_SetConfig
                0x00000000080068cc       0xe0 ./Drivers/STM32F4xx_HAL_Driver/Src/stm32f4xx_hal_tim.o
 .text.TIM_OC2_SetConfig
                0x00000000080069ac       0xec ./Drivers/STM32F4xx_HAL_Driver/Src/stm32f4xx_hal_tim.o
                0x00000000080069ac                TIM_OC2_SetConfig
 .text.TIM_OC3_SetConfig
                0x0000000008006a98       0xe8 ./Drivers/STM32F4xx_HAL_Driver/Src/stm32f4xx_hal_tim.o
 .text.TIM_OC4_SetConfig
                0x0000000008006b80       0xac ./Drivers/STM32F4xx_HAL_Driver/Src/stm32f4xx_hal_tim.o
 .text.TIM_TI1_SetConfig
                0x0000000008006c2c       0xe8 ./Drivers/STM32F4xx_HAL_Driver/Src/stm32f4xx_hal_tim.o
                0x0000000008006c2c                TIM_TI1_SetConfig
 .text.TIM_TI1_ConfigInputStage
                0x0000000008006d14       0x5e ./Drivers/STM32F4xx_HAL_Driver/Src/stm32f4xx_hal_tim.o
 .text.TIM_TI2_SetConfig
                0x0000000008006d72       0x7a ./Drivers/STM32F4xx_HAL_Driver/Src/stm32f4xx_hal_tim.o
 .text.TIM_TI2_ConfigInputStage
                0x0000000008006dec       0x60 ./Drivers/STM32F4xx_HAL_Driver/Src/stm32f4xx_hal_tim.o
 .text.TIM_TI3_SetConfig
                0x0000000008006e4c       0x78 ./Drivers/STM32F4xx_HAL_Driver/Src/stm32f4xx_hal_tim.o
 .text.TIM_TI4_SetConfig
                0x0000000008006ec4       0x7a ./Drivers/STM32F4xx_HAL_Driver/Src/stm32f4xx_hal_tim.o
 .text.TIM_ITRx_SetConfig
                0x0000000008006f3e       0x36 ./Drivers/STM32F4xx_HAL_Driver/Src/stm32f4xx_hal_tim.o
 .text.TIM_ETR_SetConfig
                0x0000000008006f74       0x40 ./Drivers/STM32F4xx_HAL_Driver/Src/stm32f4xx_hal_tim.o
                0x0000000008006f74                TIM_ETR_SetConfig
 .text.TIM_CCxChannelCmd
                0x0000000008006fb4       0x4a ./Drivers/STM32F4xx_HAL_Driver/Src/stm32f4xx_hal_tim.o
                0x0000000008006fb4                TIM_CCxChannelCmd
 *fill*         0x0000000008006ffe        0x2 
 .text.HAL_TIMEx_MasterConfigSynchronization
                0x0000000008007000       0xf8 ./Drivers/STM32F4xx_HAL_Driver/Src/stm32f4xx_hal_tim_ex.o
                0x0000000008007000                HAL_TIMEx_MasterConfigSynchronization
 .text.HAL_TIMEx_CommutCallback
                0x00000000080070f8       0x14 ./Drivers/STM32F4xx_HAL_Driver/Src/stm32f4xx_hal_tim_ex.o
                0x00000000080070f8                HAL_TIMEx_CommutCallback
 .text.HAL_TIMEx_BreakCallback
                0x000000000800710c       0x14 ./Drivers/STM32F4xx_HAL_Driver/Src/stm32f4xx_hal_tim_ex.o
                0x000000000800710c                HAL_TIMEx_BreakCallback
 .text.HAL_UART_Init
                0x0000000008007120       0x9a ./Drivers/STM32F4xx_HAL_Driver/Src/stm32f4xx_hal_uart.o
                0x0000000008007120                HAL_UART_Init
 .text.HAL_UART_Transmit
                0x00000000080071ba      0x124 ./Drivers/STM32F4xx_HAL_Driver/Src/stm32f4xx_hal_uart.o
                0x00000000080071ba                HAL_UART_Transmit
 .text.HAL_UARTEx_ReceiveToIdle_DMA
                0x00000000080072de       0xca ./Drivers/STM32F4xx_HAL_Driver/Src/stm32f4xx_hal_uart.o
                0x00000000080072de                HAL_UARTEx_ReceiveToIdle_DMA
 .text.HAL_UART_IRQHandler
                0x00000000080073a8      0x51c ./Drivers/STM32F4xx_HAL_Driver/Src/stm32f4xx_hal_uart.o
                0x00000000080073a8                HAL_UART_IRQHandler
 .text.HAL_UART_TxCpltCallback
                0x00000000080078c4       0x14 ./Drivers/STM32F4xx_HAL_Driver/Src/stm32f4xx_hal_uart.o
                0x00000000080078c4                HAL_UART_TxCpltCallback
 .text.HAL_UART_RxCpltCallback
                0x00000000080078d8       0x14 ./Drivers/STM32F4xx_HAL_Driver/Src/stm32f4xx_hal_uart.o
                0x00000000080078d8                HAL_UART_RxCpltCallback
 .text.HAL_UART_RxHalfCpltCallback
                0x00000000080078ec       0x14 ./Drivers/STM32F4xx_HAL_Driver/Src/stm32f4xx_hal_uart.o
                0x00000000080078ec                HAL_UART_RxHalfCpltCallback
 .text.HAL_UART_ErrorCallback
                0x0000000008007900       0x14 ./Drivers/STM32F4xx_HAL_Driver/Src/stm32f4xx_hal_uart.o
                0x0000000008007900                HAL_UART_ErrorCallback
 .text.HAL_UARTEx_RxEventCallback
                0x0000000008007914       0x18 ./Drivers/STM32F4xx_HAL_Driver/Src/stm32f4xx_hal_uart.o
                0x0000000008007914                HAL_UARTEx_RxEventCallback
 .text.UART_DMAReceiveCplt
                0x000000000800792c      0x126 ./Drivers/STM32F4xx_HAL_Driver/Src/stm32f4xx_hal_uart.o
 .text.UART_DMARxHalfCplt
                0x0000000008007a52       0x36 ./Drivers/STM32F4xx_HAL_Driver/Src/stm32f4xx_hal_uart.o
 .text.UART_DMAError
                0x0000000008007a88       0x94 ./Drivers/STM32F4xx_HAL_Driver/Src/stm32f4xx_hal_uart.o
 .text.UART_WaitOnFlagUntilTimeout
                0x0000000008007b1c       0xdc ./Drivers/STM32F4xx_HAL_Driver/Src/stm32f4xx_hal_uart.o
 .text.UART_Start_Receive_DMA
                0x0000000008007bf8      0x13c ./Drivers/STM32F4xx_HAL_Driver/Src/stm32f4xx_hal_uart.o
                0x0000000008007bf8                UART_Start_Receive_DMA
 .text.UART_EndTxTransfer
                0x0000000008007d34       0x50 ./Drivers/STM32F4xx_HAL_Driver/Src/stm32f4xx_hal_uart.o
 .text.UART_EndRxTransfer
                0x0000000008007d84       0xc6 ./Drivers/STM32F4xx_HAL_Driver/Src/stm32f4xx_hal_uart.o
 .text.UART_DMAAbortOnError
                0x0000000008007e4a       0x28 ./Drivers/STM32F4xx_HAL_Driver/Src/stm32f4xx_hal_uart.o
 .text.UART_Transmit_IT
                0x0000000008007e72       0xa0 ./Drivers/STM32F4xx_HAL_Driver/Src/stm32f4xx_hal_uart.o
 .text.UART_EndTransmit_IT
                0x0000000008007f12       0x30 ./Drivers/STM32F4xx_HAL_Driver/Src/stm32f4xx_hal_uart.o
 .text.UART_Receive_IT
                0x0000000008007f42      0x176 ./Drivers/STM32F4xx_HAL_Driver/Src/stm32f4xx_hal_uart.o
 .text.UART_SetConfig
                0x00000000080080b8      0x4e8 ./Drivers/STM32F4xx_HAL_Driver/Src/stm32f4xx_hal_uart.o
 .text.USB_CoreInit
                0x00000000080085a0       0xc2 ./Drivers/STM32F4xx_HAL_Driver/Src/stm32f4xx_ll_usb.o
                0x00000000080085a0                USB_CoreInit
 *fill*         0x0000000008008662        0x2 
 .text.USB_SetTurnaroundTime
                0x0000000008008664      0x144 ./Drivers/STM32F4xx_HAL_Driver/Src/stm32f4xx_ll_usb.o
                0x0000000008008664                USB_SetTurnaroundTime
 .text.USB_EnableGlobalInt
                0x00000000080087a8       0x22 ./Drivers/STM32F4xx_HAL_Driver/Src/stm32f4xx_ll_usb.o
                0x00000000080087a8                USB_EnableGlobalInt
 .text.USB_DisableGlobalInt
                0x00000000080087ca       0x22 ./Drivers/STM32F4xx_HAL_Driver/Src/stm32f4xx_ll_usb.o
                0x00000000080087ca                USB_DisableGlobalInt
 .text.USB_SetCurrentMode
                0x00000000080087ec       0x98 ./Drivers/STM32F4xx_HAL_Driver/Src/stm32f4xx_ll_usb.o
                0x00000000080087ec                USB_SetCurrentMode
 .text.USB_DevInit
                0x0000000008008884      0x2c8 ./Drivers/STM32F4xx_HAL_Driver/Src/stm32f4xx_ll_usb.o
                0x0000000008008884                USB_DevInit
 .text.USB_FlushTxFifo
                0x0000000008008b4c       0x68 ./Drivers/STM32F4xx_HAL_Driver/Src/stm32f4xx_ll_usb.o
                0x0000000008008b4c                USB_FlushTxFifo
 .text.USB_FlushRxFifo
                0x0000000008008bb4       0x60 ./Drivers/STM32F4xx_HAL_Driver/Src/stm32f4xx_ll_usb.o
                0x0000000008008bb4                USB_FlushRxFifo
 .text.USB_SetDevSpeed
                0x0000000008008c14       0x32 ./Drivers/STM32F4xx_HAL_Driver/Src/stm32f4xx_ll_usb.o
                0x0000000008008c14                USB_SetDevSpeed
 .text.USB_GetDevSpeed
                0x0000000008008c46       0x4a ./Drivers/STM32F4xx_HAL_Driver/Src/stm32f4xx_ll_usb.o
                0x0000000008008c46                USB_GetDevSpeed
 .text.USB_ActivateEndpoint
                0x0000000008008c90      0x10e ./Drivers/STM32F4xx_HAL_Driver/Src/stm32f4xx_ll_usb.o
                0x0000000008008c90                USB_ActivateEndpoint
 *fill*         0x0000000008008d9e        0x2 
 .text.USB_DeactivateEndpoint
                0x0000000008008da0      0x1b8 ./Drivers/STM32F4xx_HAL_Driver/Src/stm32f4xx_ll_usb.o
                0x0000000008008da0                USB_DeactivateEndpoint
 .text.USB_EPStartXfer
                0x0000000008008f58      0x490 ./Drivers/STM32F4xx_HAL_Driver/Src/stm32f4xx_ll_usb.o
                0x0000000008008f58                USB_EPStartXfer
 .text.USB_EP0StartXfer
                0x00000000080093e8      0x2b0 ./Drivers/STM32F4xx_HAL_Driver/Src/stm32f4xx_ll_usb.o
                0x00000000080093e8                USB_EP0StartXfer
 .text.USB_EPStopXfer
                0x0000000008009698      0x154 ./Drivers/STM32F4xx_HAL_Driver/Src/stm32f4xx_ll_usb.o
                0x0000000008009698                USB_EPStopXfer
 .text.USB_WritePacket
                0x00000000080097ec       0x7c ./Drivers/STM32F4xx_HAL_Driver/Src/stm32f4xx_ll_usb.o
                0x00000000080097ec                USB_WritePacket
 .text.USB_ReadPacket
                0x0000000008009868       0xb0 ./Drivers/STM32F4xx_HAL_Driver/Src/stm32f4xx_ll_usb.o
                0x0000000008009868                USB_ReadPacket
 .text.USB_EPSetStall
                0x0000000008009918       0xdc ./Drivers/STM32F4xx_HAL_Driver/Src/stm32f4xx_ll_usb.o
                0x0000000008009918                USB_EPSetStall
 .text.USB_EPClearStall
                0x00000000080099f4       0xcc ./Drivers/STM32F4xx_HAL_Driver/Src/stm32f4xx_ll_usb.o
                0x00000000080099f4                USB_EPClearStall
 .text.USB_SetDevAddress
                0x0000000008009ac0       0x4c ./Drivers/STM32F4xx_HAL_Driver/Src/stm32f4xx_ll_usb.o
                0x0000000008009ac0                USB_SetDevAddress
 .text.USB_DevConnect
                0x0000000008009b0c       0x42 ./Drivers/STM32F4xx_HAL_Driver/Src/stm32f4xx_ll_usb.o
                0x0000000008009b0c                USB_DevConnect
 .text.USB_DevDisconnect
                0x0000000008009b4e       0x42 ./Drivers/STM32F4xx_HAL_Driver/Src/stm32f4xx_ll_usb.o
                0x0000000008009b4e                USB_DevDisconnect
 .text.USB_ReadInterrupts
                0x0000000008009b90       0x26 ./Drivers/STM32F4xx_HAL_Driver/Src/stm32f4xx_ll_usb.o
                0x0000000008009b90                USB_ReadInterrupts
 .text.USB_ReadDevAllOutEpInterrupt
                0x0000000008009bb6       0x34 ./Drivers/STM32F4xx_HAL_Driver/Src/stm32f4xx_ll_usb.o
                0x0000000008009bb6                USB_ReadDevAllOutEpInterrupt
 .text.USB_ReadDevAllInEpInterrupt
                0x0000000008009bea       0x34 ./Drivers/STM32F4xx_HAL_Driver/Src/stm32f4xx_ll_usb.o
                0x0000000008009bea                USB_ReadDevAllInEpInterrupt
 .text.USB_ReadDevOutEPInterrupt
                0x0000000008009c1e       0x3c ./Drivers/STM32F4xx_HAL_Driver/Src/stm32f4xx_ll_usb.o
                0x0000000008009c1e                USB_ReadDevOutEPInterrupt
 .text.USB_ReadDevInEPInterrupt
                0x0000000008009c5a       0x5c ./Drivers/STM32F4xx_HAL_Driver/Src/stm32f4xx_ll_usb.o
                0x0000000008009c5a                USB_ReadDevInEPInterrupt
 .text.USB_GetMode
                0x0000000008009cb6       0x1c ./Drivers/STM32F4xx_HAL_Driver/Src/stm32f4xx_ll_usb.o
                0x0000000008009cb6                USB_GetMode
 .text.USB_ActivateSetup
                0x0000000008009cd2       0x46 ./Drivers/STM32F4xx_HAL_Driver/Src/stm32f4xx_ll_usb.o
                0x0000000008009cd2                USB_ActivateSetup
 .text.USB_EP0_OutStart
                0x0000000008009d18       0xbc ./Drivers/STM32F4xx_HAL_Driver/Src/stm32f4xx_ll_usb.o
                0x0000000008009d18                USB_EP0_OutStart
 .text.USB_CoreReset
                0x0000000008009dd4       0x68 ./Drivers/STM32F4xx_HAL_Driver/Src/stm32f4xx_ll_usb.o
 .text.USBD_CDC_Init
                0x0000000008009e3c      0x1d8 ./Middlewares/ST/STM32_USB_Device_Library/Class/CDC/Src/usbd_cdc.o
 .text.USBD_CDC_DeInit
                0x000000000800a014      0x104 ./Middlewares/ST/STM32_USB_Device_Library/Class/CDC/Src/usbd_cdc.o
 .text.USBD_CDC_Setup
                0x000000000800a118      0x1b8 ./Middlewares/ST/STM32_USB_Device_Library/Class/CDC/Src/usbd_cdc.o
 .text.USBD_CDC_DataIn
                0x000000000800a2d0       0xfa ./Middlewares/ST/STM32_USB_Device_Library/Class/CDC/Src/usbd_cdc.o
 .text.USBD_CDC_DataOut
                0x000000000800a3ca       0x6a ./Middlewares/ST/STM32_USB_Device_Library/Class/CDC/Src/usbd_cdc.o
 .text.USBD_CDC_EP0_RxReady
                0x000000000800a434       0x76 ./Middlewares/ST/STM32_USB_Device_Library/Class/CDC/Src/usbd_cdc.o
 *fill*         0x000000000800a4aa        0x2 
 .text.USBD_CDC_GetFSCfgDesc
                0x000000000800a4ac       0x70 ./Middlewares/ST/STM32_USB_Device_Library/Class/CDC/Src/usbd_cdc.o
 .text.USBD_CDC_GetHSCfgDesc
                0x000000000800a51c       0x70 ./Middlewares/ST/STM32_USB_Device_Library/Class/CDC/Src/usbd_cdc.o
 .text.USBD_CDC_GetOtherSpeedCfgDesc
                0x000000000800a58c       0x70 ./Middlewares/ST/STM32_USB_Device_Library/Class/CDC/Src/usbd_cdc.o
 .text.USBD_CDC_GetDeviceQualifierDescriptor
                0x000000000800a5fc       0x20 ./Middlewares/ST/STM32_USB_Device_Library/Class/CDC/Src/usbd_cdc.o
                0x000000000800a5fc                USBD_CDC_GetDeviceQualifierDescriptor
 .text.USBD_CDC_RegisterInterface
                0x000000000800a61c       0x34 ./Middlewares/ST/STM32_USB_Device_Library/Class/CDC/Src/usbd_cdc.o
                0x000000000800a61c                USBD_CDC_RegisterInterface
 .text.USBD_CDC_SetTxBuffer
                0x000000000800a650       0x40 ./Middlewares/ST/STM32_USB_Device_Library/Class/CDC/Src/usbd_cdc.o
                0x000000000800a650                USBD_CDC_SetTxBuffer
 .text.USBD_CDC_SetRxBuffer
                0x000000000800a690       0x38 ./Middlewares/ST/STM32_USB_Device_Library/Class/CDC/Src/usbd_cdc.o
                0x000000000800a690                USBD_CDC_SetRxBuffer
 .text.USBD_CDC_TransmitPacket
                0x000000000800a6c8       0x80 ./Middlewares/ST/STM32_USB_Device_Library/Class/CDC/Src/usbd_cdc.o
                0x000000000800a6c8                USBD_CDC_TransmitPacket
 .text.USBD_CDC_ReceivePacket
                0x000000000800a748       0x68 ./Middlewares/ST/STM32_USB_Device_Library/Class/CDC/Src/usbd_cdc.o
                0x000000000800a748                USBD_CDC_ReceivePacket
 .text.USBD_Init
                0x000000000800a7b0       0x60 ./Middlewares/ST/STM32_USB_Device_Library/Core/Src/usbd_core.o
                0x000000000800a7b0                USBD_Init
 .text.USBD_RegisterClass
                0x000000000800a810       0x6c ./Middlewares/ST/STM32_USB_Device_Library/Core/Src/usbd_core.o
                0x000000000800a810                USBD_RegisterClass
 .text.USBD_Start
                0x000000000800a87c       0x18 ./Middlewares/ST/STM32_USB_Device_Library/Core/Src/usbd_core.o
                0x000000000800a87c                USBD_Start
 .text.USBD_RunTestMode
                0x000000000800a894       0x16 ./Middlewares/ST/STM32_USB_Device_Library/Core/Src/usbd_core.o
                0x000000000800a894                USBD_RunTestMode
 .text.USBD_SetClassConfig
                0x000000000800a8aa       0x38 ./Middlewares/ST/STM32_USB_Device_Library/Core/Src/usbd_core.o
                0x000000000800a8aa                USBD_SetClassConfig
 .text.USBD_ClrClassConfig
                0x000000000800a8e2       0x34 ./Middlewares/ST/STM32_USB_Device_Library/Core/Src/usbd_core.o
                0x000000000800a8e2                USBD_ClrClassConfig
 .text.USBD_LL_SetupStage
                0x000000000800a916       0xaa ./Middlewares/ST/STM32_USB_Device_Library/Core/Src/usbd_core.o
                0x000000000800a916                USBD_LL_SetupStage
 .text.USBD_LL_DataOutStage
                0x000000000800a9c0      0x166 ./Middlewares/ST/STM32_USB_Device_Library/Core/Src/usbd_core.o
                0x000000000800a9c0                USBD_LL_DataOutStage
 .text.USBD_LL_DataInStage
                0x000000000800ab26      0x164 ./Middlewares/ST/STM32_USB_Device_Library/Core/Src/usbd_core.o
                0x000000000800ab26                USBD_LL_DataInStage
 .text.USBD_LL_Reset
                0x000000000800ac8a       0xa4 ./Middlewares/ST/STM32_USB_Device_Library/Core/Src/usbd_core.o
                0x000000000800ac8a                USBD_LL_Reset
 .text.USBD_LL_SetSpeed
                0x000000000800ad2e       0x20 ./Middlewares/ST/STM32_USB_Device_Library/Core/Src/usbd_core.o
                0x000000000800ad2e                USBD_LL_SetSpeed
 .text.USBD_LL_Suspend
                0x000000000800ad4e       0x2c ./Middlewares/ST/STM32_USB_Device_Library/Core/Src/usbd_core.o
                0x000000000800ad4e                USBD_LL_Suspend
 .text.USBD_LL_Resume
                0x000000000800ad7a       0x30 ./Middlewares/ST/STM32_USB_Device_Library/Core/Src/usbd_core.o
                0x000000000800ad7a                USBD_LL_Resume
 .text.USBD_LL_SOF
                0x000000000800adaa       0x40 ./Middlewares/ST/STM32_USB_Device_Library/Core/Src/usbd_core.o
                0x000000000800adaa                USBD_LL_SOF
 .text.USBD_LL_IsoINIncomplete
                0x000000000800adea       0x64 ./Middlewares/ST/STM32_USB_Device_Library/Core/Src/usbd_core.o
                0x000000000800adea                USBD_LL_IsoINIncomplete
 .text.USBD_LL_IsoOUTIncomplete
                0x000000000800ae4e       0x64 ./Middlewares/ST/STM32_USB_Device_Library/Core/Src/usbd_core.o
                0x000000000800ae4e                USBD_LL_IsoOUTIncomplete
 .text.USBD_LL_DevConnected
                0x000000000800aeb2       0x16 ./Middlewares/ST/STM32_USB_Device_Library/Core/Src/usbd_core.o
                0x000000000800aeb2                USBD_LL_DevConnected
 .text.USBD_LL_DevDisconnected
                0x000000000800aec8       0x46 ./Middlewares/ST/STM32_USB_Device_Library/Core/Src/usbd_core.o
                0x000000000800aec8                USBD_LL_DevDisconnected
 .text.USBD_CoreFindIF
                0x000000000800af0e       0x1a ./Middlewares/ST/STM32_USB_Device_Library/Core/Src/usbd_core.o
                0x000000000800af0e                USBD_CoreFindIF
 .text.USBD_CoreFindEP
                0x000000000800af28       0x1a ./Middlewares/ST/STM32_USB_Device_Library/Core/Src/usbd_core.o
                0x000000000800af28                USBD_CoreFindEP
 .text.USBD_GetEpDesc
                0x000000000800af42       0x74 ./Middlewares/ST/STM32_USB_Device_Library/Core/Src/usbd_core.o
                0x000000000800af42                USBD_GetEpDesc
 .text.USBD_GetNextDesc
                0x000000000800afb6       0x3a ./Middlewares/ST/STM32_USB_Device_Library/Core/Src/usbd_core.o
                0x000000000800afb6                USBD_GetNextDesc
 .text.SWAPBYTE
                0x000000000800aff0       0x3c ./Middlewares/ST/STM32_USB_Device_Library/Core/Src/usbd_ctlreq.o
 .text.USBD_StdDevReq
                0x000000000800b02c       0xe4 ./Middlewares/ST/STM32_USB_Device_Library/Core/Src/usbd_ctlreq.o
                0x000000000800b02c                USBD_StdDevReq
 .text.USBD_StdItfReq
                0x000000000800b110       0xd8 ./Middlewares/ST/STM32_USB_Device_Library/Core/Src/usbd_ctlreq.o
                0x000000000800b110                USBD_StdItfReq
 .text.USBD_StdEPReq
                0x000000000800b1e8      0x33a ./Middlewares/ST/STM32_USB_Device_Library/Core/Src/usbd_ctlreq.o
                0x000000000800b1e8                USBD_StdEPReq
 *fill*         0x000000000800b522        0x2 
 .text.USBD_GetDescriptor
                0x000000000800b524      0x2d4 ./Middlewares/ST/STM32_USB_Device_Library/Core/Src/usbd_ctlreq.o
 .text.USBD_SetAddress
                0x000000000800b7f8       0x88 ./Middlewares/ST/STM32_USB_Device_Library/Core/Src/usbd_ctlreq.o
 .text.USBD_SetConfig
                0x000000000800b880      0x154 ./Middlewares/ST/STM32_USB_Device_Library/Core/Src/usbd_ctlreq.o
 .text.USBD_GetConfig
                0x000000000800b9d4       0x6c ./Middlewares/ST/STM32_USB_Device_Library/Core/Src/usbd_ctlreq.o
 .text.USBD_GetStatus
                0x000000000800ba40       0x68 ./Middlewares/ST/STM32_USB_Device_Library/Core/Src/usbd_ctlreq.o
 .text.USBD_SetFeature
                0x000000000800baa8       0x52 ./Middlewares/ST/STM32_USB_Device_Library/Core/Src/usbd_ctlreq.o
 .text.USBD_ClrFeature
                0x000000000800bafa       0x44 ./Middlewares/ST/STM32_USB_Device_Library/Core/Src/usbd_ctlreq.o
 .text.USBD_ParseSetupRequest
                0x000000000800bb3e       0x74 ./Middlewares/ST/STM32_USB_Device_Library/Core/Src/usbd_ctlreq.o
                0x000000000800bb3e                USBD_ParseSetupRequest
 .text.USBD_CtlError
                0x000000000800bbb2       0x22 ./Middlewares/ST/STM32_USB_Device_Library/Core/Src/usbd_ctlreq.o
                0x000000000800bbb2                USBD_CtlError
 .text.USBD_GetString
                0x000000000800bbd4       0x8c ./Middlewares/ST/STM32_USB_Device_Library/Core/Src/usbd_ctlreq.o
                0x000000000800bbd4                USBD_GetString
 .text.USBD_GetLen
                0x000000000800bc60       0x34 ./Middlewares/ST/STM32_USB_Device_Library/Core/Src/usbd_ctlreq.o
 .text.USBD_CtlSendData
                0x000000000800bc94       0x36 ./Middlewares/ST/STM32_USB_Device_Library/Core/Src/usbd_ioreq.o
                0x000000000800bc94                USBD_CtlSendData
 .text.USBD_CtlContinueSendData
                0x000000000800bcca       0x22 ./Middlewares/ST/STM32_USB_Device_Library/Core/Src/usbd_ioreq.o
                0x000000000800bcca                USBD_CtlContinueSendData
 .text.USBD_CtlPrepareRx
                0x000000000800bcec       0x3a ./Middlewares/ST/STM32_USB_Device_Library/Core/Src/usbd_ioreq.o
                0x000000000800bcec                USBD_CtlPrepareRx
 .text.USBD_CtlContinueRx
                0x000000000800bd26       0x22 ./Middlewares/ST/STM32_USB_Device_Library/Core/Src/usbd_ioreq.o
                0x000000000800bd26                USBD_CtlContinueRx
 .text.USBD_CtlSendStatus
                0x000000000800bd48       0x26 ./Middlewares/ST/STM32_USB_Device_Library/Core/Src/usbd_ioreq.o
                0x000000000800bd48                USBD_CtlSendStatus
 .text.USBD_CtlReceiveStatus
                0x000000000800bd6e       0x26 ./Middlewares/ST/STM32_USB_Device_Library/Core/Src/usbd_ioreq.o
                0x000000000800bd6e                USBD_CtlReceiveStatus
 .text.MX_USB_DEVICE_Init
                0x000000000800bd94       0x60 ./USB_DEVICE/App/usb_device.o
                0x000000000800bd94                MX_USB_DEVICE_Init
 .text.CDC_Init_FS
                0x000000000800bdf4       0x28 ./USB_DEVICE/App/usbd_cdc_if.o
 .text.CDC_DeInit_FS
                0x000000000800be1c       0x10 ./USB_DEVICE/App/usbd_cdc_if.o
 .text.CDC_Control_FS
                0x000000000800be2c       0xbc ./USB_DEVICE/App/usbd_cdc_if.o
 .text.CDC_Receive_FS
                0x000000000800bee8       0x5c ./USB_DEVICE/App/usbd_cdc_if.o
 .text.CDC_Transmit_FS
                0x000000000800bf44       0x3c ./USB_DEVICE/App/usbd_cdc_if.o
                0x000000000800bf44                CDC_Transmit_FS
 .text.CDC_TransmitCplt_FS
                0x000000000800bf80       0x22 ./USB_DEVICE/App/usbd_cdc_if.o
 *fill*         0x000000000800bfa2        0x2 
 .text.USBD_FS_DeviceDescriptor
                0x000000000800bfa4       0x24 ./USB_DEVICE/App/usbd_desc.o
                0x000000000800bfa4                USBD_FS_DeviceDescriptor
 .text.USBD_FS_LangIDStrDescriptor
                0x000000000800bfc8       0x24 ./USB_DEVICE/App/usbd_desc.o
                0x000000000800bfc8                USBD_FS_LangIDStrDescriptor
 .text.USBD_FS_ProductStrDescriptor
                0x000000000800bfec       0x3c ./USB_DEVICE/App/usbd_desc.o
                0x000000000800bfec                USBD_FS_ProductStrDescriptor
 .text.USBD_FS_ManufacturerStrDescriptor
                0x000000000800c028       0x28 ./USB_DEVICE/App/usbd_desc.o
                0x000000000800c028                USBD_FS_ManufacturerStrDescriptor
 .text.USBD_FS_SerialStrDescriptor
                0x000000000800c050       0x24 ./USB_DEVICE/App/usbd_desc.o
                0x000000000800c050                USBD_FS_SerialStrDescriptor
 .text.USBD_FS_ConfigStrDescriptor
                0x000000000800c074       0x3c ./USB_DEVICE/App/usbd_desc.o
                0x000000000800c074                USBD_FS_ConfigStrDescriptor
 .text.USBD_FS_InterfaceStrDescriptor
                0x000000000800c0b0       0x3c ./USB_DEVICE/App/usbd_desc.o
                0x000000000800c0b0                USBD_FS_InterfaceStrDescriptor
 .text.Get_SerialNum
                0x000000000800c0ec       0x58 ./USB_DEVICE/App/usbd_desc.o
 .text.IntToUnicode
                0x000000000800c144       0x7e ./USB_DEVICE/App/usbd_desc.o
 *fill*         0x000000000800c1c2        0x2 
 .text.HAL_PCD_MspInit
                0x000000000800c1c4       0xa8 ./USB_DEVICE/Target/usbd_conf.o
                0x000000000800c1c4                HAL_PCD_MspInit
 .text.HAL_PCD_SetupStageCallback
                0x000000000800c26c       0x24 ./USB_DEVICE/Target/usbd_conf.o
                0x000000000800c26c                HAL_PCD_SetupStageCallback
 .text.HAL_PCD_DataOutStageCallback
                0x000000000800c290       0x36 ./USB_DEVICE/Target/usbd_conf.o
                0x000000000800c290                HAL_PCD_DataOutStageCallback
 .text.HAL_PCD_DataInStageCallback
                0x000000000800c2c6       0x34 ./USB_DEVICE/Target/usbd_conf.o
                0x000000000800c2c6                HAL_PCD_DataInStageCallback
 .text.HAL_PCD_SOFCallback
                0x000000000800c2fa       0x1c ./USB_DEVICE/Target/usbd_conf.o
                0x000000000800c2fa                HAL_PCD_SOFCallback
 .text.HAL_PCD_ResetCallback
                0x000000000800c316       0x50 ./USB_DEVICE/Target/usbd_conf.o
                0x000000000800c316                HAL_PCD_ResetCallback
 *fill*         0x000000000800c366        0x2 
 .text.HAL_PCD_SuspendCallback
                0x000000000800c368       0x4c ./USB_DEVICE/Target/usbd_conf.o
                0x000000000800c368                HAL_PCD_SuspendCallback
 .text.HAL_PCD_ResumeCallback
                0x000000000800c3b4       0x1c ./USB_DEVICE/Target/usbd_conf.o
                0x000000000800c3b4                HAL_PCD_ResumeCallback
 .text.HAL_PCD_ISOOUTIncompleteCallback
                0x000000000800c3d0       0x24 ./USB_DEVICE/Target/usbd_conf.o
                0x000000000800c3d0                HAL_PCD_ISOOUTIncompleteCallback
 .text.HAL_PCD_ISOINIncompleteCallback
                0x000000000800c3f4       0x24 ./USB_DEVICE/Target/usbd_conf.o
                0x000000000800c3f4                HAL_PCD_ISOINIncompleteCallback
 .text.HAL_PCD_ConnectCallback
                0x000000000800c418       0x1c ./USB_DEVICE/Target/usbd_conf.o
                0x000000000800c418                HAL_PCD_ConnectCallback
 .text.HAL_PCD_DisconnectCallback
                0x000000000800c434       0x1c ./USB_DEVICE/Target/usbd_conf.o
                0x000000000800c434                HAL_PCD_DisconnectCallback
 .text.USBD_LL_Init
                0x000000000800c450       0x98 ./USB_DEVICE/Target/usbd_conf.o
                0x000000000800c450                USBD_LL_Init
 .text.USBD_LL_Start
                0x000000000800c4e8       0x36 ./USB_DEVICE/Target/usbd_conf.o
                0x000000000800c4e8                USBD_LL_Start
 .text.USBD_LL_OpenEP
                0x000000000800c51e       0x4c ./USB_DEVICE/Target/usbd_conf.o
                0x000000000800c51e                USBD_LL_OpenEP
 .text.USBD_LL_CloseEP
                0x000000000800c56a       0x3e ./USB_DEVICE/Target/usbd_conf.o
                0x000000000800c56a                USBD_LL_CloseEP
 .text.USBD_LL_StallEP
                0x000000000800c5a8       0x3e ./USB_DEVICE/Target/usbd_conf.o
                0x000000000800c5a8                USBD_LL_StallEP
 .text.USBD_LL_ClearStallEP
                0x000000000800c5e6       0x3e ./USB_DEVICE/Target/usbd_conf.o
                0x000000000800c5e6                USBD_LL_ClearStallEP
 .text.USBD_LL_IsStallEP
                0x000000000800c624       0x58 ./USB_DEVICE/Target/usbd_conf.o
                0x000000000800c624                USBD_LL_IsStallEP
 .text.USBD_LL_SetUSBAddress
                0x000000000800c67c       0x3e ./USB_DEVICE/Target/usbd_conf.o
                0x000000000800c67c                USBD_LL_SetUSBAddress
 .text.USBD_LL_Transmit
                0x000000000800c6ba       0x42 ./USB_DEVICE/Target/usbd_conf.o
                0x000000000800c6ba                USBD_LL_Transmit
 .text.USBD_LL_PrepareReceive
                0x000000000800c6fc       0x42 ./USB_DEVICE/Target/usbd_conf.o
                0x000000000800c6fc                USBD_LL_PrepareReceive
 .text.USBD_LL_GetRxDataSize
                0x000000000800c73e       0x26 ./USB_DEVICE/Target/usbd_conf.o
                0x000000000800c73e                USBD_LL_GetRxDataSize
 .text.USBD_static_malloc
                0x000000000800c764       0x1c ./USB_DEVICE/Target/usbd_conf.o
                0x000000000800c764                USBD_static_malloc
 .text.USBD_static_free
                0x000000000800c780       0x14 ./USB_DEVICE/Target/usbd_conf.o
                0x000000000800c780                USBD_static_free
 .text.USBD_Get_USB_Status
                0x000000000800c794       0x58 ./USB_DEVICE/Target/usbd_conf.o
                0x000000000800c794                USBD_Get_USB_Status
 .text.__errno  0x000000000800c7ec        0xc c:/st/stm32cubeide_1.12.0/stm32cubeide/plugins/com.st.stm32cube.ide.mcu.externaltools.gnu-tools-for-stm32.10.3-2021.10.win32_1.0.200.202301161003/tools/bin/../lib/gcc/arm-none-eabi/10.3.1/../../../../arm-none-eabi/lib/thumb/v7e-m+fp/hard\libc_nano.a(lib_a-errno.o)
                0x000000000800c7ec                __errno
 .text.__libc_init_array
                0x000000000800c7f8       0x48 c:/st/stm32cubeide_1.12.0/stm32cubeide/plugins/com.st.stm32cube.ide.mcu.externaltools.gnu-tools-for-stm32.10.3-2021.10.win32_1.0.200.202301161003/tools/bin/../lib/gcc/arm-none-eabi/10.3.1/../../../../arm-none-eabi/lib/thumb/v7e-m+fp/hard\libc_nano.a(lib_a-init.o)
                0x000000000800c7f8                __libc_init_array
 .text.memcpy   0x000000000800c840       0x1c c:/st/stm32cubeide_1.12.0/stm32cubeide/plugins/com.st.stm32cube.ide.mcu.externaltools.gnu-tools-for-stm32.10.3-2021.10.win32_1.0.200.202301161003/tools/bin/../lib/gcc/arm-none-eabi/10.3.1/../../../../arm-none-eabi/lib/thumb/v7e-m+fp/hard\libc_nano.a(lib_a-memcpy-stub.o)
                0x000000000800c840                memcpy
 .text.memset   0x000000000800c85c       0x10 c:/st/stm32cubeide_1.12.0/stm32cubeide/plugins/com.st.stm32cube.ide.mcu.externaltools.gnu-tools-for-stm32.10.3-2021.10.win32_1.0.200.202301161003/tools/bin/../lib/gcc/arm-none-eabi/10.3.1/../../../../arm-none-eabi/lib/thumb/v7e-m+fp/hard\libc_nano.a(lib_a-memset.o)
                0x000000000800c85c                memset
 .text.sprintf  0x000000000800c86c       0x40 c:/st/stm32cubeide_1.12.0/stm32cubeide/plugins/com.st.stm32cube.ide.mcu.externaltools.gnu-tools-for-stm32.10.3-2021.10.win32_1.0.200.202301161003/tools/bin/../lib/gcc/arm-none-eabi/10.3.1/../../../../arm-none-eabi/lib/thumb/v7e-m+fp/hard\libc_nano.a(lib_a-sprintf.o)
                0x000000000800c86c                siprintf
                0x000000000800c86c                sprintf
 .text._free_r  0x000000000800c8ac       0x98 c:/st/stm32cubeide_1.12.0/stm32cubeide/plugins/com.st.stm32cube.ide.mcu.externaltools.gnu-tools-for-stm32.10.3-2021.10.win32_1.0.200.202301161003/tools/bin/../lib/gcc/arm-none-eabi/10.3.1/../../../../arm-none-eabi/lib/thumb/v7e-m+fp/hard\libc_nano.a(lib_a-nano-freer.o)
                0x000000000800c8ac                _free_r
 .text.sbrk_aligned
                0x000000000800c944       0x40 c:/st/stm32cubeide_1.12.0/stm32cubeide/plugins/com.st.stm32cube.ide.mcu.externaltools.gnu-tools-for-stm32.10.3-2021.10.win32_1.0.200.202301161003/tools/bin/../lib/gcc/arm-none-eabi/10.3.1/../../../../arm-none-eabi/lib/thumb/v7e-m+fp/hard\libc_nano.a(lib_a-nano-mallocr.o)
 .text._malloc_r
                0x000000000800c984       0xe8 c:/st/stm32cubeide_1.12.0/stm32cubeide/plugins/com.st.stm32cube.ide.mcu.externaltools.gnu-tools-for-stm32.10.3-2021.10.win32_1.0.200.202301161003/tools/bin/../lib/gcc/arm-none-eabi/10.3.1/../../../../arm-none-eabi/lib/thumb/v7e-m+fp/hard\libc_nano.a(lib_a-nano-mallocr.o)
                0x000000000800c984                _malloc_r
 .text.__ssputs_r
                0x000000000800ca6c       0xb6 c:/st/stm32cubeide_1.12.0/stm32cubeide/plugins/com.st.stm32cube.ide.mcu.externaltools.gnu-tools-for-stm32.10.3-2021.10.win32_1.0.200.202301161003/tools/bin/../lib/gcc/arm-none-eabi/10.3.1/../../../../arm-none-eabi/lib/thumb/v7e-m+fp/hard\libc_nano.a(lib_a-nano-svfprintf.o)
                0x000000000800ca6c                __ssputs_r
 *fill*         0x000000000800cb22        0x2 
 .text._svfprintf_r
                0x000000000800cb24      0x200 c:/st/stm32cubeide_1.12.0/stm32cubeide/plugins/com.st.stm32cube.ide.mcu.externaltools.gnu-tools-for-stm32.10.3-2021.10.win32_1.0.200.202301161003/tools/bin/../lib/gcc/arm-none-eabi/10.3.1/../../../../arm-none-eabi/lib/thumb/v7e-m+fp/hard\libc_nano.a(lib_a-nano-svfprintf.o)
                0x000000000800cb24                _svfiprintf_r
                0x000000000800cb24                _svfprintf_r
 .text._printf_common
                0x000000000800cd24       0xda c:/st/stm32cubeide_1.12.0/stm32cubeide/plugins/com.st.stm32cube.ide.mcu.externaltools.gnu-tools-for-stm32.10.3-2021.10.win32_1.0.200.202301161003/tools/bin/../lib/gcc/arm-none-eabi/10.3.1/../../../../arm-none-eabi/lib/thumb/v7e-m+fp/hard\libc_nano.a(lib_a-nano-vfprintf_i.o)
                0x000000000800cd24                _printf_common
 *fill*         0x000000000800cdfe        0x2 
 .text._printf_i
                0x000000000800ce00      0x24c c:/st/stm32cubeide_1.12.0/stm32cubeide/plugins/com.st.stm32cube.ide.mcu.externaltools.gnu-tools-for-stm32.10.3-2021.10.win32_1.0.200.202301161003/tools/bin/../lib/gcc/arm-none-eabi/10.3.1/../../../../arm-none-eabi/lib/thumb/v7e-m+fp/hard\libc_nano.a(lib_a-nano-vfprintf_i.o)
                0x000000000800ce00                _printf_i
 .text._sbrk_r  0x000000000800d04c       0x20 c:/st/stm32cubeide_1.12.0/stm32cubeide/plugins/com.st.stm32cube.ide.mcu.externaltools.gnu-tools-for-stm32.10.3-2021.10.win32_1.0.200.202301161003/tools/bin/../lib/gcc/arm-none-eabi/10.3.1/../../../../arm-none-eabi/lib/thumb/v7e-m+fp/hard\libc_nano.a(lib_a-sbrkr.o)
                0x000000000800d04c                _sbrk_r
 .text.__retarget_lock_acquire_recursive
                0x000000000800d06c        0x2 c:/st/stm32cubeide_1.12.0/stm32cubeide/plugins/com.st.stm32cube.ide.mcu.externaltools.gnu-tools-for-stm32.10.3-2021.10.win32_1.0.200.202301161003/tools/bin/../lib/gcc/arm-none-eabi/10.3.1/../../../../arm-none-eabi/lib/thumb/v7e-m+fp/hard\libc_nano.a(lib_a-lock.o)
                0x000000000800d06c                __retarget_lock_acquire_recursive
 .text.__retarget_lock_release_recursive
                0x000000000800d06e        0x2 c:/st/stm32cubeide_1.12.0/stm32cubeide/plugins/com.st.stm32cube.ide.mcu.externaltools.gnu-tools-for-stm32.10.3-2021.10.win32_1.0.200.202301161003/tools/bin/../lib/gcc/arm-none-eabi/10.3.1/../../../../arm-none-eabi/lib/thumb/v7e-m+fp/hard\libc_nano.a(lib_a-lock.o)
                0x000000000800d06e                __retarget_lock_release_recursive
 .text.memmove  0x000000000800d070       0x34 c:/st/stm32cubeide_1.12.0/stm32cubeide/plugins/com.st.stm32cube.ide.mcu.externaltools.gnu-tools-for-stm32.10.3-2021.10.win32_1.0.200.202301161003/tools/bin/../lib/gcc/arm-none-eabi/10.3.1/../../../../arm-none-eabi/lib/thumb/v7e-m+fp/hard\libc_nano.a(lib_a-memmove.o)
                0x000000000800d070                memmove
 .text.__malloc_lock
                0x000000000800d0a4        0xc c:/st/stm32cubeide_1.12.0/stm32cubeide/plugins/com.st.stm32cube.ide.mcu.externaltools.gnu-tools-for-stm32.10.3-2021.10.win32_1.0.200.202301161003/tools/bin/../lib/gcc/arm-none-eabi/10.3.1/../../../../arm-none-eabi/lib/thumb/v7e-m+fp/hard\libc_nano.a(lib_a-mlock.o)
                0x000000000800d0a4                __malloc_lock
 .text.__malloc_unlock
                0x000000000800d0b0        0xc c:/st/stm32cubeide_1.12.0/stm32cubeide/plugins/com.st.stm32cube.ide.mcu.externaltools.gnu-tools-for-stm32.10.3-2021.10.win32_1.0.200.202301161003/tools/bin/../lib/gcc/arm-none-eabi/10.3.1/../../../../arm-none-eabi/lib/thumb/v7e-m+fp/hard\libc_nano.a(lib_a-mlock.o)
                0x000000000800d0b0                __malloc_unlock
 .text._realloc_r
                0x000000000800d0bc       0x5e c:/st/stm32cubeide_1.12.0/stm32cubeide/plugins/com.st.stm32cube.ide.mcu.externaltools.gnu-tools-for-stm32.10.3-2021.10.win32_1.0.200.202301161003/tools/bin/../lib/gcc/arm-none-eabi/10.3.1/../../../../arm-none-eabi/lib/thumb/v7e-m+fp/hard\libc_nano.a(lib_a-nano-reallocr.o)
                0x000000000800d0bc                _realloc_r
 .text._malloc_usable_size_r
                0x000000000800d11a       0x10 c:/st/stm32cubeide_1.12.0/stm32cubeide/plugins/com.st.stm32cube.ide.mcu.externaltools.gnu-tools-for-stm32.10.3-2021.10.win32_1.0.200.202301161003/tools/bin/../lib/gcc/arm-none-eabi/10.3.1/../../../../arm-none-eabi/lib/thumb/v7e-m+fp/hard\libc_nano.a(lib_a-nano-msizer.o)
                0x000000000800d11a                _malloc_usable_size_r
 *(.glue_7)
 .glue_7        0x000000000800d12a        0x0 linker stubs
 *(.glue_7t)
 .glue_7t       0x000000000800d12a        0x0 linker stubs
 *(.eh_frame)
 *fill*         0x000000000800d12a        0x2 
 .eh_frame      0x000000000800d12c        0x0 c:/st/stm32cubeide_1.12.0/stm32cubeide/plugins/com.st.stm32cube.ide.mcu.externaltools.gnu-tools-for-stm32.10.3-2021.10.win32_1.0.200.202301161003/tools/bin/../lib/gcc/arm-none-eabi/10.3.1/thumb/v7e-m+fp/hard/crtbegin.o
 *(.init)
 .init          0x000000000800d12c        0x4 c:/st/stm32cubeide_1.12.0/stm32cubeide/plugins/com.st.stm32cube.ide.mcu.externaltools.gnu-tools-for-stm32.10.3-2021.10.win32_1.0.200.202301161003/tools/bin/../lib/gcc/arm-none-eabi/10.3.1/thumb/v7e-m+fp/hard/crti.o
                0x000000000800d12c                _init
 .init          0x000000000800d130        0x8 c:/st/stm32cubeide_1.12.0/stm32cubeide/plugins/com.st.stm32cube.ide.mcu.externaltools.gnu-tools-for-stm32.10.3-2021.10.win32_1.0.200.202301161003/tools/bin/../lib/gcc/arm-none-eabi/10.3.1/thumb/v7e-m+fp/hard/crtn.o
 *(.fini)
 .fini          0x000000000800d138        0x4 c:/st/stm32cubeide_1.12.0/stm32cubeide/plugins/com.st.stm32cube.ide.mcu.externaltools.gnu-tools-for-stm32.10.3-2021.10.win32_1.0.200.202301161003/tools/bin/../lib/gcc/arm-none-eabi/10.3.1/thumb/v7e-m+fp/hard/crti.o
                0x000000000800d138                _fini
 .fini          0x000000000800d13c        0x8 c:/st/stm32cubeide_1.12.0/stm32cubeide/plugins/com.st.stm32cube.ide.mcu.externaltools.gnu-tools-for-stm32.10.3-2021.10.win32_1.0.200.202301161003/tools/bin/../lib/gcc/arm-none-eabi/10.3.1/thumb/v7e-m+fp/hard/crtn.o
                0x000000000800d144                . = ALIGN (0x4)
                0x000000000800d144                _etext = .

.vfp11_veneer   0x000000000800d144        0x0
 .vfp11_veneer  0x000000000800d144        0x0 linker stubs

.v4_bx          0x000000000800d144        0x0
 .v4_bx         0x000000000800d144        0x0 linker stubs

.iplt           0x000000000800d144        0x0
 .iplt          0x000000000800d144        0x0 c:/st/stm32cubeide_1.12.0/stm32cubeide/plugins/com.st.stm32cube.ide.mcu.externaltools.gnu-tools-for-stm32.10.3-2021.10.win32_1.0.200.202301161003/tools/bin/../lib/gcc/arm-none-eabi/10.3.1/thumb/v7e-m+fp/hard/crtbegin.o

.rodata         0x000000000800d144      0x2ac
                0x000000000800d144                . = ALIGN (0x4)
 *(.rodata)
 .rodata        0x000000000800d144        0xc ./Core/Src/irDecoder.o
 .rodata        0x000000000800d150       0xa1 ./Core/Src/main.o
 *fill*         0x000000000800d1f1        0x3 
 .rodata        0x000000000800d1f4       0x46 ./USB_DEVICE/App/usbd_desc.o
 *(.rodata*)
 *fill*         0x000000000800d23a        0x2 
 .rodata.AHBPrescTable
                0x000000000800d23c       0x10 ./Core/Src/system_stm32f4xx.o
                0x000000000800d23c                AHBPrescTable
 .rodata.APBPrescTable
                0x000000000800d24c        0x8 ./Core/Src/system_stm32f4xx.o
                0x000000000800d24c                APBPrescTable
 .rodata.gammaTable
                0x000000000800d254      0x100 ./Core/Src/ws2812b.o
                0x000000000800d254                gammaTable
 .rodata.flagBitshiftOffset.0
                0x000000000800d354        0x8 ./Drivers/STM32F4xx_HAL_Driver/Src/stm32f4xx_hal_dma.o
 .rodata._svfprintf_r.str1.1
                0x000000000800d35c       0x11 c:/st/stm32cubeide_1.12.0/stm32cubeide/plugins/com.st.stm32cube.ide.mcu.externaltools.gnu-tools-for-stm32.10.3-2021.10.win32_1.0.200.202301161003/tools/bin/../lib/gcc/arm-none-eabi/10.3.1/../../../../arm-none-eabi/lib/thumb/v7e-m+fp/hard\libc_nano.a(lib_a-nano-svfprintf.o)
 .rodata._printf_i.str1.1
                0x000000000800d36d       0x22 c:/st/stm32cubeide_1.12.0/stm32cubeide/plugins/com.st.stm32cube.ide.mcu.externaltools.gnu-tools-for-stm32.10.3-2021.10.win32_1.0.200.202301161003/tools/bin/../lib/gcc/arm-none-eabi/10.3.1/../../../../arm-none-eabi/lib/thumb/v7e-m+fp/hard\libc_nano.a(lib_a-nano-vfprintf_i.o)
 *fill*         0x000000000800d38f        0x1 
 .rodata.__sf_fake_stderr
                0x000000000800d390       0x20 c:/st/stm32cubeide_1.12.0/stm32cubeide/plugins/com.st.stm32cube.ide.mcu.externaltools.gnu-tools-for-stm32.10.3-2021.10.win32_1.0.200.202301161003/tools/bin/../lib/gcc/arm-none-eabi/10.3.1/../../../../arm-none-eabi/lib/thumb/v7e-m+fp/hard\libc_nano.a(lib_a-findfp.o)
                0x000000000800d390                __sf_fake_stderr
 .rodata.__sf_fake_stdin
                0x000000000800d3b0       0x20 c:/st/stm32cubeide_1.12.0/stm32cubeide/plugins/com.st.stm32cube.ide.mcu.externaltools.gnu-tools-for-stm32.10.3-2021.10.win32_1.0.200.202301161003/tools/bin/../lib/gcc/arm-none-eabi/10.3.1/../../../../arm-none-eabi/lib/thumb/v7e-m+fp/hard\libc_nano.a(lib_a-findfp.o)
                0x000000000800d3b0                __sf_fake_stdin
 .rodata.__sf_fake_stdout
                0x000000000800d3d0       0x20 c:/st/stm32cubeide_1.12.0/stm32cubeide/plugins/com.st.stm32cube.ide.mcu.externaltools.gnu-tools-for-stm32.10.3-2021.10.win32_1.0.200.202301161003/tools/bin/../lib/gcc/arm-none-eabi/10.3.1/../../../../arm-none-eabi/lib/thumb/v7e-m+fp/hard\libc_nano.a(lib_a-findfp.o)
                0x000000000800d3d0                __sf_fake_stdout
                0x000000000800d3f0                . = ALIGN (0x4)

.ARM.extab      0x000000000800d3f0        0x0
                0x000000000800d3f0                . = ALIGN (0x4)
 *(.ARM.extab* .gnu.linkonce.armextab.*)
                0x000000000800d3f0                . = ALIGN (0x4)

.ARM            0x000000000800d3f0        0x8
                0x000000000800d3f0                . = ALIGN (0x4)
                0x000000000800d3f0                __exidx_start = .
 *(.ARM.exidx*)
 .ARM.exidx     0x000000000800d3f0        0x8 c:/st/stm32cubeide_1.12.0/stm32cubeide/plugins/com.st.stm32cube.ide.mcu.externaltools.gnu-tools-for-stm32.10.3-2021.10.win32_1.0.200.202301161003/tools/bin/../lib/gcc/arm-none-eabi/10.3.1/thumb/v7e-m+fp/hard\libgcc.a(_udivmoddi4.o)
                0x000000000800d3f8                __exidx_end = .
                0x000000000800d3f8                . = ALIGN (0x4)

.rel.dyn        0x000000000800d3f8        0x0
 .rel.iplt      0x000000000800d3f8        0x0 c:/st/stm32cubeide_1.12.0/stm32cubeide/plugins/com.st.stm32cube.ide.mcu.externaltools.gnu-tools-for-stm32.10.3-2021.10.win32_1.0.200.202301161003/tools/bin/../lib/gcc/arm-none-eabi/10.3.1/thumb/v7e-m+fp/hard/crtbegin.o

.preinit_array  0x000000000800d3f8        0x0
                0x000000000800d3f8                . = ALIGN (0x4)
                0x000000000800d3f8                PROVIDE (__preinit_array_start = .)
 *(.preinit_array*)
                0x000000000800d3f8                PROVIDE (__preinit_array_end = .)
                0x000000000800d3f8                . = ALIGN (0x4)

.init_array     0x000000000800d3f8        0x4
                0x000000000800d3f8                . = ALIGN (0x4)
                0x000000000800d3f8                PROVIDE (__init_array_start = .)
 *(SORT_BY_NAME(.init_array.*))
 *(.init_array*)
 .init_array    0x000000000800d3f8        0x4 c:/st/stm32cubeide_1.12.0/stm32cubeide/plugins/com.st.stm32cube.ide.mcu.externaltools.gnu-tools-for-stm32.10.3-2021.10.win32_1.0.200.202301161003/tools/bin/../lib/gcc/arm-none-eabi/10.3.1/thumb/v7e-m+fp/hard/crtbegin.o
                0x000000000800d3fc                PROVIDE (__init_array_end = .)
                0x000000000800d3fc                . = ALIGN (0x4)

.fini_array     0x000000000800d3fc        0x4
                0x000000000800d3fc                . = ALIGN (0x4)
                [!provide]                        PROVIDE (__fini_array_start = .)
 *(SORT_BY_NAME(.fini_array.*))
 *(.fini_array*)
 .fini_array    0x000000000800d3fc        0x4 c:/st/stm32cubeide_1.12.0/stm32cubeide/plugins/com.st.stm32cube.ide.mcu.externaltools.gnu-tools-for-stm32.10.3-2021.10.win32_1.0.200.202301161003/tools/bin/../lib/gcc/arm-none-eabi/10.3.1/thumb/v7e-m+fp/hard/crtbegin.o
                [!provide]                        PROVIDE (__fini_array_end = .)
                0x000000000800d400                . = ALIGN (0x4)
                0x000000000800d400                _sidata = LOADADDR (.data)

.data           0x0000000020000000      0x1e4 load address 0x000000000800d400
                0x0000000020000000                . = ALIGN (0x4)
                0x0000000020000000                _sdata = .
 *(.data)
 *(.data*)
 .data.irPulseError
                0x0000000020000000        0x2 ./Core/Src/irDecoder.o
                0x0000000020000000                irPulseError
 *fill*         0x0000000020000002        0x2 
 .data.UART_GET_IR_SENTENCE
                0x0000000020000004        0x6 ./Core/Src/main.o
                0x0000000020000004                UART_GET_IR_SENTENCE
 *fill*         0x000000002000000a        0x2 
 .data.UART_GET_IR_RESPONSE
                0x000000002000000c       0x10 ./Core/Src/main.o
                0x000000002000000c                UART_GET_IR_RESPONSE
 .data.UART_ROUTINES_READ_SENTENCE
                0x000000002000001c        0xd ./Core/Src/main.o
                0x000000002000001c                UART_ROUTINES_READ_SENTENCE
 *fill*         0x0000000020000029        0x3 
 .data.UART_ROUTINES_WRITE_SENTENCE
                0x000000002000002c        0xe ./Core/Src/main.o
                0x000000002000002c                UART_ROUTINES_WRITE_SENTENCE
 *fill*         0x000000002000003a        0x2 
 .data.UART_ROUTINES_WRITE_RESPONSE
                0x000000002000003c        0x8 ./Core/Src/main.o
                0x000000002000003c                UART_ROUTINES_WRITE_RESPONSE
 .data.UART_ROUTINES_SAVE_SENTENCE
                0x0000000020000044        0xb ./Core/Src/main.o
                0x0000000020000044                UART_ROUTINES_SAVE_SENTENCE
 *fill*         0x000000002000004f        0x1 
 .data.UART_ROUTINES_PURGE_SAVED_SENTENCE
                0x0000000020000050        0x9 ./Core/Src/main.o
                0x0000000020000050                UART_ROUTINES_PURGE_SAVED_SENTENCE
 *fill*         0x0000000020000059        0x3 
 .data.UART_SET_TIME
                0x000000002000005c        0x8 ./Core/Src/main.o
                0x000000002000005c                UART_SET_TIME
 .data.UART_SET_TIME_RESPONSE
                0x0000000020000064        0x4 ./Core/Src/main.o
                0x0000000020000064                UART_SET_TIME_RESPONSE
 .data.UART_RESPONSE_OK
                0x0000000020000068        0x3 ./Core/Src/main.o
                0x0000000020000068                UART_RESPONSE_OK
 *fill*         0x000000002000006b        0x1 
 .data.UART_RESPONSE_END
                0x000000002000006c        0x7 ./Core/Src/main.o
                0x000000002000006c                UART_RESPONSE_END
 .data.UART_SENTENCE_TAIL_BYTES
                0x0000000020000073        0x1 ./Core/Src/main.o
                0x0000000020000073                UART_SENTENCE_TAIL_BYTES
 .data.UART_SENTENCE_HEAD_BYTES
                0x0000000020000074        0x1 ./Core/Src/main.o
                0x0000000020000074                UART_SENTENCE_HEAD_BYTES
 *fill*         0x0000000020000075        0x1 
 .data.IR_ADDR  0x0000000020000076        0x2 ./Core/Src/nonvmem.o
                0x0000000020000076                IR_ADDR
 .data.ELE_INPUT_ADDR
                0x0000000020000078        0x2 ./Core/Src/nonvmem.o
                0x0000000020000078                ELE_INPUT_ADDR
 .data.TIME_ADDR
                0x000000002000007a        0x2 ./Core/Src/nonvmem.o
                0x000000002000007a                TIME_ADDR
 .data.SystemCoreClock
                0x000000002000007c        0x4 ./Core/Src/system_stm32f4xx.o
                0x000000002000007c                SystemCoreClock
 .data.WS2812_IO_High
                0x0000000020000080        0x4 ./Core/Src/ws2812b.o
                0x0000000020000080                WS2812_IO_High
 .data.WS2812_IO_Low
                0x0000000020000084        0x4 ./Core/Src/ws2812b.o
                0x0000000020000084                WS2812_IO_Low
 .data.uwTickPrio
                0x0000000020000088        0x4 ./Drivers/STM32F4xx_HAL_Driver/Src/stm32f4xx_hal.o
                0x0000000020000088                uwTickPrio
 .data.uwTickFreq
                0x000000002000008c        0x1 ./Drivers/STM32F4xx_HAL_Driver/Src/stm32f4xx_hal.o
                0x000000002000008c                uwTickFreq
 *fill*         0x000000002000008d        0x3 
 .data.USBD_CDC_DeviceQualifierDesc
                0x0000000020000090        0xa ./Middlewares/ST/STM32_USB_Device_Library/Class/CDC/Src/usbd_cdc.o
 *fill*         0x000000002000009a        0x2 
 .data.USBD_CDC
                0x000000002000009c       0x38 ./Middlewares/ST/STM32_USB_Device_Library/Class/CDC/Src/usbd_cdc.o
                0x000000002000009c                USBD_CDC
 .data.USBD_CDC_CfgDesc
                0x00000000200000d4       0x43 ./Middlewares/ST/STM32_USB_Device_Library/Class/CDC/Src/usbd_cdc.o
 .data.CDCInEpAdd
                0x0000000020000117        0x1 ./Middlewares/ST/STM32_USB_Device_Library/Class/CDC/Src/usbd_cdc.o
 .data.CDCOutEpAdd
                0x0000000020000118        0x1 ./Middlewares/ST/STM32_USB_Device_Library/Class/CDC/Src/usbd_cdc.o
 .data.CDCCmdEpAdd
                0x0000000020000119        0x1 ./Middlewares/ST/STM32_USB_Device_Library/Class/CDC/Src/usbd_cdc.o
 *fill*         0x000000002000011a        0x2 
 .data.USBD_Interface_fops_FS
                0x000000002000011c       0x14 ./USB_DEVICE/App/usbd_cdc_if.o
                0x000000002000011c                USBD_Interface_fops_FS
 .data.FS_Desc  0x0000000020000130       0x1c ./USB_DEVICE/App/usbd_desc.o
                0x0000000020000130                FS_Desc
 .data.USBD_FS_DeviceDesc
                0x000000002000014c       0x12 ./USB_DEVICE/App/usbd_desc.o
                0x000000002000014c                USBD_FS_DeviceDesc
 *fill*         0x000000002000015e        0x2 
 .data.USBD_LangIDDesc
                0x0000000020000160        0x4 ./USB_DEVICE/App/usbd_desc.o
                0x0000000020000160                USBD_LangIDDesc
 .data.USBD_StringSerial
                0x0000000020000164       0x1a ./USB_DEVICE/App/usbd_desc.o
                0x0000000020000164                USBD_StringSerial
 *fill*         0x000000002000017e        0x2 
 .data._impure_ptr
                0x0000000020000180        0x4 c:/st/stm32cubeide_1.12.0/stm32cubeide/plugins/com.st.stm32cube.ide.mcu.externaltools.gnu-tools-for-stm32.10.3-2021.10.win32_1.0.200.202301161003/tools/bin/../lib/gcc/arm-none-eabi/10.3.1/../../../../arm-none-eabi/lib/thumb/v7e-m+fp/hard\libc_nano.a(lib_a-impure.o)
                0x0000000020000180                _impure_ptr
 .data.impure_data
                0x0000000020000184       0x60 c:/st/stm32cubeide_1.12.0/stm32cubeide/plugins/com.st.stm32cube.ide.mcu.externaltools.gnu-tools-for-stm32.10.3-2021.10.win32_1.0.200.202301161003/tools/bin/../lib/gcc/arm-none-eabi/10.3.1/../../../../arm-none-eabi/lib/thumb/v7e-m+fp/hard\libc_nano.a(lib_a-impure.o)
 *(.RamFunc)
 *(.RamFunc*)
                0x00000000200001e4                . = ALIGN (0x4)
                0x00000000200001e4                _edata = .
                0x000000000800d5e4                _siccmram = LOADADDR (.ccmram)

.igot.plt       0x00000000200001e4        0x0 load address 0x000000000800d5e4
 .igot.plt      0x00000000200001e4        0x0 c:/st/stm32cubeide_1.12.0/stm32cubeide/plugins/com.st.stm32cube.ide.mcu.externaltools.gnu-tools-for-stm32.10.3-2021.10.win32_1.0.200.202301161003/tools/bin/../lib/gcc/arm-none-eabi/10.3.1/thumb/v7e-m+fp/hard/crtbegin.o

.ccmram         0x0000000010000000        0x0 load address 0x000000000800d5e4
                0x0000000010000000                . = ALIGN (0x4)
                0x0000000010000000                _sccmram = .
 *(.ccmram)
 *(.ccmram*)
                0x0000000010000000                . = ALIGN (0x4)
                0x0000000010000000                _eccmram = .
                0x0000000010000000                . = ALIGN (0x4)

.bss            0x00000000200001e4     0x3260
                0x00000000200001e4                _sbss = .
                0x00000000200001e4                __bss_start__ = _sbss
 *(.bss)
 .bss           0x00000000200001e4       0x1c c:/st/stm32cubeide_1.12.0/stm32cubeide/plugins/com.st.stm32cube.ide.mcu.externaltools.gnu-tools-for-stm32.10.3-2021.10.win32_1.0.200.202301161003/tools/bin/../lib/gcc/arm-none-eabi/10.3.1/thumb/v7e-m+fp/hard/crtbegin.o
 *(.bss*)
 .bss.irReceived
                0x0000000020000200        0x1 ./Core/Src/irDecoder.o
                0x0000000020000200                irReceived
 .bss.irPulseNb
                0x0000000020000201        0x1 ./Core/Src/irDecoder.o
                0x0000000020000201                irPulseNb
 *fill*         0x0000000020000202        0x2 
 .bss.irPulses  0x0000000020000204       0x40 ./Core/Src/irDecoder.o
                0x0000000020000204                irPulses
 .bss.irDevice  0x0000000020000244        0x1 ./Core/Src/irDecoder.o
                0x0000000020000244                irDevice
 .bss.irCommand
                0x0000000020000245        0x1 ./Core/Src/irDecoder.o
                0x0000000020000245                irCommand
 *fill*         0x0000000020000246        0x2 
 .bss.irHtim    0x0000000020000248        0x4 ./Core/Src/irDecoder.o
                0x0000000020000248                irHtim
 .bss.irHuart   0x000000002000024c        0x4 ./Core/Src/irDecoder.o
                0x000000002000024c                irHuart
 .bss.ascii     0x0000000020000250       0x14 ./Core/Src/irDecoder.o
                0x0000000020000250                ascii
 .bss.frameBufferArray
                0x0000000020000264     0x12c0 ./Core/Src/ledEffects.o
                0x0000000020000264                frameBufferArray
 .bss.ACTIVE_EFFECT_TYPE
                0x0000000020001524        0x1 ./Core/Src/ledEffects.o
                0x0000000020001524                ACTIVE_EFFECT_TYPE
 .bss.ACTIVE_EFFECT_NB
                0x0000000020001525        0x1 ./Core/Src/ledEffects.o
                0x0000000020001525                ACTIVE_EFFECT_NB
 *fill*         0x0000000020001526        0x2 
 .bss.x.1       0x0000000020001528       0x10 ./Core/Src/ledEffects.o
 .bss.htim1     0x0000000020001538       0x48 ./Core/Src/main.o
                0x0000000020001538                htim1
 .bss.htim3     0x0000000020001580       0x48 ./Core/Src/main.o
                0x0000000020001580                htim3
 .bss.huart2    0x00000000200015c8       0x44 ./Core/Src/main.o
                0x00000000200015c8                huart2
 .bss.hdma_usart2_rx
                0x000000002000160c       0x60 ./Core/Src/main.o
                0x000000002000160c                hdma_usart2_rx
 .bss.UART_CpltBuffer
                0x000000002000166c       0x32 ./Core/Src/main.o
                0x000000002000166c                UART_CpltBuffer
 .bss.GET_IR_FLAG
                0x000000002000169e        0x1 ./Core/Src/main.o
                0x000000002000169e                GET_IR_FLAG
 .bss.ROUTINES_WRITE_FLAG
                0x000000002000169f        0x1 ./Core/Src/main.o
                0x000000002000169f                ROUTINES_WRITE_FLAG
 .bss.SET_TIME_FLAG
                0x00000000200016a0        0x1 ./Core/Src/main.o
                0x00000000200016a0                SET_TIME_FLAG
 .bss.SAVING_IR_POS
                0x00000000200016a1        0x1 ./Core/Src/main.o
                0x00000000200016a1                SAVING_IR_POS
 .bss.SAVING_TIME_POS
                0x00000000200016a2        0x1 ./Core/Src/main.o
                0x00000000200016a2                SAVING_TIME_POS
 *fill*         0x00000000200016a3        0x1 
 .bss.USB_RX_BUFF
                0x00000000200016a4       0x40 ./Core/Src/main.o
                0x00000000200016a4                USB_RX_BUFF
 .bss.USB_RX_BYTES_RECEIVED
                0x00000000200016e4        0x1 ./Core/Src/main.o
                0x00000000200016e4                USB_RX_BYTES_RECEIVED
 *fill*         0x00000000200016e5        0x3 
 .bss.IR_CODES_FLAGS
                0x00000000200016e8       0x28 ./Core/Src/nonvmem.o
                0x00000000200016e8                IR_CODES_FLAGS
 .bss.IR_CODES_MACROS
                0x0000000020001710       0x78 ./Core/Src/nonvmem.o
                0x0000000020001710                IR_CODES_MACROS
 .bss.ELE_INPUT_MACROS
                0x0000000020001788       0x3c ./Core/Src/nonvmem.o
                0x0000000020001788                ELE_INPUT_MACROS
 .bss.TIME_FLAGS
                0x00000000200017c4       0x50 ./Core/Src/nonvmem.o
                0x00000000200017c4                TIME_FLAGS
 .bss.TIME_MACROS
                0x0000000020001814       0x78 ./Core/Src/nonvmem.o
                0x0000000020001814                TIME_MACROS
 .bss.__sbrk_heap_end