../Core/Src/main.c:104:6:HAL_GPIO_EXTI_Callback	16	static
../Core/Src/main.c:116:6:HAL_TIM_IC_CaptureCallback	16	static
../Core/Src/main.c:132:6:SendRoutinesOverUart	40	static
../Core/Src/main.c:170:6:UartCheckReceived	56	static
../Core/Src/main.c:466:6:irCallback	48	static
../Core/Src/main.c:513:5:main	16	static
../Core/Src/main.c:603:6:SystemClock_Config	88	static
../Core/Src/main.c:649:13:MX_TIM1_Init	32	static
../Core/Src/main.c:695:13:MX_TIM3_Init	48	static
../Core/Src/main.c:753:13:MX_USART2_UART_Init	8	static
../Core/Src/main.c:784:13:MX_DMA_Init	16	static
../Core/Src/main.c:802:13:MX_GPIO_Init	48	static
../Core/Src/main.c:836:6:Error_Handler	4	static,ignoring_inline_asm
