../Core/Src/main.c:95:6:HAL_TIM_IC_CaptureCallback	16	static
../Core/Src/main.c:99:6:HAL_UARTEx_RxEventCallback	24	static
../Core/Src/main.c:111:6:SendRoutinesOverUart	40	static
../Core/Src/main.c:149:6:UartCheckReceived	48	static
../Core/Src/main.c:292:6:irCallback	48	static
../Core/Src/main.c:319:5:main	16	static
../Core/Src/main.c:403:6:SystemClock_Config	88	static
../Core/Src/main.c:450:13:MX_TIM1_Init	32	static
../Core/Src/main.c:496:13:MX_TIM3_Init	48	static
../Core/Src/main.c:554:13:MX_USART2_UART_Init	8	static
../Core/Src/main.c:585:13:MX_DMA_Init	16	static
../Core/Src/main.c:603:13:MX_GPIO_Init	16	static
../Core/Src/main.c:624:6:Error_Handler	4	static,ignoring_inline_asm
