../Core/Src/ws2812b.c:49:13:ws2812b_gpio_init	40	static
../Core/Src/ws2812b.c:82:13:TIM1_init	24	static
../Core/Src/ws2812b.c:141:13:DMA2_init	16	static
../Core/Src/ws2812b.c:238:13:loadNextFramebufferData	48	static
../Core/Src/ws2812b.c:253:13:WS2812_sendbuf	16	static
../Core/Src/ws2812b.c:300:6:DMA_TransferError	24	static
../Core/Src/ws2812b.c:307:6:DMA_TransferHalfHandler	32	static
../Core/Src/ws2812b.c:333:6:DMA_TransferCompleteHandler	24	static
../Core/Src/ws2812b.c:395:6:DMA2_Stream2_IRQHandler	8	static
../Core/Src/ws2812b.c:410:6:TIM1_UP_TIM10_IRQHandler	8	static
../Core/Src/ws2812b.c:424:6:HAL_TIM_PeriodElapsedCallback	16	static
../Core/Src/ws2812b.c:465:13:ws2812b_set_pixel	40	static
../Core/Src/ws2812b.c:500:6:ws2812b_init	8	static
../Core/Src/ws2812b.c:517:6:ws2812b_handle	8	static
