Archive member included to satisfy reference by file (symbol)

c:/st/stm32cubeide_1.12.0/stm32cubeide/plugins/com.st.stm32cube.ide.mcu.externaltools.gnu-tools-for-stm32.10.3-2021.10.win32_1.0.200.202301161003/tools/bin/../lib/gcc/arm-none-eabi/10.3.1/../../../../arm-none-eabi/lib/thumb/v7e-m+fp/hard\libc_nano.a(lib_a-errno.o)
                              ./Core/Src/syscalls.o (__errno)
c:/st/stm32cubeide_1.12.0/stm32cubeide/plugins/com.st.stm32cube.ide.mcu.externaltools.gnu-tools-for-stm32.10.3-2021.10.win32_1.0.200.202301161003/tools/bin/../lib/gcc/arm-none-eabi/10.3.1/../../../../arm-none-eabi/lib/thumb/v7e-m+fp/hard\libc_nano.a(lib_a-exit.o)
                              c:/st/stm32cubeide_1.12.0/stm32cubeide/plugins/com.st.stm32cube.ide.mcu.externaltools.gnu-tools-for-stm32.10.3-2021.10.win32_1.0.200.202301161003/tools/bin/../lib/gcc/arm-none-eabi/10.3.1/../../../../arm-none-eabi/lib/thumb/v7e-m+fp/hard/crt0.o (exit)
c:/st/stm32cubeide_1.12.0/stm32cubeide/plugins/com.st.stm32cube.ide.mcu.externaltools.gnu-tools-for-stm32.10.3-2021.10.win32_1.0.200.202301161003/tools/bin/../lib/gcc/arm-none-eabi/10.3.1/../../../../arm-none-eabi/lib/thumb/v7e-m+fp/hard\libc_nano.a(lib_a-impure.o)
                              c:/st/stm32cubeide_1.12.0/stm32cubeide/plugins/com.st.stm32cube.ide.mcu.externaltools.gnu-tools-for-stm32.10.3-2021.10.win32_1.0.200.202301161003/tools/bin/../lib/gcc/arm-none-eabi/10.3.1/../../../../arm-none-eabi/lib/thumb/v7e-m+fp/hard\libc_nano.a(lib_a-exit.o) (_global_impure_ptr)
c:/st/stm32cubeide_1.12.0/stm32cubeide/plugins/com.st.stm32cube.ide.mcu.externaltools.gnu-tools-for-stm32.10.3-2021.10.win32_1.0.200.202301161003/tools/bin/../lib/gcc/arm-none-eabi/10.3.1/../../../../arm-none-eabi/lib/thumb/v7e-m+fp/hard\libc_nano.a(lib_a-init.o)
                              c:/st/stm32cubeide_1.12.0/stm32cubeide/plugins/com.st.stm32cube.ide.mcu.externaltools.gnu-tools-for-stm32.10.3-2021.10.win32_1.0.200.202301161003/tools/bin/../lib/gcc/arm-none-eabi/10.3.1/../../../../arm-none-eabi/lib/thumb/v7e-m+fp/hard/crt0.o (__libc_init_array)
c:/st/stm32cubeide_1.12.0/stm32cubeide/plugins/com.st.stm32cube.ide.mcu.externaltools.gnu-tools-for-stm32.10.3-2021.10.win32_1.0.200.202301161003/tools/bin/../lib/gcc/arm-none-eabi/10.3.1/../../../../arm-none-eabi/lib/thumb/v7e-m+fp/hard\libc_nano.a(lib_a-memset.o)
                              c:/st/stm32cubeide_1.12.0/stm32cubeide/plugins/com.st.stm32cube.ide.mcu.externaltools.gnu-tools-for-stm32.10.3-2021.10.win32_1.0.200.202301161003/tools/bin/../lib/gcc/arm-none-eabi/10.3.1/../../../../arm-none-eabi/lib/thumb/v7e-m+fp/hard/crt0.o (memset)
c:/st/stm32cubeide_1.12.0/stm32cubeide/plugins/com.st.stm32cube.ide.mcu.externaltools.gnu-tools-for-stm32.10.3-2021.10.win32_1.0.200.202301161003/tools/bin/../lib/gcc/arm-none-eabi/10.3.1/../../../../arm-none-eabi/lib/thumb/v7e-m+fp/hard\libc_nano.a(lib_a-nano-vfprintf_float.o)
                              (_printf_float)
c:/st/stm32cubeide_1.12.0/stm32cubeide/plugins/com.st.stm32cube.ide.mcu.externaltools.gnu-tools-for-stm32.10.3-2021.10.win32_1.0.200.202301161003/tools/bin/../lib/gcc/arm-none-eabi/10.3.1/../../../../arm-none-eabi/lib/thumb/v7e-m+fp/hard\libc_nano.a(lib_a-nano-vfprintf_i.o)
                              c:/st/stm32cubeide_1.12.0/stm32cubeide/plugins/com.st.stm32cube.ide.mcu.externaltools.gnu-tools-for-stm32.10.3-2021.10.win32_1.0.200.202301161003/tools/bin/../lib/gcc/arm-none-eabi/10.3.1/../../../../arm-none-eabi/lib/thumb/v7e-m+fp/hard\libc_nano.a(lib_a-nano-vfprintf_float.o) (_printf_common)
c:/st/stm32cubeide_1.12.0/stm32cubeide/plugins/com.st.stm32cube.ide.mcu.externaltools.gnu-tools-for-stm32.10.3-2021.10.win32_1.0.200.202301161003/tools/bin/../lib/gcc/arm-none-eabi/10.3.1/../../../../arm-none-eabi/lib/thumb/v7e-m+fp/hard\libc_nano.a(lib_a-rand.o)
                              ./Core/Src/visEffect.o (rand)
c:/st/stm32cubeide_1.12.0/stm32cubeide/plugins/com.st.stm32cube.ide.mcu.externaltools.gnu-tools-for-stm32.10.3-2021.10.win32_1.0.200.202301161003/tools/bin/../lib/gcc/arm-none-eabi/10.3.1/../../../../arm-none-eabi/lib/thumb/v7e-m+fp/hard\libc_nano.a(lib_a-sprintf.o)
                              ./Core/Src/main.o (sprintf)
c:/st/stm32cubeide_1.12.0/stm32cubeide/plugins/com.st.stm32cube.ide.mcu.externaltools.gnu-tools-for-stm32.10.3-2021.10.win32_1.0.200.202301161003/tools/bin/../lib/gcc/arm-none-eabi/10.3.1/../../../../arm-none-eabi/lib/thumb/v7e-m+fp/hard\libc_nano.a(lib_a-strlen.o)
                              ./Core/Src/main.o (strlen)
c:/st/stm32cubeide_1.12.0/stm32cubeide/plugins/com.st.stm32cube.ide.mcu.externaltools.gnu-tools-for-stm32.10.3-2021.10.win32_1.0.200.202301161003/tools/bin/../lib/gcc/arm-none-eabi/10.3.1/../../../../arm-none-eabi/lib/thumb/v7e-m+fp/hard\libc_nano.a(lib_a-assert.o)
[...]
Memory Configuration

Name             Origin             Length             Attributes
CCMRAM           0x0000000010000000 0x0000000000010000 xrw
RAM              0x0000000020000000 0x0000000000020000 xrw
FLASH            0x0000000008000000 0x0000000000080000 xr
*default*        0x0000000000000000 0xffffffffffffffff

Linker script and memory map

LOAD c:/st/stm32cubeide_1.12.0/stm32cubeide/plugins/com.st.stm32cube.ide.mcu.externaltools.gnu-tools-for-stm32.10.3-2021.10.win32_1.0.200.202301161003/tools/bin/../lib/gcc/arm-none-eabi/10.3.1/thumb/v7e-m+fp/hard/crti.o
LOAD c:/st/stm32cubeide_1.12.0/stm32cubeide/plugins/com.st.stm32cube.ide.mcu.externaltools.gnu-tools-for-stm32.10.3-2021.10.win32_1.0.200.202301161003/tools/bin/../lib/gcc/arm-none-eabi/10.3.1/thumb/v7e-m+fp/hard/crtbegin.o
LOAD c:/st/stm32cubeide_1.12.0/stm32cubeide/plugins/com.st.stm32cube.ide.mcu.externaltools.gnu-tools-for-stm32.10.3-2021.10.win32_1.0.200.202301161003/tools/bin/../lib/gcc/arm-none-eabi/10.3.1/../../../../arm-none-eabi/lib/thumb/v7e-m+fp/hard/crt0.o
LOAD ./Core/Src/irDecoder.o
LOAD ./Core/Src/ledEffects.o
LOAD ./Core/Src/main.o
LOAD ./Core/Src/nonvmem.o
LOAD ./Core/Src/stm32f4xx_hal_msp.o
LOAD ./Core/Src/stm32f4xx_it.o
LOAD ./Core/Src/syscalls.o
LOAD ./Core/Src/sysmem.o
LOAD ./Core/Src/system_stm32f4xx.o
LOAD ./Core/Src/visEffect.o
LOAD ./Core/Src/ws2812b.o
LOAD ./Core/Startup/startup_stm32f407vetx.o
LOAD ./Drivers/STM32F4xx_HAL_Driver/Src/stm32f4xx_hal.o
LOAD ./Drivers/STM32F4xx_HAL_Driver/Src/stm32f4xx_hal_cortex.o
LOAD ./Drivers/STM32F4xx_HAL_Driver/Src/stm32f4xx_hal_dma.o
LOAD ./Drivers/STM32F4xx_HAL_Driver/Src/stm32f4xx_hal_dma_ex.o
LOAD ./Drivers/STM32F4xx_HAL_Driver/Src/stm32f4xx_hal_exti.o
LOAD ./Drivers/STM32F4xx_HAL_Driver/Src/stm32f4xx_hal_flash.o
LOAD ./Drivers/STM32F4xx_HAL_Driver/Src/stm32f4xx_hal_flash_ex.o
LOAD ./Drivers/STM32F4xx_HAL_Driver/Src/stm32f4xx_hal_flash_ramfunc.o
LOAD ./Drivers/STM32F4xx_HAL_Driver/Src/stm32f4xx_hal_gpio.o
LOAD ./Drivers/STM32F4xx_HAL_Driver/Src/stm32f4xx_hal_pwr.o
LOAD ./Drivers/STM32F4xx_HAL_Driver/Src/stm32f4xx_hal_pwr_ex.o
LOAD ./Drivers/STM32F4xx_HAL_Driver/Src/stm32f4xx_hal_rcc.o
LOAD ./Drivers/STM32F4xx_HAL_Driver/Src/stm32f4xx_hal_rcc_ex.o
LOAD ./Drivers/STM32F4xx_HAL_Driver/Src/stm32f4xx_hal_tim.o
LOAD ./Drivers/STM32F4xx_HAL_Driver/Src/stm32f4xx_hal_tim_ex.o
LOAD ./Drivers/STM32F4xx_HAL_Driver/Src/stm32f4xx_hal_uart.o
START GROUP
LOAD c:/st/stm32cubeide_1.12.0/stm32cubeide/plugins/com.st.stm32cube.ide.mcu.externaltools.gnu-tools-for-stm32.10.3-2021.10.win32_1.0.200.202301161003/tools/bin/../lib/gcc/arm-none-eabi/10.3.1/../../../../arm-none-eabi/lib/thumb/v7e-m+fp/hard\libc_nano.a
LOAD c:/st/stm32cubeide_1.12.0/stm32cubeide/plugins/com.st.stm32cube.ide.mcu.externaltools.gnu-tools-for-stm32.10.3-2021.10.win32_1.0.200.202301161003/tools/bin/../lib/gcc/arm-none-eabi/10.3.1/../../../../arm-none-eabi/lib/thumb/v7e-m+fp/hard\libm.a
END GROUP
START GROUP
LOAD c:/st/stm32cubeide_1.12.0/stm32cubeide/plugins/com.st.stm32cube.ide.mcu.externaltools.gnu-tools-for-stm32.10.3-2021.10.win32_1.0.200.202301161003/tools/bin/../lib/gcc/arm-none-eabi/10.3.1/thumb/v7e-m+fp/hard\libgcc.a
LOAD c:/st/stm32cubeide_1.12.0/stm32cubeide/plugins/com.st.stm32cube.ide.mcu.externaltools.gnu-tools-for-stm32.10.3-2021.10.win32_1.0.200.202301161003/tools/bin/../lib/gcc/arm-none-eabi/10.3.1/../../../../arm-none-eabi/lib/thumb/v7e-m+fp/hard\libc_nano.a
END GROUP
START GROUP
LOAD c:/st/stm32cubeide_1.12.0/stm32cubeide/plugins/com.st.stm32cube.ide.mcu.externaltools.gnu-tools-for-stm32.10.3-2021.10.win32_1.0.200.202301161003/tools/bin/../lib/gcc/arm-none-eabi/10.3.1/thumb/v7e-m+fp/hard\libgcc.a
LOAD c:/st/stm32cubeide_1.12.0/stm32cubeide/plugins/com.st.stm32cube.ide.mcu.externaltools.gnu-tools-for-stm32.10.3-2021.10.win32_1.0.200.202301161003/tools/bin/../lib/gcc/arm-none-eabi/10.3.1/../../../../arm-none-eabi/lib/thumb/v7e-m+fp/hard\libc_nano.a
LOAD c:/st/stm32cubeide_1.12.0/stm32cubeide/plugins/com.st.stm32cube.ide.mcu.externaltools.gnu-tools-for-stm32.10.3-2021.10.win32_1.0.200.202301161003/tools/bin/../lib/gcc/arm-none-eabi/10.3.1/../../../../arm-none-eabi/lib/thumb/v7e-m+fp/hard\libnosys.a
END GROUP
START GROUP
LOAD c:/st/stm32cubeide_1.12.0/stm32cubeide/plugins/com.st.stm32cube.ide.mcu.externaltools.gnu-tools-for-stm32.10.3-2021.10.win32_1.0.200.202301161003/tools/bin/../lib/gcc/arm-none-eabi/10.3.1/thumb/v7e-m+fp/hard\libgcc.a
LOAD c:/st/stm32cubeide_1.12.0/stm32cubeide/plugins/com.st.stm32cube.ide.mcu.externaltools.gnu-tools-for-stm32.10.3-2021.10.win32_1.0.200.202301161003/tools/bin/../lib/gcc/arm-none-eabi/10.3.1/../../../../arm-none-eabi/lib/thumb/v7e-m+fp/hard\libc_nano.a
LOAD c:/st/stm32cubeide_1.12.0/stm32cubeide/plugins/com.st.stm32cube.ide.mcu.externaltools.gnu-tools-for-stm32.10.3-2021.10.win32_1.0.200.202301161003/tools/bin/../lib/gcc/arm-none-eabi/10.3.1/../../../../arm-none-eabi/lib/thumb/v7e-m+fp/hard\libnosys.a
END GROUP
LOAD c:/st/stm32cubeide_1.12.0/stm32cubeide/plugins/com.st.stm32cube.ide.mcu.externaltools.gnu-tools-for-stm32.10.3-2021.10.win32_1.0.200.202301161003/tools/bin/../lib/gcc/arm-none-eabi/10.3.1/thumb/v7e-m+fp/hard/crtend.o
LOAD c:/st/stm32cubeide_1.12.0/stm32cubeide/plugins/com.st.stm32cube.ide.mcu.externaltools.gnu-tools-for-stm32.10.3-2021.10.win32_1.0.200.202301161003/tools/bin/../lib/gcc/arm-none-eabi/10.3.1/thumb/v7e-m+fp/hard/crtn.o
                0x0000000020020000                _estack = (ORIGIN (RAM) + LENGTH (RAM))
                0x0000000000000200                _Min_Heap_Size = 0x200
                0x0000000000000400                _Min_Stack_Size = 0x400

.isr_vector     0x0000000008000000      0x188
                0x0000000008000000                . = ALIGN (0x4)
 *(.isr_vector)
 .isr_vector    0x0000000008000000      0x188 ./Core/Startup/startup_stm32f407vetx.o
                0x0000000008000000                g_pfnVectors
                0x0000000008000188                . = ALIGN (0x4)

.text           0x0000000008000190     0x784c
                0x0000000008000190                . = ALIGN (0x4)
 *(.text)
 .text          0x0000000008000190       0x40 c:/st/stm32cubeide_1.12.0/stm32cubeide/plugins/com.st.stm32cube.ide.mcu.externaltools.gnu-tools-for-stm32.10.3-2021.10.win32_1.0.200.202301161003/tools/bin/../lib/gcc/arm-none-eabi/10.3.1/thumb/v7e-m+fp/hard/crtbegin.o
 .text          0x00000000080001d0       0x10 c:/st/stm32cubeide_1.12.0/stm32cubeide/plugins/com.st.stm32cube.ide.mcu.externaltools.gnu-tools-for-stm32.10.3-2021.10.win32_1.0.200.202301161003/tools/bin/../lib/gcc/arm-none-eabi/10.3.1/../../../../arm-none-eabi/lib/thumb/v7e-m+fp/hard\libc_nano.a(lib_a-strlen.o)
                0x00000000080001d0                strlen
 .text          0x00000000080001e0       0xa0 c:/st/stm32cubeide_1.12.0/stm32cubeide/plugins/com.st.stm32cube.ide.mcu.externaltools.gnu-tools-for-stm32.10.3-2021.10.win32_1.0.200.202301161003/tools/bin/../lib/gcc/arm-none-eabi/10.3.1/../../../../arm-none-eabi/lib/thumb/v7e-m+fp/hard\libc_nano.a(lib_a-memchr.o)
                0x00000000080001e0                memchr
 .text          0x0000000008000280      0x378 c:/st/stm32cubeide_1.12.0/stm32cubeide/plugins/com.st.stm32cube.ide.mcu.externaltools.gnu-tools-for-stm32.10.3-2021.10.win32_1.0.200.202301161003/tools/bin/../lib/gcc/arm-none-eabi/10.3.1/thumb/v7e-m+fp/hard\libgcc.a(_arm_addsubdf3.o)
                0x0000000008000280                __aeabi_drsub
                0x0000000008000288                __aeabi_dsub
                0x0000000008000288                __subdf3
                0x000000000800028c                __aeabi_dadd
                0x000000000800028c                __adddf3
                0x0000000008000504                __floatunsidf
                0x0000000008000504                __aeabi_ui2d
                0x0000000008000524                __floatsidf
                0x0000000008000524                __aeabi_i2d
                0x0000000008000548                __aeabi_f2d
                0x0000000008000548                __extendsfdf2
                0x000000000800058c                __floatundidf
                0x000000000800058c                __aeabi_ul2d
                0x000000000800059c                __floatdidf
                0x000000000800059c                __aeabi_l2d
 .text          0x00000000080005f8      0x424 c:/st/stm32cubeide_1.12.0/stm32cubeide/plugins/com.st.stm32cube.ide.mcu.externaltools.gnu-tools-for-stm32.10.3-2021.10.win32_1.0.200.202301161003/tools/bin/../lib/gcc/arm-none-eabi/10.3.1/thumb/v7e-m+fp/hard\libgcc.a(_arm_muldivdf3.o)
                0x00000000080005f8                __aeabi_dmul
                0x00000000080005f8                __muldf3
                0x000000000800084c                __divdf3
                0x000000000800084c                __aeabi_ddiv
 .text          0x0000000008000a1c      0x110 c:/st/stm32cubeide_1.12.0/stm32cubeide/plugins/com.st.stm32cube.ide.mcu.externaltools.gnu-tools-for-stm32.10.3-2021.10.win32_1.0.200.202301161003/tools/bin/../lib/gcc/arm-none-eabi/10.3.1/thumb/v7e-m+fp/hard\libgcc.a(_arm_cmpdf2.o)
                0x0000000008000a1c                __gtdf2
                0x0000000008000a1c                __gedf2
                0x0000000008000a24                __ltdf2
                0x0000000008000a24                __ledf2
                0x0000000008000a2c                __nedf2
                0x0000000008000a2c                __eqdf2
                0x0000000008000a2c                __cmpdf2
                0x0000000008000aa8                __aeabi_cdrcmple
                0x0000000008000ab8                __aeabi_cdcmpeq
                0x0000000008000ab8                __aeabi_cdcmple
                0x0000000008000ac8                __aeabi_dcmpeq
                0x0000000008000adc                __aeabi_dcmplt
                0x0000000008000af0                __aeabi_dcmple
                0x0000000008000b04                __aeabi_dcmpge
                0x0000000008000b18                __aeabi_dcmpgt
 .text          0x0000000008000b2c       0x2c c:/st/stm32cubeide_1.12.0/stm32cubeide/plugins/com.st.stm32cube.ide.mcu.externaltools.gnu-tools-for-stm32.10.3-2021.10.win32_1.0.200.202301161003/tools/bin/../lib/gcc/arm-none-eabi/10.3.1/thumb/v7e-m+fp/hard\libgcc.a(_arm_unorddf2.o)
                0x0000000008000b2c                __unorddf2
                0x0000000008000b2c                __aeabi_dcmpun
 .text          0x0000000008000b58       0x50 c:/st/stm32cubeide_1.12.0/stm32cubeide/plugins/com.st.stm32cube.ide.mcu.externaltools.gnu-tools-for-stm32.10.3-2021.10.win32_1.0.200.202301161003/tools/bin/../lib/gcc/arm-none-eabi/10.3.1/thumb/v7e-m+fp/hard\libgcc.a(_arm_fixdfsi.o)
                0x0000000008000b58                __aeabi_d2iz
                0x0000000008000b58                __fixdfsi
 .text          0x0000000008000ba8       0x30 c:/st/stm32cubeide_1.12.0/stm32cubeide/plugins/com.st.stm32cube.ide.mcu.externaltools.gnu-tools-for-stm32.10.3-2021.10.win32_1.0.200.202301161003/tools/bin/../lib/gcc/arm-none-eabi/10.3.1/thumb/v7e-m+fp/hard\libgcc.a(_aeabi_uldivmod.o)
                0x0000000008000ba8                __aeabi_uldivmod
 .text          0x0000000008000bd8      0x2d0 c:/st/stm32cubeide_1.12.0/stm32cubeide/plugins/com.st.stm32cube.ide.mcu.externaltools.gnu-tools-for-stm32.10.3-2021.10.win32_1.0.200.202301161003/tools/bin/../lib/gcc/arm-none-eabi/10.3.1/thumb/v7e-m+fp/hard\libgcc.a(_udivmoddi4.o)
                0x0000000008000bd8                __udivmoddi4
 .text          0x0000000008000ea8        0x4 c:/st/stm32cubeide_1.12.0/stm32cubeide/plugins/com.st.stm32cube.ide.mcu.externaltools.gnu-tools-for-stm32.10.3-2021.10.win32_1.0.200.202301161003/tools/bin/../lib/gcc/arm-none-eabi/10.3.1/thumb/v7e-m+fp/hard\libgcc.a(_dvmd_tls.o)
                0x0000000008000ea8                __aeabi_idiv0
                0x0000000008000ea8                __aeabi_ldiv0
 *(.text*)
 .text.irSetup  0x0000000008000eac       0x1c ./Core/Src/irDecoder.o
                0x0000000008000eac                irSetup
 .text.irHandle
                0x0000000008000ec8       0xec ./Core/Src/irDecoder.o
                0x0000000008000ec8                irHandle
 .text.irIRQ    0x0000000008000fb4       0x84 ./Core/Src/irDecoder.o
                0x0000000008000fb4                irIRQ
 .text.setAllBlack
                0x0000000008001038       0x28 ./Core/Src/ledEffects.o
                0x0000000008001038                setAllBlack
 .text.setBlack
                0x0000000008001060       0x24 ./Core/Src/ledEffects.o
                0x0000000008001060                setBlack
 .text.Wheel    0x0000000008001084       0x46 ./Core/Src/ledEffects.o
                0x0000000008001084                Wheel
 *fill*         0x00000000080010ca        0x2 
 .text.calcRainbow
                0x00000000080010cc       0x48 ./Core/Src/ledEffects.o
                0x00000000080010cc                calcRainbow
 .text.handleEffects
                0x0000000008001114       0x3e ./Core/Src/ledEffects.o
                0x0000000008001114                handleEffects
 *fill*         0x0000000008001152        0x2 
 .text.effectsLoop
                0x0000000008001154       0x58 ./Core/Src/ledEffects.o
                0x0000000008001154                effectsLoop
 .text.irCallback
                0x00000000080011ac       0x54 ./Core/Src/main.o
                0x00000000080011ac                irCallback
 .text.HAL_TIM_IC_CaptureCallback
                0x0000000008001200        0x8 ./Core/Src/main.o
                0x0000000008001200                HAL_TIM_IC_CaptureCallback
 .text.HAL_UARTEx_RxEventCallback
                0x0000000008001208       0x60 ./Core/Src/main.o
                0x0000000008001208                HAL_UARTEx_RxEventCallback
 .text.SendRoutinesOverUart
                0x0000000008001268      0x17c ./Core/Src/main.o
                0x0000000008001268                SendRoutinesOverUart
 .text.UartCheckReceived
                0x00000000080013e4      0x3c4 ./Core/Src/main.o
                0x00000000080013e4                UartCheckReceived
 .text.SystemClock_Config
                0x00000000080017a8       0xa4 ./Core/Src/main.o
                0x00000000080017a8                SystemClock_Config
 .text.main     0x000000000800184c      0x21c ./Core/Src/main.o
                0x000000000800184c                main
 .text.Error_Handler
                0x0000000008001a68        0x4 ./Core/Src/main.o
                0x0000000008001a68                Error_Handler
 .text.purgeSaved
                0x0000000008001a6c       0x20 ./Core/Src/nonvmem.o
                0x0000000008001a6c                purgeSaved
 .text.save2DArr
                0x0000000008001a8c       0x46 ./Core/Src/nonvmem.o
                0x0000000008001a8c                save2DArr
 .text.read2DArr
                0x0000000008001ad2       0x42 ./Core/Src/nonvmem.o
                0x0000000008001ad2                read2DArr
 .text.saveMem  0x0000000008001b14       0x9c ./Core/Src/nonvmem.o
                0x0000000008001b14                saveMem
 .text.readMem  0x0000000008001bb0       0x98 ./Core/Src/nonvmem.o
                0x0000000008001bb0                readMem
 .text.HAL_MspInit
                0x0000000008001c48       0x38 ./Core/Src/stm32f4xx_hal_msp.o
                0x0000000008001c48                HAL_MspInit
 .text.HAL_TIM_Base_MspInit
                0x0000000008001c80       0xa4 ./Core/Src/stm32f4xx_hal_msp.o
                0x0000000008001c80                HAL_TIM_Base_MspInit
 .text.HAL_UART_MspInit
                0x0000000008001d24       0xb8 ./Core/Src/stm32f4xx_hal_msp.o
                0x0000000008001d24                HAL_UART_MspInit
 .text.NMI_Handler
                0x0000000008001ddc        0x2 ./Core/Src/stm32f4xx_it.o
                0x0000000008001ddc                NMI_Handler
 .text.HardFault_Handler
                0x0000000008001dde        0x2 ./Core/Src/stm32f4xx_it.o
                0x0000000008001dde                HardFault_Handler
 .text.MemManage_Handler
                0x0000000008001de0        0x2 ./Core/Src/stm32f4xx_it.o
                0x0000000008001de0                MemManage_Handler
 .text.BusFault_Handler
                0x0000000008001de2        0x2 ./Core/Src/stm32f4xx_it.o
                0x0000000008001de2                BusFault_Handler
 .text.UsageFault_Handler
                0x0000000008001de4        0x2 ./Core/Src/stm32f4xx_it.o
                0x0000000008001de4                UsageFault_Handler
 .text.SVC_Handler
                0x0000000008001de6        0x2 ./Core/Src/stm32f4xx_it.o
                0x0000000008001de6                SVC_Handler
 .text.DebugMon_Handler
                0x0000000008001de8        0x2 ./Core/Src/stm32f4xx_it.o
                0x0000000008001de8                DebugMon_Handler
 .text.PendSV_Handler
                0x0000000008001dea        0x2 ./Core/Src/stm32f4xx_it.o
                0x0000000008001dea                PendSV_Handler
 .text.SysTick_Handler
                0x0000000008001dec        0x8 ./Core/Src/stm32f4xx_it.o
                0x0000000008001dec                SysTick_Handler
 .text.DMA1_Stream5_IRQHandler
                0x0000000008001df4       0x10 ./Core/Src/stm32f4xx_it.o
                0x0000000008001df4                DMA1_Stream5_IRQHandler
 .text.TIM3_IRQHandler
                0x0000000008001e04       0x10 ./Core/Src/stm32f4xx_it.o
                0x0000000008001e04                TIM3_IRQHandler
 .text.USART2_IRQHandler
                0x0000000008001e14       0x10 ./Core/Src/stm32f4xx_it.o
                0x0000000008001e14                USART2_IRQHandler
 .text._getpid  0x0000000008001e24        0x4 ./Core/Src/syscalls.o
                0x0000000008001e24                _getpid
 .text._kill    0x0000000008001e28       0x10 ./Core/Src/syscalls.o
                0x0000000008001e28                _kill
 .text._exit    0x0000000008001e38        0xc ./Core/Src/syscalls.o
                0x0000000008001e38                _exit
 .text._read    0x0000000008001e44       0x1a ./Core/Src/syscalls.o
                0x0000000008001e44                _read
 .text._write   0x0000000008001e5e       0x1a ./Core/Src/syscalls.o
                0x0000000008001e5e                _write
 .text._close   0x0000000008001e78        0x6 ./Core/Src/syscalls.o
                0x0000000008001e78                _close
 .text._fstat   0x0000000008001e7e        0xa ./Core/Src/syscalls.o
                0x0000000008001e7e                _fstat
 .text._isatty  0x0000000008001e88        0x4 ./Core/Src/syscalls.o
                0x0000000008001e88                _isatty
 .text._lseek   0x0000000008001e8c        0x4 ./Core/Src/syscalls.o
                0x0000000008001e8c                _lseek
 .text._sbrk    0x0000000008001e90       0x48 ./Core/Src/sysmem.o
                0x0000000008001e90                _sbrk
 .text.SystemInit
                0x0000000008001ed8       0x14 ./Core/Src/system_stm32f4xx.o
                0x0000000008001ed8                SystemInit
 .text.DMA_TransferError
                0x0000000008001eec       0x10 ./Core/Src/ws2812b.o
                0x0000000008001eec                DMA_TransferError
 .text.ws2812b_set_pixel
                0x0000000008001efc       0x8c ./Core/Src/ws2812b.o
 .text.loadNextFramebufferData
                0x0000000008001f88       0x32 ./Core/Src/ws2812b.o
 *fill*         0x0000000008001fba        0x2 
 .text.DMA_TransferCompleteHandler
                0x0000000008001fbc       0xec ./Core/Src/ws2812b.o
                0x0000000008001fbc                DMA_TransferCompleteHandler
 .text.DMA_TransferHalfHandler
                0x00000000080020a8       0x48 ./Core/Src/ws2812b.o
                0x00000000080020a8                DMA_TransferHalfHandler
 .text.DMA2_Stream2_IRQHandler
                0x00000000080020f0       0x20 ./Core/Src/ws2812b.o
                0x00000000080020f0                DMA2_Stream2_IRQHandler
 .text.TIM1_UP_TIM10_IRQHandler
                0x0000000008002110       0x20 ./Core/Src/ws2812b.o
                0x0000000008002110                TIM1_UP_TIM10_IRQHandler
 .text.HAL_TIM_PeriodElapsedCallback
                0x0000000008002130       0x40 ./Core/Src/ws2812b.o
                0x0000000008002130                HAL_TIM_PeriodElapsedCallback
 .text.ws2812b_init
                0x0000000008002170      0x2c8 ./Core/Src/ws2812b.o
                0x0000000008002170                ws2812b_init
 .text.ws2812b_handle
                0x0000000008002438      0x180 ./Core/Src/ws2812b.o
                0x0000000008002438                ws2812b_handle
 .text.Reset_Handler
                0x00000000080025b8       0x50 ./Core/Startup/startup_stm32f407vetx.o
                0x00000000080025b8                Reset_Handler
 .text.Default_Handler
                0x0000000008002608        0x2 ./Core/Startup/startup_stm32f407vetx.o
                0x0000000008002608                RTC_Alarm_IRQHandler
                0x0000000008002608                HASH_RNG_IRQHandler
                0x0000000008002608                EXTI2_IRQHandler
                0x0000000008002608                TIM8_CC_IRQHandler
                0x0000000008002608                TIM1_CC_IRQHandler
                0x0000000008002608                DMA2_Stream5_IRQHandler
                0x0000000008002608                PVD_IRQHandler
                0x0000000008002608                SDIO_IRQHandler
                0x0000000008002608                TAMP_STAMP_IRQHandler
                0x0000000008002608                CAN2_RX1_IRQHandler
                0x0000000008002608                EXTI3_IRQHandler
                0x0000000008002608                TIM8_TRG_COM_TIM14_IRQHandler
                0x0000000008002608                TIM8_UP_TIM13_IRQHandler
                0x0000000008002608                I2C3_ER_IRQHandler
                0x0000000008002608                EXTI0_IRQHandler
                0x0000000008002608                I2C2_EV_IRQHandler
                0x0000000008002608                DMA1_Stream2_IRQHandler
                0x0000000008002608                CAN1_RX0_IRQHandler
                0x0000000008002608                FPU_IRQHandler
                0x0000000008002608                OTG_HS_WKUP_IRQHandler
                0x0000000008002608                CAN2_SCE_IRQHandler
                0x0000000008002608                SPI1_IRQHandler
                0x0000000008002608                TIM6_DAC_IRQHandler
                0x0000000008002608                TIM1_BRK_TIM9_IRQHandler
                0x0000000008002608                DCMI_IRQHandler
                0x0000000008002608                CAN2_RX0_IRQHandler
                0x0000000008002608                DMA2_Stream3_IRQHandler
                0x0000000008002608                USART6_IRQHandler
                0x0000000008002608                USART3_IRQHandler
                0x0000000008002608                CAN1_RX1_IRQHandler
                0x0000000008002608                UART5_IRQHandler
                0x0000000008002608                DMA2_Stream0_IRQHandler
                0x0000000008002608                TIM4_IRQHandler
                0x0000000008002608                I2C1_EV_IRQHandler
                0x0000000008002608                DMA1_Stream6_IRQHandler
                0x0000000008002608                DMA1_Stream1_IRQHandler
                0x0000000008002608                UART4_IRQHandler
                0x0000000008002608                RCC_IRQHandler
                0x0000000008002608                TIM8_BRK_TIM12_IRQHandler
                0x0000000008002608                Default_Handler
                0x0000000008002608                EXTI15_10_IRQHandler
                0x0000000008002608                ADC_IRQHandler
                0x0000000008002608                DMA1_Stream7_IRQHandler
                0x0000000008002608                TIM7_IRQHandler
                0x0000000008002608                CAN2_TX_IRQHandler
                0x0000000008002608                TIM5_IRQHandler
                0x0000000008002608                DMA2_Stream7_IRQHandler
                0x0000000008002608                I2C3_EV_IRQHandler
                0x0000000008002608                EXTI9_5_IRQHandler
                0x0000000008002608                RTC_WKUP_IRQHandler
                0x0000000008002608                ETH_WKUP_IRQHandler
                0x0000000008002608                SPI2_IRQHandler
                0x0000000008002608                OTG_HS_EP1_IN_IRQHandler
                0x0000000008002608                DMA1_Stream0_IRQHandler
                0x0000000008002608                CAN1_TX_IRQHandler
                0x0000000008002608                EXTI4_IRQHandler
                0x0000000008002608                FSMC_IRQHandler
                0x0000000008002608                ETH_IRQHandler
                0x0000000008002608                OTG_HS_EP1_OUT_IRQHandler
                0x0000000008002608                WWDG_IRQHandler
                0x0000000008002608                TIM2_IRQHandler
                0x0000000008002608                OTG_FS_WKUP_IRQHandler
                0x0000000008002608                TIM1_TRG_COM_TIM11_IRQHandler
                0x0000000008002608                OTG_HS_IRQHandler
                0x0000000008002608                EXTI1_IRQHandler
                0x0000000008002608                I2C2_ER_IRQHandler
                0x0000000008002608                DMA2_Stream1_IRQHandler
                0x0000000008002608                CAN1_SCE_IRQHandler
                0x0000000008002608                FLASH_IRQHandler
                0x0000000008002608                DMA2_Stream4_IRQHandler
                0x0000000008002608                USART1_IRQHandler
                0x0000000008002608                OTG_FS_IRQHandler
                0x0000000008002608                SPI3_IRQHandler
                0x0000000008002608                DMA1_Stream4_IRQHandler
                0x0000000008002608                I2C1_ER_IRQHandler
                0x0000000008002608                DMA2_Stream6_IRQHandler
                0x0000000008002608                DMA1_Stream3_IRQHandler
 *fill*         0x000000000800260a        0x2 
 .text.HAL_InitTick
                0x000000000800260c       0x4c ./Drivers/STM32F4xx_HAL_Driver/Src/stm32f4xx_hal.o
                0x000000000800260c                HAL_InitTick
 .text.HAL_Init
                0x0000000008002658       0x34 ./Drivers/STM32F4xx_HAL_Driver/Src/stm32f4xx_hal.o
                0x0000000008002658                HAL_Init
 .text.HAL_IncTick
                0x000000000800268c       0x18 ./Drivers/STM32F4xx_HAL_Driver/Src/stm32f4xx_hal.o
                0x000000000800268c                HAL_IncTick
 .text.HAL_GetTick
                0x00000000080026a4        0xc ./Drivers/STM32F4xx_HAL_Driver/Src/stm32f4xx_hal.o
                0x00000000080026a4                HAL_GetTick
 .text.HAL_NVIC_SetPriorityGrouping
                0x00000000080026b0       0x24 ./Drivers/STM32F4xx_HAL_Driver/Src/stm32f4xx_hal_cortex.o
                0x00000000080026b0                HAL_NVIC_SetPriorityGrouping
 .text.HAL_NVIC_SetPriority
                0x00000000080026d4       0x6c ./Drivers/STM32F4xx_HAL_Driver/Src/stm32f4xx_hal_cortex.o
                0x00000000080026d4                HAL_NVIC_SetPriority
 .text.HAL_NVIC_EnableIRQ
                0x0000000008002740       0x1c ./Drivers/STM32F4xx_HAL_Driver/Src/stm32f4xx_hal_cortex.o
                0x0000000008002740                HAL_NVIC_EnableIRQ
 .text.HAL_SYSTICK_Config
                0x000000000800275c       0x28 ./Drivers/STM32F4xx_HAL_Driver/Src/stm32f4xx_hal_cortex.o
                0x000000000800275c                HAL_SYSTICK_Config
 .text.DMA_CalcBaseAndBitshift
                0x0000000008002784       0x40 ./Drivers/STM32F4xx_HAL_Driver/Src/stm32f4xx_hal_dma.o
 .text.HAL_DMA_Init
                0x00000000080027c4      0x130 ./Drivers/STM32F4xx_HAL_Driver/Src/stm32f4xx_hal_dma.o
                0x00000000080027c4                HAL_DMA_Init
 .text.HAL_DMA_DeInit
                0x00000000080028f4       0x64 ./Drivers/STM32F4xx_HAL_Driver/Src/stm32f4xx_hal_dma.o
                0x00000000080028f4                HAL_DMA_DeInit
 .text.HAL_DMA_Start
                0x0000000008002958       0x70 ./Drivers/STM32F4xx_HAL_Driver/Src/stm32f4xx_hal_dma.o
                0x0000000008002958                HAL_DMA_Start
 .text.HAL_DMA_Start_IT
                0x00000000080029c8       0x92 ./Drivers/STM32F4xx_HAL_Driver/Src/stm32f4xx_hal_dma.o
                0x00000000080029c8                HAL_DMA_Start_IT
 .text.HAL_DMA_Abort
                0x0000000008002a5a       0x94 ./Drivers/STM32F4xx_HAL_Driver/Src/stm32f4xx_hal_dma.o
                0x0000000008002a5a                HAL_DMA_Abort
 .text.HAL_DMA_Abort_IT
                0x0000000008002aee       0x26 ./Drivers/STM32F4xx_HAL_Driver/Src/stm32f4xx_hal_dma.o
                0x0000000008002aee                HAL_DMA_Abort_IT
 .text.HAL_DMA_IRQHandler
                0x0000000008002b14      0x1dc ./Drivers/STM32F4xx_HAL_Driver/Src/stm32f4xx_hal_dma.o
                0x0000000008002b14                HAL_DMA_IRQHandler
 .text.HAL_GPIO_Init
                0x0000000008002cf0      0x20c ./Drivers/STM32F4xx_HAL_Driver/Src/stm32f4xx_hal_gpio.o
                0x0000000008002cf0                HAL_GPIO_Init
 .text.HAL_RCC_OscConfig
                0x0000000008002efc      0x3f8 ./Drivers/STM32F4xx_HAL_Driver/Src/stm32f4xx_hal_rcc.o
                0x0000000008002efc                HAL_RCC_OscConfig
 .text.HAL_RCC_GetSysClockFreq
                0x00000000080032f4       0xa4 ./Drivers/STM32F4xx_HAL_Driver/Src/stm32f4xx_hal_rcc.o
                0x00000000080032f4                HAL_RCC_GetSysClockFreq
 .text.HAL_RCC_ClockConfig
                0x0000000008003398      0x164 ./Drivers/STM32F4xx_HAL_Driver/Src/stm32f4xx_hal_rcc.o
                0x0000000008003398                HAL_RCC_ClockConfig
 .text.HAL_RCC_GetPCLK1Freq
                0x00000000080034fc       0x20 ./Drivers/STM32F4xx_HAL_Driver/Src/stm32f4xx_hal_rcc.o
                0x00000000080034fc                HAL_RCC_GetPCLK1Freq
 .text.HAL_RCC_GetPCLK2Freq
                0x000000000800351c       0x20 ./Drivers/STM32F4xx_HAL_Driver/Src/stm32f4xx_hal_rcc.o
                0x000000000800351c                HAL_RCC_GetPCLK2Freq
 .text.TIM_OC1_SetConfig
                0x000000000800353c       0x6c ./Drivers/STM32F4xx_HAL_Driver/Src/stm32f4xx_hal_tim.o
 .text.TIM_OC3_SetConfig
                0x00000000080035a8       0x70 ./Drivers/STM32F4xx_HAL_Driver/Src/stm32f4xx_hal_tim.o
 .text.TIM_OC4_SetConfig
                0x0000000008003618       0x50 ./Drivers/STM32F4xx_HAL_Driver/Src/stm32f4xx_hal_tim.o
 .text.HAL_TIM_Base_Start
                0x0000000008003668       0x7c ./Drivers/STM32F4xx_HAL_Driver/Src/stm32f4xx_hal_tim.o
                0x0000000008003668                HAL_TIM_Base_Start
 .text.HAL_TIM_PWM_MspInit
                0x00000000080036e4        0x2 ./Drivers/STM32F4xx_HAL_Driver/Src/stm32f4xx_hal_tim.o
                0x00000000080036e4                HAL_TIM_PWM_MspInit
 .text.HAL_TIM_IC_MspInit
                0x00000000080036e6        0x2 ./Drivers/STM32F4xx_HAL_Driver/Src/stm32f4xx_hal_tim.o
                0x00000000080036e6                HAL_TIM_IC_MspInit
 .text.HAL_TIM_ReadCapturedValue
                0x00000000080036e8       0x32 ./Drivers/STM32F4xx_HAL_Driver/Src/stm32f4xx_hal_tim.o
                0x00000000080036e8                HAL_TIM_ReadCapturedValue
 .text.HAL_TIM_OC_DelayElapsedCallback
                0x000000000800371a        0x2 ./Drivers/STM32F4xx_HAL_Driver/Src/stm32f4xx_hal_tim.o
                0x000000000800371a                HAL_TIM_OC_DelayElapsedCallback
 .text.HAL_TIM_PWM_PulseFinishedCallback
                0x000000000800371c        0x2 ./Drivers/STM32F4xx_HAL_Driver/Src/stm32f4xx_hal_tim.o
                0x000000000800371c                HAL_TIM_PWM_PulseFinishedCallback
 .text.HAL_TIM_TriggerCallback
                0x000000000800371e        0x2 ./Drivers/STM32F4xx_HAL_Driver/Src/stm32f4xx_hal_tim.o
                0x000000000800371e                HAL_TIM_TriggerCallback
 .text.HAL_TIM_IRQHandler
                0x0000000008003720      0x17a ./Drivers/STM32F4xx_HAL_Driver/Src/stm32f4xx_hal_tim.o
                0x0000000008003720                HAL_TIM_IRQHandler
 *fill*         0x000000000800389a        0x2 
 .text.TIM_Base_SetConfig
                0x000000000800389c      0x108 ./Drivers/STM32F4xx_HAL_Driver/Src/stm32f4xx_hal_tim.o
                0x000000000800389c                TIM_Base_SetConfig
 .text.HAL_TIM_Base_Init
                0x00000000080039a4       0x58 ./Drivers/STM32F4xx_HAL_Driver/Src/stm32f4xx_hal_tim.o
                0x00000000080039a4                HAL_TIM_Base_Init
 .text.HAL_TIM_PWM_Init
                0x00000000080039fc       0x58 ./Drivers/STM32F4xx_HAL_Driver/Src/stm32f4xx_hal_tim.o
                0x00000000080039fc                HAL_TIM_PWM_Init
 .text.HAL_TIM_IC_Init
                0x0000000008003a54       0x58 ./Drivers/STM32F4xx_HAL_Driver/Src/stm32f4xx_hal_tim.o
                0x0000000008003a54                HAL_TIM_IC_Init
 .text.TIM_OC2_SetConfig
                0x0000000008003aac       0x74 ./Drivers/STM32F4xx_HAL_Driver/Src/stm32f4xx_hal_tim.o
                0x0000000008003aac                TIM_OC2_SetConfig
 .text.HAL_TIM_PWM_ConfigChannel
                0x0000000008003b20       0xdc ./Drivers/STM32F4xx_HAL_Driver/Src/stm32f4xx_hal_tim.o
                0x0000000008003b20                HAL_TIM_PWM_ConfigChannel
 .text.TIM_TI1_SetConfig
                0x0000000008003bfc       0x7c ./Drivers/STM32F4xx_HAL_Driver/Src/stm32f4xx_hal_tim.o
                0x0000000008003bfc                TIM_TI1_SetConfig
 .text.HAL_TIM_IC_ConfigChannel
                0x0000000008003c78      0x144 ./Drivers/STM32F4xx_HAL_Driver/Src/stm32f4xx_hal_tim.o
                0x0000000008003c78                HAL_TIM_IC_ConfigChannel
 .text.TIM_ETR_SetConfig
                0x0000000008003dbc       0x1a ./Drivers/STM32F4xx_HAL_Driver/Src/stm32f4xx_hal_tim.o
                0x0000000008003dbc                TIM_ETR_SetConfig
 .text.HAL_TIM_ConfigClockSource
                0x0000000008003dd6      0x16a ./Drivers/STM32F4xx_HAL_Driver/Src/stm32f4xx_hal_tim.o
                0x0000000008003dd6                HAL_TIM_ConfigClockSource
 .text.TIM_CCxChannelCmd
                0x0000000008003f40       0x1e ./Drivers/STM32F4xx_HAL_Driver/Src/stm32f4xx_hal_tim.o
                0x0000000008003f40                TIM_CCxChannelCmd
 *fill*         0x0000000008003f5e        0x2 
 .text.HAL_TIM_PWM_Start
                0x0000000008003f60       0xf4 ./Drivers/STM32F4xx_HAL_Driver/Src/stm32f4xx_hal_tim.o
                0x0000000008003f60                HAL_TIM_PWM_Start
 .text.HAL_TIM_IC_Start_IT
                0x0000000008004054      0x170 ./Drivers/STM32F4xx_HAL_Driver/Src/stm32f4xx_hal_tim.o
                0x0000000008004054                HAL_TIM_IC_Start_IT
 .text.HAL_TIMEx_MasterConfigSynchronization
                0x00000000080041c4       0x88 ./Drivers/STM32F4xx_HAL_Driver/Src/stm32f4xx_hal_tim_ex.o
                0x00000000080041c4                HAL_TIMEx_MasterConfigSynchronization
 .text.HAL_TIMEx_CommutCallback
                0x000000000800424c        0x2 ./Drivers/STM32F4xx_HAL_Driver/Src/stm32f4xx_hal_tim_ex.o
                0x000000000800424c                HAL_TIMEx_CommutCallback
 .text.HAL_TIMEx_BreakCallback
                0x000000000800424e        0x2 ./Drivers/STM32F4xx_HAL_Driver/Src/stm32f4xx_hal_tim_ex.o
                0x000000000800424e                HAL_TIMEx_BreakCallback
 .text.UART_EndRxTransfer
                0x0000000008004250       0x5c ./Drivers/STM32F4xx_HAL_Driver/Src/stm32f4xx_hal_uart.o
 .text.UART_SetConfig
                0x00000000080042ac      0x104 ./Drivers/STM32F4xx_HAL_Driver/Src/stm32f4xx_hal_uart.o
 .text.UART_WaitOnFlagUntilTimeout
                0x00000000080043b0       0x88 ./Drivers/STM32F4xx_HAL_Driver/Src/stm32f4xx_hal_uart.o
 .text.HAL_UART_Init
                0x0000000008004438       0x5e ./Drivers/STM32F4xx_HAL_Driver/Src/stm32f4xx_hal_uart.o
                0x0000000008004438                HAL_UART_Init
 .text.HAL_UART_Transmit
                0x0000000008004496       0xe4 ./Drivers/STM32F4xx_HAL_Driver/Src/stm32f4xx_hal_uart.o
                0x0000000008004496                HAL_UART_Transmit
 .text.HAL_UART_TxCpltCallback
                0x000000000800457a        0x2 ./Drivers/STM32F4xx_HAL_Driver/Src/stm32f4xx_hal_uart.o
                0x000000000800457a                HAL_UART_TxCpltCallback
 .text.HAL_UART_RxCpltCallback
                0x000000000800457c        0x2 ./Drivers/STM32F4xx_HAL_Driver/Src/stm32f4xx_hal_uart.o
                0x000000000800457c                HAL_UART_RxCpltCallback
 .text.HAL_UART_RxHalfCpltCallback
                0x000000000800457e        0x2 ./Drivers/STM32F4xx_HAL_Driver/Src/stm32f4xx_hal_uart.o
                0x000000000800457e                HAL_UART_RxHalfCpltCallback
 .text.HAL_UART_ErrorCallback
                0x0000000008004580        0x2 ./Drivers/STM32F4xx_HAL_Driver/Src/stm32f4xx_hal_uart.o
                0x0000000008004580                HAL_UART_ErrorCallback
 .text.UART_DMAError
                0x0000000008004582       0x6c ./Drivers/STM32F4xx_HAL_Driver/Src/stm32f4xx_hal_uart.o
 .text.UART_DMAAbortOnError
                0x00000000080045ee       0x10 ./Drivers/STM32F4xx_HAL_Driver/Src/stm32f4xx_hal_uart.o
 .text.UART_Receive_IT
                0x00000000080045fe       0xdc ./Drivers/STM32F4xx_HAL_Driver/Src/stm32f4xx_hal_uart.o
 *fill*         0x00000000080046da        0x2 
 .text.HAL_UART_IRQHandler
                0x00000000080046dc      0x2f4 ./Drivers/STM32F4xx_HAL_Driver/Src/stm32f4xx_hal_uart.o
                0x00000000080046dc                HAL_UART_IRQHandler
 .text.UART_DMARxHalfCplt
                0x00000000080049d0       0x1a ./Drivers/STM32F4xx_HAL_Driver/Src/stm32f4xx_hal_uart.o
 .text.UART_DMAReceiveCplt
                0x00000000080049ea       0x96 ./Drivers/STM32F4xx_HAL_Driver/Src/stm32f4xx_hal_uart.o
 .text.UART_Start_Receive_DMA
                0x0000000008004a80       0xa8 ./Drivers/STM32F4xx_HAL_Driver/Src/stm32f4xx_hal_uart.o
                0x0000000008004a80                UART_Start_Receive_DMA
 .text.HAL_UARTEx_ReceiveToIdle_DMA
                0x0000000008004b28       0x70 ./Drivers/STM32F4xx_HAL_Driver/Src/stm32f4xx_hal_uart.o
                0x0000000008004b28                HAL_UARTEx_ReceiveToIdle_DMA
 .text.__errno  0x0000000008004b98        0xc c:/st/stm32cubeide_1.12.0/stm32cubeide/plugins/com.st.stm32cube.ide.mcu.externaltools.gnu-tools-for-stm32.10.3-2021.10.win32_1.0.200.202301161003/tools/bin/../lib/gcc/arm-none-eabi/10.3.1/../../../../arm-none-eabi/lib/thumb/v7e-m+fp/hard\libc_nano.a(lib_a-errno.o)
                0x0000000008004b98                __errno
 .text.__libc_init_array
                0x0000000008004ba4       0x48 c:/st/stm32cubeide_1.12.0/stm32cubeide/plugins/com.st.stm32cube.ide.mcu.externaltools.gnu-tools-for-stm32.10.3-2021.10.win32_1.0.200.202301161003/tools/bin/../lib/gcc/arm-none-eabi/10.3.1/../../../../arm-none-eabi/lib/thumb/v7e-m+fp/hard\libc_nano.a(lib_a-init.o)
                0x0000000008004ba4                __libc_init_array
 .text.memset   0x0000000008004bec       0x10 c:/st/stm32cubeide_1.12.0/stm32cubeide/plugins/com.st.stm32cube.ide.mcu.externaltools.gnu-tools-for-stm32.10.3-2021.10.win32_1.0.200.202301161003/tools/bin/../lib/gcc/arm-none-eabi/10.3.1/../../../../arm-none-eabi/lib/thumb/v7e-m+fp/hard\libc_nano.a(lib_a-memset.o)
                0x0000000008004bec                memset
 .text.__cvt    0x0000000008004bfc       0xc4 c:/st/stm32cubeide_1.12.0/stm32cubeide/plugins/com.st.stm32cube.ide.mcu.externaltools.gnu-tools-for-stm32.10.3-2021.10.win32_1.0.200.202301161003/tools/bin/../lib/gcc/arm-none-eabi/10.3.1/../../../../arm-none-eabi/lib/thumb/v7e-m+fp/hard\libc_nano.a(lib_a-nano-vfprintf_float.o)
                0x0000000008004bfc                __cvt
 .text.__exponent
                0x0000000008004cc0       0x7c c:/st/stm32cubeide_1.12.0/stm32cubeide/plugins/com.st.stm32cube.ide.mcu.externaltools.gnu-tools-for-stm32.10.3-2021.10.win32_1.0.200.202301161003/tools/bin/../lib/gcc/arm-none-eabi/10.3.1/../../../../arm-none-eabi/lib/thumb/v7e-m+fp/hard\libc_nano.a(lib_a-nano-vfprintf_float.o)
                0x0000000008004cc0                __exponent
 .text._printf_float
                0x0000000008004d3c      0x46c c:/st/stm32cubeide_1.12.0/stm32cubeide/plugins/com.st.stm32cube.ide.mcu.externaltools.gnu-tools-for-stm32.10.3-2021.10.win32_1.0.200.202301161003/tools/bin/../lib/gcc/arm-none-eabi/10.3.1/../../../../arm-none-eabi/lib/thumb/v7e-m+fp/hard\libc_nano.a(lib_a-nano-vfprintf_float.o)
                0x0000000008004d3c                _printf_float
 .text._printf_common
                0x00000000080051a8       0xda c:/st/stm32cubeide_1.12.0/stm32cubeide/plugins/com.st.stm32cube.ide.mcu.externaltools.gnu-tools-for-stm32.10.3-2021.10.win32_1.0.200.202301161003/tools/bin/../lib/gcc/arm-none-eabi/10.3.1/../../../../arm-none-eabi/lib/thumb/v7e-m+fp/hard\libc_nano.a(lib_a-nano-vfprintf_i.o)
                0x00000000080051a8                _printf_common
 *fill*         0x0000000008005282        0x2 
 .text._printf_i
                0x0000000008005284      0x24c c:/st/stm32cubeide_1.12.0/stm32cubeide/plugins/com.st.stm32cube.ide.mcu.externaltools.gnu-tools-for-stm32.10.3-2021.10.win32_1.0.200.202301161003/tools/bin/../lib/gcc/arm-none-eabi/10.3.1/../../../../arm-none-eabi/lib/thumb/v7e-m+fp/hard\libc_nano.a(lib_a-nano-vfprintf_i.o)
                0x0000000008005284                _printf_i
 .text.sprintf  0x00000000080054d0       0x40 c:/st/stm32cubeide_1.12.0/stm32cubeide/plugins/com.st.stm32cube.ide.mcu.externaltools.gnu-tools-for-stm32.10.3-2021.10.win32_1.0.200.202301161003/tools/bin/../lib/gcc/arm-none-eabi/10.3.1/../../../../arm-none-eabi/lib/thumb/v7e-m+fp/hard\libc_nano.a(lib_a-sprintf.o)
                0x00000000080054d0                siprintf
                0x00000000080054d0                sprintf
 .text.__assert_func
                0x0000000008005510       0x3c c:/st/stm32cubeide_1.12.0/stm32cubeide/plugins/com.st.stm32cube.ide.mcu.externaltools.gnu-tools-for-stm32.10.3-2021.10.win32_1.0.200.202301161003/tools/bin/../lib/gcc/arm-none-eabi/10.3.1/../../../../arm-none-eabi/lib/thumb/v7e-m+fp/hard\libc_nano.a(lib_a-assert.o)
                0x0000000008005510                __assert_func
 .text.quorem   0x000000000800554c      0x116 c:/st/stm32cubeide_1.12.0/stm32cubeide/plugins/com.st.stm32cube.ide.mcu.externaltools.gnu-tools-for-stm32.10.3-2021.10.win32_1.0.200.202301161003/tools/bin/../lib/gcc/arm-none-eabi/10.3.1/../../../../arm-none-eabi/lib/thumb/v7e-m+fp/hard\libc_nano.a(lib_a-dtoa.o)
 *fill*         0x0000000008005662        0x6 
 .text._dtoa_r  0x0000000008005668      0xbdc c:/st/stm32cubeide_1.12.0/stm32cubeide/plugins/com.st.stm32cube.ide.mcu.externaltools.gnu-tools-for-stm32.10.3-2021.10.win32_1.0.200.202301161003/tools/bin/../lib/gcc/arm-none-eabi/10.3.1/../../../../arm-none-eabi/lib/thumb/v7e-m+fp/hard\libc_nano.a(lib_a-dtoa.o)
                0x0000000008005668                _dtoa_r
 .text.fprintf  0x0000000008006244       0x24 c:/st/stm32cubeide_1.12.0/stm32cubeide/plugins/com.st.stm32cube.ide.mcu.externaltools.gnu-tools-for-stm32.10.3-2021.10.win32_1.0.200.202301161003/tools/bin/../lib/gcc/arm-none-eabi/10.3.1/../../../../arm-none-eabi/lib/thumb/v7e-m+fp/hard\libc_nano.a(lib_a-fprintf.o)
                0x0000000008006244                fiprintf
                0x0000000008006244                fprintf
 .text._localeconv_r
                0x0000000008006268        0x8 c:/st/stm32cubeide_1.12.0/stm32cubeide/plugins/com.st.stm32cube.ide.mcu.externaltools.gnu-tools-for-stm32.10.3-2021.10.win32_1.0.200.202301161003/tools/bin/../lib/gcc/arm-none-eabi/10.3.1/../../../../arm-none-eabi/lib/thumb/v7e-m+fp/hard\libc_nano.a(lib_a-localeconv.o)
                0x0000000008006268                _localeconv_r
 .text.malloc   0x0000000008006270       0x10 c:/st/stm32cubeide_1.12.0/stm32cubeide/plugins/com.st.stm32cube.ide.mcu.externaltools.gnu-tools-for-stm32.10.3-2021.10.win32_1.0.200.202301161003/tools/bin/../lib/gcc/arm-none-eabi/10.3.1/../../../../arm-none-eabi/lib/thumb/v7e-m+fp/hard\libc_nano.a(lib_a-malloc.o)
                0x0000000008006270                malloc
 .text.memcpy   0x0000000008006280       0x1c c:/st/stm32cubeide_1.12.0/stm32cubeide/plugins/com.st.stm32cube.ide.mcu.externaltools.gnu-tools-for-stm32.10.3-2021.10.win32_1.0.200.202301161003/tools/bin/../lib/gcc/arm-none-eabi/10.3.1/../../../../arm-none-eabi/lib/thumb/v7e-m+fp/hard\libc_nano.a(lib_a-memcpy-stub.o)
                0x0000000008006280                memcpy
 .text._Balloc  0x000000000800629c       0x80 c:/st/stm32cubeide_1.12.0/stm32cubeide/plugins/com.st.stm32cube.ide.mcu.externaltools.gnu-tools-for-stm32.10.3-2021.10.win32_1.0.200.202301161003/tools/bin/../lib/gcc/arm-none-eabi/10.3.1/../../../../arm-none-eabi/lib/thumb/v7e-m+fp/hard\libc_nano.a(lib_a-mprec.o)
                0x000000000800629c                _Balloc
 .text._Bfree   0x000000000800631c       0x44 c:/st/stm32cubeide_1.12.0/stm32cubeide/plugins/com.st.stm32cube.ide.mcu.externaltools.gnu-tools-for-stm32.10.3-2021.10.win32_1.0.200.202301161003/tools/bin/../lib/gcc/arm-none-eabi/10.3.1/../../../../arm-none-eabi/lib/thumb/v7e-m+fp/hard\libc_nano.a(lib_a-mprec.o)
                0x000000000800631c                _Bfree
 .text.__multadd
                0x0000000008006360       0x8c c:/st/stm32cubeide_1.12.0/stm32cubeide/plugins/com.st.stm32cube.ide.mcu.externaltools.gnu-tools-for-stm32.10.3-2021.10.win32_1.0.200.202301161003/tools/bin/../lib/gcc/arm-none-eabi/10.3.1/../../../../arm-none-eabi/lib/thumb/v7e-m+fp/hard\libc_nano.a(lib_a-mprec.o)
                0x0000000008006360                __multadd
 .text.__hi0bits
                0x00000000080063ec       0x40 c:/st/stm32cubeide_1.12.0/stm32cubeide/plugins/com.st.stm32cube.ide.mcu.externaltools.gnu-tools-for-stm32.10.3-2021.10.win32_1.0.200.202301161003/tools/bin/../lib/gcc/arm-none-eabi/10.3.1/../../../../arm-none-eabi/lib/thumb/v7e-m+fp/hard\libc_nano.a(lib_a-mprec.o)
                0x00000000080063ec                __hi0bits
 .text.__lo0bits
                0x000000000800642c       0x5e c:/st/stm32cubeide_1.12.0/stm32cubeide/plugins/com.st.stm32cube.ide.mcu.externaltools.gnu-tools-for-stm32.10.3-2021.10.win32_1.0.200.202301161003/tools/bin/../lib/gcc/arm-none-eabi/10.3.1/../../../../arm-none-eabi/lib/thumb/v7e-m+fp/hard\libc_nano.a(lib_a-mprec.o)
                0x000000000800642c                __lo0bits
 *fill*         0x000000000800648a        0x2 
 .text.__i2b    0x000000000800648c       0x2c c:/st/stm32cubeide_1.12.0/stm32cubeide/plugins/com.st.stm32cube.ide.mcu.externaltools.gnu-tools-for-stm32.10.3-2021.10.win32_1.0.200.202301161003/tools/bin/../lib/gcc/arm-none-eabi/10.3.1/../../../../arm-none-eabi/lib/thumb/v7e-m+fp/hard\libc_nano.a(lib_a-mprec.o)
                0x000000000800648c                __i2b
 .text.__multiply
                0x00000000080064b8      0x154 c:/st/stm32cubeide_1.12.0/stm32cubeide/plugins/com.st.stm32cube.ide.mcu.externaltools.gnu-tools-for-stm32.10.3-2021.10.win32_1.0.200.202301161003/tools/bin/../lib/gcc/arm-none-eabi/10.3.1/../../../../arm-none-eabi/lib/thumb/v7e-m+fp/hard\libc_nano.a(lib_a-mprec.o)
                0x00000000080064b8                __multiply
 .text.__pow5mult
                0x000000000800660c       0xb4 c:/st/stm32cubeide_1.12.0/stm32cubeide/plugins/com.st.stm32cube.ide.mcu.externaltools.gnu-tools-for-stm32.10.3-2021.10.win32_1.0.200.202301161003/tools/bin/../lib/gcc/arm-none-eabi/10.3.1/../../../../arm-none-eabi/lib/thumb/v7e-m+fp/hard\libc_nano.a(lib_a-mprec.o)
                0x000000000800660c                __pow5mult
 .text.__lshift
                0x00000000080066c0       0xe0 c:/st/stm32cubeide_1.12.0/stm32cubeide/plugins/com.st.stm32cube.ide.mcu.externaltools.gnu-tools-for-stm32.10.3-2021.10.win32_1.0.200.202301161003/tools/bin/../lib/gcc/arm-none-eabi/10.3.1/../../../../arm-none-eabi/lib/thumb/v7e-m+fp/hard\libc_nano.a(lib_a-mprec.o)
                0x00000000080066c0                __lshift
 .text.__mcmp   0x00000000080067a0       0x38 c:/st/stm32cubeide_1.12.0/stm32cubeide/plugins/com.st.stm32cube.ide.mcu.externaltools.gnu-tools-for-stm32.10.3-2021.10.win32_1.0.200.202301161003/tools/bin/../lib/gcc/arm-none-eabi/10.3.1/../../../../arm-none-eabi/lib/thumb/v7e-m+fp/hard\libc_nano.a(lib_a-mprec.o)
                0x00000000080067a0                __mcmp
 .text.__mdiff  0x00000000080067d8      0x114 c:/st/stm32cubeide_1.12.0/stm32cubeide/plugins/com.st.stm32cube.ide.mcu.externaltools.gnu-tools-for-stm32.10.3-2021.10.win32_1.0.200.202301161003/tools/bin/../lib/gcc/arm-none-eabi/10.3.1/../../../../arm-none-eabi/lib/thumb/v7e-m+fp/hard\libc_nano.a(lib_a-mprec.o)
                0x00000000080067d8                __mdiff
 .text.__d2b    0x00000000080068ec       0xb8 c:/st/stm32cubeide_1.12.0/stm32cubeide/plugins/com.st.stm32cube.ide.mcu.externaltools.gnu-tools-for-stm32.10.3-2021.10.win32_1.0.200.202301161003/tools/bin/../lib/gcc/arm-none-eabi/10.3.1/../../../../arm-none-eabi/lib/thumb/v7e-m+fp/hard\libc_nano.a(lib_a-mprec.o)
                0x00000000080068ec                __d2b
 .text._calloc_r
                0x00000000080069a4       0x2c c:/st/stm32cubeide_1.12.0/stm32cubeide/plugins/com.st.stm32cube.ide.mcu.externaltools.gnu-tools-for-stm32.10.3-2021.10.win32_1.0.200.202301161003/tools/bin/../lib/gcc/arm-none-eabi/10.3.1/../../../../arm-none-eabi/lib/thumb/v7e-m+fp/hard\libc_nano.a(lib_a-nano-callocr.o)
                0x00000000080069a4                _calloc_r
 .text._free_r  0x00000000080069d0       0x98 c:/st/stm32cubeide_1.12.0/stm32cubeide/plugins/com.st.stm32cube.ide.mcu.externaltools.gnu-tools-for-stm32.10.3-2021.10.win32_1.0.200.202301161003/tools/bin/../lib/gcc/arm-none-eabi/10.3.1/../../../../arm-none-eabi/lib/thumb/v7e-m+fp/hard\libc_nano.a(lib_a-nano-freer.o)
                0x00000000080069d0                _free_r
 .text.sbrk_aligned
                0x0000000008006a68       0x40 c:/st/stm32cubeide_1.12.0/stm32cubeide/plugins/com.st.stm32cube.ide.mcu.externaltools.gnu-tools-for-stm32.10.3-2021.10.win32_1.0.200.202301161003/tools/bin/../lib/gcc/arm-none-eabi/10.3.1/../../../../arm-none-eabi/lib/thumb/v7e-m+fp/hard\libc_nano.a(lib_a-nano-mallocr.o)
 .text._malloc_r
                0x0000000008006aa8       0xe8 c:/st/stm32cubeide_1.12.0/stm32cubeide/plugins/com.st.stm32cube.ide.mcu.externaltools.gnu-tools-for-stm32.10.3-2021.10.win32_1.0.200.202301161003/tools/bin/../lib/gcc/arm-none-eabi/10.3.1/../../../../arm-none-eabi/lib/thumb/v7e-m+fp/hard\libc_nano.a(lib_a-nano-mallocr.o)
                0x0000000008006aa8                _malloc_r
 .text.__ssputs_r
                0x0000000008006b90       0xb6 c:/st/stm32cubeide_1.12.0/stm32cubeide/plugins/com.st.stm32cube.ide.mcu.externaltools.gnu-tools-for-stm32.10.3-2021.10.win32_1.0.200.202301161003/tools/bin/../lib/gcc/arm-none-eabi/10.3.1/../../../../arm-none-eabi/lib/thumb/v7e-m+fp/hard\libc_nano.a(lib_a-nano-svfprintf.o)
                0x0000000008006b90                __ssputs_r
 *fill*         0x0000000008006c46        0x2 
 .text._svfprintf_r
                0x0000000008006c48      0x200 c:/st/stm32cubeide_1.12.0/stm32cubeide/plugins/com.st.stm32cube.ide.mcu.externaltools.gnu-tools-for-stm32.10.3-2021.10.win32_1.0.200.202301161003/tools/bin/../lib/gcc/arm-none-eabi/10.3.1/../../../../arm-none-eabi/lib/thumb/v7e-m+fp/hard\libc_nano.a(lib_a-nano-svfprintf.o)
                0x0000000008006c48                _svfiprintf_r
                0x0000000008006c48                _svfprintf_r
 .text.__sfputc_r
                0x0000000008006e48       0x2e c:/st/stm32cubeide_1.12.0/stm32cubeide/plugins/com.st.stm32cube.ide.mcu.externaltools.gnu-tools-for-stm32.10.3-2021.10.win32_1.0.200.202301161003/tools/bin/../lib/gcc/arm-none-eabi/10.3.1/../../../../arm-none-eabi/lib/thumb/v7e-m+fp/hard\libc_nano.a(lib_a-nano-vfprintf.o)
 .text.__sfputs_r
                0x0000000008006e76       0x24 c:/st/stm32cubeide_1.12.0/stm32cubeide/plugins/com.st.stm32cube.ide.mcu.externaltools.gnu-tools-for-stm32.10.3-2021.10.win32_1.0.200.202301161003/tools/bin/../lib/gcc/arm-none-eabi/10.3.1/../../../../arm-none-eabi/lib/thumb/v7e-m+fp/hard\libc_nano.a(lib_a-nano-vfprintf.o)
                0x0000000008006e76                __sfputs_r
 *fill*         0x0000000008006e9a        0x2 
 .text._vfprintf_r
                0x0000000008006e9c      0x260 c:/st/stm32cubeide_1.12.0/stm32cubeide/plugins/com.st.stm32cube.ide.mcu.externaltools.gnu-tools-for-stm32.10.3-2021.10.win32_1.0.200.202301161003/tools/bin/../lib/gcc/arm-none-eabi/10.3.1/../../../../arm-none-eabi/lib/thumb/v7e-m+fp/hard\libc_nano.a(lib_a-nano-vfprintf.o)
                0x0000000008006e9c                _vfprintf_r
                0x0000000008006e9c                _vfiprintf_r
 .text._sbrk_r  0x00000000080070fc       0x20 c:/st/stm32cubeide_1.12.0/stm32cubeide/plugins/com.st.stm32cube.ide.mcu.externaltools.gnu-tools-for-stm32.10.3-2021.10.win32_1.0.200.202301161003/tools/bin/../lib/gcc/arm-none-eabi/10.3.1/../../../../arm-none-eabi/lib/thumb/v7e-m+fp/hard\libc_nano.a(lib_a-sbrkr.o)
                0x00000000080070fc                _sbrk_r
 .text.__swbuf_r
                0x000000000800711c       0xa4 c:/st/stm32cubeide_1.12.0/stm32cubeide/plugins/com.st.stm32cube.ide.mcu.externaltools.gnu-tools-for-stm32.10.3-2021.10.win32_1.0.200.202301161003/tools/bin/../lib/gcc/arm-none-eabi/10.3.1/../../../../arm-none-eabi/lib/thumb/v7e-m+fp/hard\libc_nano.a(lib_a-wbuf.o)
                0x000000000800711c                __swbuf_r
 .text.__swsetup_r
                0x00000000080071c0       0xdc c:/st/stm32cubeide_1.12.0/stm32cubeide/plugins/com.st.stm32cube.ide.mcu.externaltools.gnu-tools-for-stm32.10.3-2021.10.win32_1.0.200.202301161003/tools/bin/../lib/gcc/arm-none-eabi/10.3.1/../../../../arm-none-eabi/lib/thumb/v7e-m+fp/hard\libc_nano.a(lib_a-wsetup.o)
                0x00000000080071c0                __swsetup_r
 .text.abort    0x000000000800729c        0xe c:/st/stm32cubeide_1.12.0/stm32cubeide/plugins/com.st.stm32cube.ide.mcu.externaltools.gnu-tools-for-stm32.10.3-2021.10.win32_1.0.200.202301161003/tools/bin/../lib/gcc/arm-none-eabi/10.3.1/../../../../arm-none-eabi/lib/thumb/v7e-m+fp/hard\libc_nano.a(lib_a-abort.o)
                0x000000000800729c                abort
 *fill*         0x00000000080072aa        0x2 
 .text.__sflush_r
                0x00000000080072ac      0x10c c:/st/stm32cubeide_1.12.0/stm32cubeide/plugins/com.st.stm32cube.ide.mcu.externaltools.gnu-tools-for-stm32.10.3-2021.10.win32_1.0.200.202301161003/tools/bin/../lib/gcc/arm-none-eabi/10.3.1/../../../../arm-none-eabi/lib/thumb/v7e-m+fp/hard\libc_nano.a(lib_a-fflush.o)
                0x00000000080072ac                __sflush_r
 .text._fflush_r
                0x00000000080073b8       0x78 c:/st/stm32cubeide_1.12.0/stm32cubeide/plugins/com.st.stm32cube.ide.mcu.externaltools.gnu-tools-for-stm32.10.3-2021.10.win32_1.0.200.202301161003/tools/bin/../lib/gcc/arm-none-eabi/10.3.1/../../../../arm-none-eabi/lib/thumb/v7e-m+fp/hard\libc_nano.a(lib_a-fflush.o)
                0x00000000080073b8                _fflush_r
 .text.std      0x0000000008007430       0x48 c:/st/stm32cubeide_1.12.0/stm32cubeide/plugins/com.st.stm32cube.ide.mcu.externaltools.gnu-tools-for-stm32.10.3-2021.10.win32_1.0.200.202301161003/tools/bin/../lib/gcc/arm-none-eabi/10.3.1/../../../../arm-none-eabi/lib/thumb/v7e-m+fp/hard\libc_nano.a(lib_a-findfp.o)
 .text._cleanup_r
                0x0000000008007478        0xc c:/st/stm32cubeide_1.12.0/stm32cubeide/plugins/com.st.stm32cube.ide.mcu.externaltools.gnu-tools-for-stm32.10.3-2021.10.win32_1.0.200.202301161003/tools/bin/../lib/gcc/arm-none-eabi/10.3.1/../../../../arm-none-eabi/lib/thumb/v7e-m+fp/hard\libc_nano.a(lib_a-findfp.o)
                0x0000000008007478                _cleanup_r
 .text.__sfmoreglue
                0x0000000008007484       0x2c c:/st/stm32cubeide_1.12.0/stm32cubeide/plugins/com.st.stm32cube.ide.mcu.externaltools.gnu-tools-for-stm32.10.3-2021.10.win32_1.0.200.202301161003/tools/bin/../lib/gcc/arm-none-eabi/10.3.1/../../../../arm-none-eabi/lib/thumb/v7e-m+fp/hard\libc_nano.a(lib_a-findfp.o)
                0x0000000008007484                __sfmoreglue
 .text.__sfp_lock_acquire
                0x00000000080074b0        0xc c:/st/stm32cubeide_1.12.0/stm32cubeide/plugins/com.st.stm32cube.ide.mcu.externaltools.gnu-tools-for-stm32.10.3-2021.10.win32_1.0.200.202301161003/tools/bin/../lib/gcc/arm-none-eabi/10.3.1/../../../../arm-none-eabi/lib/thumb/v7e-m+fp/hard\libc_nano.a(lib_a-findfp.o)
                0x00000000080074b0                __sfp_lock_acquire
 .text.__sfp_lock_release
                0x00000000080074bc        0xc c:/st/stm32cubeide_1.12.0/stm32cubeide/plugins/com.st.stm32cube.ide.mcu.externaltools.gnu-tools-for-stm32.10.3-2021.10.win32_1.0.200.202301161003/tools/bin/../lib/gcc/arm-none-eabi/10.3.1/../../../../arm-none-eabi/lib/thumb/v7e-m+fp/hard\libc_nano.a(lib_a-findfp.o)
                0x00000000080074bc                __sfp_lock_release
 .text.__sinit_lock_acquire
                0x00000000080074c8        0xc c:/st/stm32cubeide_1.12.0/stm32cubeide/plugins/com.st.stm32cube.ide.mcu.externaltools.gnu-tools-for-stm32.10.3-2021.10.win32_1.0.200.202301161003/tools/bin/../lib/gcc/arm-none-eabi/10.3.1/../../../../arm-none-eabi/lib/thumb/v7e-m+fp/hard\libc_nano.a(lib_a-findfp.o)
                0x00000000080074c8                __sinit_lock_acquire
 .text.__sinit_lock_release
                0x00000000080074d4        0xc c:/st/stm32cubeide_1.12.0/stm32cubeide/plugins/com.st.stm32cube.ide.mcu.externaltools.gnu-tools-for-stm32.10.3-2021.10.win32_1.0.200.202301161003/tools/bin/../lib/gcc/arm-none-eabi/10.3.1/../../../../arm-none-eabi/lib/thumb/v7e-m+fp/hard\libc_nano.a(lib_a-findfp.o)
                0x00000000080074d4                __sinit_lock_release
 .text.__sinit  0x00000000080074e0       0x70 c:/st/stm32cubeide_1.12.0/stm32cubeide/plugins/com.st.stm32cube.ide.mcu.externaltools.gnu-tools-for-stm32.10.3-2021.10.win32_1.0.200.202301161003/tools/bin/../lib/gcc/arm-none-eabi/10.3.1/../../../../arm-none-eabi/lib/thumb/v7e-m+fp/hard\libc_nano.a(lib_a-findfp.o)
                0x00000000080074e0                __sinit
 .text.__sfp    0x0000000008007550       0x8c c:/st/stm32cubeide_1.12.0/stm32cubeide/plugins/com.st.stm32cube.ide.mcu.externaltools.gnu-tools-for-stm32.10.3-2021.10.win32_1.0.200.202301161003/tools/bin/../lib/gcc/arm-none-eabi/10.3.1/../../../../arm-none-eabi/lib/thumb/v7e-m+fp/hard\libc_nano.a(lib_a-findfp.o)
                0x0000000008007550                __sfp
 .text._fwalk_reent
                0x00000000080075dc       0x3e c:/st/stm32cubeide_1.12.0/stm32cubeide/plugins/com.st.stm32cube.ide.mcu.externaltools.gnu-tools-for-stm32.10.3-2021.10.win32_1.0.200.202301161003/tools/bin/../lib/gcc/arm-none-eabi/10.3.1/../../../../arm-none-eabi/lib/thumb/v7e-m+fp/hard\libc_nano.a(lib_a-fwalk.o)
                0x00000000080075dc                _fwalk_reent
 .text.__retarget_lock_init_recursive
                0x000000000800761a        0x2 c:/st/stm32cubeide_1.12.0/stm32cubeide/plugins/com.st.stm32cube.ide.mcu.externaltools.gnu-tools-for-stm32.10.3-2021.10.win32_1.0.200.202301161003/tools/bin/../lib/gcc/arm-none-eabi/10.3.1/../../../../arm-none-eabi/lib/thumb/v7e-m+fp/hard\libc_nano.a(lib_a-lock.o)
                0x000000000800761a                __retarget_lock_init_recursive
 .text.__retarget_lock_acquire_recursive
                0x000000000800761c        0x2 c:/st/stm32cubeide_1.12.0/stm32cubeide/plugins/com.st.stm32cube.ide.mcu.externaltools.gnu-tools-for-stm32.10.3-2021.10.win32_1.0.200.202301161003/tools/bin/../lib/gcc/arm-none-eabi/10.3.1/../../../../arm-none-eabi/lib/thumb/v7e-m+fp/hard\libc_nano.a(lib_a-lock.o)
                0x000000000800761c                __retarget_lock_acquire_recursive
 .text.__retarget_lock_release_recursive
                0x000000000800761e        0x2 c:/st/stm32cubeide_1.12.0/stm32cubeide/plugins/com.st.stm32cube.ide.mcu.externaltools.gnu-tools-for-stm32.10.3-2021.10.win32_1.0.200.202301161003/tools/bin/../lib/gcc/arm-none-eabi/10.3.1/../../../../arm-none-eabi/lib/thumb/v7e-m+fp/hard\libc_nano.a(lib_a-lock.o)
                0x000000000800761e                __retarget_lock_release_recursive
 .text.__swhatbuf_r
                0x0000000008007620       0x4a c:/st/stm32cubeide_1.12.0/stm32cubeide/plugins/com.st.stm32cube.ide.mcu.externaltools.gnu-tools-for-stm32.10.3-2021.10.win32_1.0.200.202301161003/tools/bin/../lib/gcc/arm-none-eabi/10.3.1/../../../../arm-none-eabi/lib/thumb/v7e-m+fp/hard\libc_nano.a(lib_a-makebuf.o)
                0x0000000008007620                __swhatbuf_r
 *fill*         0x000000000800766a        0x2 
 .text.__smakebuf_r
                0x000000000800766c       0x80 c:/st/stm32cubeide_1.12.0/stm32cubeide/plugins/com.st.stm32cube.ide.mcu.externaltools.gnu-tools-for-stm32.10.3-2021.10.win32_1.0.200.202301161003/tools/bin/../lib/gcc/arm-none-eabi/10.3.1/../../../../arm-none-eabi/lib/thumb/v7e-m+fp/hard\libc_nano.a(lib_a-makebuf.o)
                0x000000000800766c                __smakebuf_r
 .text.__ascii_mbtowc
                0x00000000080076ec       0x24 c:/st/stm32cubeide_1.12.0/stm32cubeide/plugins/com.st.stm32cube.ide.mcu.externaltools.gnu-tools-for-stm32.10.3-2021.10.win32_1.0.200.202301161003/tools/bin/../lib/gcc/arm-none-eabi/10.3.1/../../../../arm-none-eabi/lib/thumb/v7e-m+fp/hard\libc_nano.a(lib_a-mbtowc_r.o)
                0x00000000080076ec                __ascii_mbtowc
 .text.memmove  0x0000000008007710       0x34 c:/st/stm32cubeide_1.12.0/stm32cubeide/plugins/com.st.stm32cube.ide.mcu.externaltools.gnu-tools-for-stm32.10.3-2021.10.win32_1.0.200.202301161003/tools/bin/../lib/gcc/arm-none-eabi/10.3.1/../../../../arm-none-eabi/lib/thumb/v7e-m+fp/hard\libc_nano.a(lib_a-memmove.o)
                0x0000000008007710                memmove
 .text.__malloc_lock
                0x0000000008007744        0xc c:/st/stm32cubeide_1.12.0/stm32cubeide/plugins/com.st.stm32cube.ide.mcu.externaltools.gnu-tools-for-stm32.10.3-2021.10.win32_1.0.200.202301161003/tools/bin/../lib/gcc/arm-none-eabi/10.3.1/../../../../arm-none-eabi/lib/thumb/v7e-m+fp/hard\libc_nano.a(lib_a-mlock.o)
                0x0000000008007744                __malloc_lock
 .text.__malloc_unlock
                0x0000000008007750        0xc c:/st/stm32cubeide_1.12.0/stm32cubeide/plugins/com.st.stm32cube.ide.mcu.externaltools.gnu-tools-for-stm32.10.3-2021.10.win32_1.0.200.202301161003/tools/bin/../lib/gcc/arm-none-eabi/10.3.1/../../../../arm-none-eabi/lib/thumb/v7e-m+fp/hard\libc_nano.a(lib_a-mlock.o)
                0x0000000008007750                __malloc_unlock
 .text._realloc_r
                0x000000000800775c       0x5e c:/st/stm32cubeide_1.12.0/stm32cubeide/plugins/com.st.stm32cube.ide.mcu.externaltools.gnu-tools-for-stm32.10.3-2021.10.win32_1.0.200.202301161003/tools/bin/../lib/gcc/arm-none-eabi/10.3.1/../../../../arm-none-eabi/lib/thumb/v7e-m+fp/hard\libc_nano.a(lib_a-nano-reallocr.o)
                0x000000000800775c                _realloc_r
 .text._raise_r
                0x00000000080077ba       0x50 c:/st/stm32cubeide_1.12.0/stm32cubeide/plugins/com.st.stm32cube.ide.mcu.externaltools.gnu-tools-for-stm32.10.3-2021.10.win32_1.0.200.202301161003/tools/bin/../lib/gcc/arm-none-eabi/10.3.1/../../../../arm-none-eabi/lib/thumb/v7e-m+fp/hard\libc_nano.a(lib_a-signal.o)
                0x00000000080077ba                _raise_r
 *fill*         0x000000000800780a        0x2 
 .text.raise    0x000000000800780c       0x10 c:/st/stm32cubeide_1.12.0/stm32cubeide/plugins/com.st.stm32cube.ide.mcu.externaltools.gnu-tools-for-stm32.10.3-2021.10.win32_1.0.200.202301161003/tools/bin/../lib/gcc/arm-none-eabi/10.3.1/../../../../arm-none-eabi/lib/thumb/v7e-m+fp/hard\libc_nano.a(lib_a-signal.o)
                0x000000000800780c                raise
 .text._kill_r  0x000000000800781c       0x24 c:/st/stm32cubeide_1.12.0/stm32cubeide/plugins/com.st.stm32cube.ide.mcu.externaltools.gnu-tools-for-stm32.10.3-2021.10.win32_1.0.200.202301161003/tools/bin/../lib/gcc/arm-none-eabi/10.3.1/../../../../arm-none-eabi/lib/thumb/v7e-m+fp/hard\libc_nano.a(lib_a-signalr.o)
                0x000000000800781c                _kill_r
 .text._getpid_r
                0x0000000008007840        0x4 c:/st/stm32cubeide_1.12.0/stm32cubeide/plugins/com.st.stm32cube.ide.mcu.externaltools.gnu-tools-for-stm32.10.3-2021.10.win32_1.0.200.202301161003/tools/bin/../lib/gcc/arm-none-eabi/10.3.1/../../../../arm-none-eabi/lib/thumb/v7e-m+fp/hard\libc_nano.a(lib_a-signalr.o)
                0x0000000008007840                _getpid_r
 .text.__sread  0x0000000008007844       0x22 c:/st/stm32cubeide_1.12.0/stm32cubeide/plugins/com.st.stm32cube.ide.mcu.externaltools.gnu-tools-for-stm32.10.3-2021.10.win32_1.0.200.202301161003/tools/bin/../lib/gcc/arm-none-eabi/10.3.1/../../../../arm-none-eabi/lib/thumb/v7e-m+fp/hard\libc_nano.a(lib_a-stdio.o)
                0x0000000008007844                __sread
 .text.__swrite
                0x0000000008007866       0x38 c:/st/stm32cubeide_1.12.0/stm32cubeide/plugins/com.st.stm32cube.ide.mcu.externaltools.gnu-tools-for-stm32.10.3-2021.10.win32_1.0.200.202301161003/tools/bin/../lib/gcc/arm-none-eabi/10.3.1/../../../../arm-none-eabi/lib/thumb/v7e-m+fp/hard\libc_nano.a(lib_a-stdio.o)
                0x0000000008007866                __swrite
 .text.__sseek  0x000000000800789e       0x24 c:/st/stm32cubeide_1.12.0/stm32cubeide/plugins/com.st.stm32cube.ide.mcu.externaltools.gnu-tools-for-stm32.10.3-2021.10.win32_1.0.200.202301161003/tools/bin/../lib/gcc/arm-none-eabi/10.3.1/../../../../arm-none-eabi/lib/thumb/v7e-m+fp/hard\libc_nano.a(lib_a-stdio.o)
                0x000000000800789e                __sseek
 .text.__sclose
                0x00000000080078c2        0x8 c:/st/stm32cubeide_1.12.0/stm32cubeide/plugins/com.st.stm32cube.ide.mcu.externaltools.gnu-tools-for-stm32.10.3-2021.10.win32_1.0.200.202301161003/tools/bin/../lib/gcc/arm-none-eabi/10.3.1/../../../../arm-none-eabi/lib/thumb/v7e-m+fp/hard\libc_nano.a(lib_a-stdio.o)
                0x00000000080078c2                __sclose
 .text.__ascii_wctomb
                0x00000000080078ca       0x1a c:/st/stm32cubeide_1.12.0/stm32cubeide/plugins/com.st.stm32cube.ide.mcu.externaltools.gnu-tools-for-stm32.10.3-2021.10.win32_1.0.200.202301161003/tools/bin/../lib/gcc/arm-none-eabi/10.3.1/../../../../arm-none-eabi/lib/thumb/v7e-m+fp/hard\libc_nano.a(lib_a-wctomb_r.o)
                0x00000000080078ca                __ascii_wctomb
 .text._write_r
                0x00000000080078e4       0x24 c:/st/stm32cubeide_1.12.0/stm32cubeide/plugins/com.st.stm32cube.ide.mcu.externaltools.gnu-tools-for-stm32.10.3-2021.10.win32_1.0.200.202301161003/tools/bin/../lib/gcc/arm-none-eabi/10.3.1/../../../../arm-none-eabi/lib/thumb/v7e-m+fp/hard\libc_nano.a(lib_a-writer.o)
                0x00000000080078e4                _write_r
 .text._close_r
                0x0000000008007908       0x20 c:/st/stm32cubeide_1.12.0/stm32cubeide/plugins/com.st.stm32cube.ide.mcu.externaltools.gnu-tools-for-stm32.10.3-2021.10.win32_1.0.200.202301161003/tools/bin/../lib/gcc/arm-none-eabi/10.3.1/../../../../arm-none-eabi/lib/thumb/v7e-m+fp/hard\libc_nano.a(lib_a-closer.o)
                0x0000000008007908                _close_r
 .text._fstat_r
                0x0000000008007928       0x24 c:/st/stm32cubeide_1.12.0/stm32cubeide/plugins/com.st.stm32cube.ide.mcu.externaltools.gnu-tools-for-stm32.10.3-2021.10.win32_1.0.200.202301161003/tools/bin/../lib/gcc/arm-none-eabi/10.3.1/../../../../arm-none-eabi/lib/thumb/v7e-m+fp/hard\libc_nano.a(lib_a-fstatr.o)
                0x0000000008007928                _fstat_r
 .text._isatty_r
                0x000000000800794c       0x20 c:/st/stm32cubeide_1.12.0/stm32cubeide/plugins/com.st.stm32cube.ide.mcu.externaltools.gnu-tools-for-stm32.10.3-2021.10.win32_1.0.200.202301161003/tools/bin/../lib/gcc/arm-none-eabi/10.3.1/../../../../arm-none-eabi/lib/thumb/v7e-m+fp/hard\libc_nano.a(lib_a-isattyr.o)
                0x000000000800794c                _isatty_r
 .text._lseek_r
                0x000000000800796c       0x24 c:/st/stm32cubeide_1.12.0/stm32cubeide/plugins/com.st.stm32cube.ide.mcu.externaltools.gnu-tools-for-stm32.10.3-2021.10.win32_1.0.200.202301161003/tools/bin/../lib/gcc/arm-none-eabi/10.3.1/../../../../arm-none-eabi/lib/thumb/v7e-m+fp/hard\libc_nano.a(lib_a-lseekr.o)
                0x000000000800796c                _lseek_r
 .text._malloc_usable_size_r
                0x0000000008007990       0x10 c:/st/stm32cubeide_1.12.0/stm32cubeide/plugins/com.st.stm32cube.ide.mcu.externaltools.gnu-tools-for-stm32.10.3-2021.10.win32_1.0.200.202301161003/tools/bin/../lib/gcc/arm-none-eabi/10.3.1/../../../../arm-none-eabi/lib/thumb/v7e-m+fp/hard\libc_nano.a(lib_a-nano-msizer.o)
                0x0000000008007990                _malloc_usable_size_r
 .text._read_r  0x00000000080079a0       0x24 c:/st/stm32cubeide_1.12.0/stm32cubeide/plugins/com.st.stm32cube.ide.mcu.externaltools.gnu-tools-for-stm32.10.3-2021.10.win32_1.0.200.202301161003/tools/bin/../lib/gcc/arm-none-eabi/10.3.1/../../../../arm-none-eabi/lib/thumb/v7e-m+fp/hard\libc_nano.a(lib_a-readr.o)
                0x00000000080079a0                _read_r
 *(.glue_7)
 .glue_7        0x00000000080079c4        0x0 linker stubs
 *(.glue_7t)
 .glue_7t       0x00000000080079c4        0x0 linker stubs
 *(.eh_frame)
 .eh_frame      0x00000000080079c4        0x0 c:/st/stm32cubeide_1.12.0/stm32cubeide/plugins/com.st.stm32cube.ide.mcu.externaltools.gnu-tools-for-stm32.10.3-2021.10.win32_1.0.200.202301161003/tools/bin/../lib/gcc/arm-none-eabi/10.3.1/thumb/v7e-m+fp/hard/crtbegin.o
 *(.init)
 .init          0x00000000080079c4        0x4 c:/st/stm32cubeide_1.12.0/stm32cubeide/plugins/com.st.stm32cube.ide.mcu.externaltools.gnu-tools-for-stm32.10.3-2021.10.win32_1.0.200.202301161003/tools/bin/../lib/gcc/arm-none-eabi/10.3.1/thumb/v7e-m+fp/hard/crti.o
                0x00000000080079c4                _init
 .init          0x00000000080079c8        0x8 c:/st/stm32cubeide_1.12.0/stm32cubeide/plugins/com.st.stm32cube.ide.mcu.externaltools.gnu-tools-for-stm32.10.3-2021.10.win32_1.0.200.202301161003/tools/bin/../lib/gcc/arm-none-eabi/10.3.1/thumb/v7e-m+fp/hard/crtn.o
 *(.fini)
 .fini          0x00000000080079d0        0x4 c:/st/stm32cubeide_1.12.0/stm32cubeide/plugins/com.st.stm32cube.ide.mcu.externaltools.gnu-tools-for-stm32.10.3-2021.10.win32_1.0.200.202301161003/tools/bin/../lib/gcc/arm-none-eabi/10.3.1/thumb/v7e-m+fp/hard/crti.o
                0x00000000080079d0                _fini
 .fini          0x00000000080079d4        0x8 c:/st/stm32cubeide_1.12.0/stm32cubeide/plugins/com.st.stm32cube.ide.mcu.externaltools.gnu-tools-for-stm32.10.3-2021.10.win32_1.0.200.202301161003/tools/bin/../lib/gcc/arm-none-eabi/10.3.1/thumb/v7e-m+fp/hard/crtn.o
                0x00000000080079dc                . = ALIGN (0x4)
                0x00000000080079dc                _etext = .

.vfp11_veneer   0x00000000080079dc        0x0
 .vfp11_veneer  0x00000000080079dc        0x0 linker stubs

.v4_bx          0x00000000080079dc        0x0
 .v4_bx         0x00000000080079dc        0x0 linker stubs

.iplt           0x00000000080079dc        0x0
 .iplt          0x00000000080079dc        0x0 c:/st/stm32cubeide_1.12.0/stm32cubeide/plugins/com.st.stm32cube.ide.mcu.externaltools.gnu-tools-for-stm32.10.3-2021.10.win32_1.0.200.202301161003/tools/bin/../lib/gcc/arm-none-eabi/10.3.1/thumb/v7e-m+fp/hard/crtbegin.o

.rodata         0x00000000080079e0      0x594
                0x00000000080079e0                . = ALIGN (0x4)
 *(.rodata)
 *(.rodata*)
 .rodata.irCallback.str1.4
                0x00000000080079e0       0x11 ./Core/Src/main.o
 *fill*         0x00000000080079f1        0x3 
 .rodata.SendRoutinesOverUart.str1.4
                0x00000000080079f4       0x1a ./Core/Src/main.o
 *fill*         0x0000000008007a0e        0x2 
 .rodata.UART_GET_IR_RESPONSE
                0x0000000008007a10       0x10 ./Core/Src/main.o
                0x0000000008007a10                UART_GET_IR_RESPONSE
 .rodata.UART_GET_IR_SENTENCE
                0x0000000008007a20        0x6 ./Core/Src/main.o
                0x0000000008007a20                UART_GET_IR_SENTENCE
 *fill*         0x0000000008007a26        0x2 
 .rodata.UART_RESPONSE_END
                0x0000000008007a28        0x7 ./Core/Src/main.o
                0x0000000008007a28                UART_RESPONSE_END
 *fill*         0x0000000008007a2f        0x1 
 .rodata.UART_RESPONSE_OK
                0x0000000008007a30        0x3 ./Core/Src/main.o
                0x0000000008007a30                UART_RESPONSE_OK
 *fill*         0x0000000008007a33        0x1 
 .rodata.UART_ROUTINES_PURGE_SAVED_SENTENCE
                0x0000000008007a34        0x9 ./Core/Src/main.o
                0x0000000008007a34                UART_ROUTINES_PURGE_SAVED_SENTENCE
 *fill*         0x0000000008007a3d        0x3 
 .rodata.UART_ROUTINES_READ_SENTENCE
                0x0000000008007a40        0xd ./Core/Src/main.o
                0x0000000008007a40                UART_ROUTINES_READ_SENTENCE
 *fill*         0x0000000008007a4d        0x3 
 .rodata.UART_ROUTINES_SAVE_SENTENCE
                0x0000000008007a50        0xb ./Core/Src/main.o
                0x0000000008007a50                UART_ROUTINES_SAVE_SENTENCE
 *fill*         0x0000000008007a5b        0x1 
 .rodata.UART_ROUTINES_WRITE_RESPONSE
                0x0000000008007a5c        0x8 ./Core/Src/main.o
                0x0000000008007a5c                UART_ROUTINES_WRITE_RESPONSE
 .rodata.UART_ROUTINES_WRITE_SENTENCE
                0x0000000008007a64        0xe ./Core/Src/main.o
                0x0000000008007a64                UART_ROUTINES_WRITE_SENTENCE
 *fill*         0x0000000008007a72        0x2 
 .rodata.AHBPrescTable
                0x0000000008007a74       0x10 ./Core/Src/system_stm32f4xx.o
                0x0000000008007a74                AHBPrescTable
 .rodata.APBPrescTable
                0x0000000008007a84        0x8 ./Core/Src/system_stm32f4xx.o
                0x0000000008007a84                APBPrescTable
 .rodata.gammaTable
                0x0000000008007a8c      0x100 ./Core/Src/ws2812b.o
                0x0000000008007a8c                gammaTable
 .rodata.flagBitshiftOffset.0
                0x0000000008007b8c        0x8 ./Drivers/STM32F4xx_HAL_Driver/Src/stm32f4xx_hal_dma.o
 .rodata._global_impure_ptr
                0x0000000008007b94        0x4 c:/st/stm32cubeide_1.12.0/stm32cubeide/plugins/com.st.stm32cube.ide.mcu.externaltools.gnu-tools-for-stm32.10.3-2021.10.win32_1.0.200.202301161003/tools/bin/../lib/gcc/arm-none-eabi/10.3.1/../../../../arm-none-eabi/lib/thumb/v7e-m+fp/hard\libc_nano.a(lib_a-impure.o)
                0x0000000008007b94                _global_impure_ptr
 .rodata._printf_float.str1.1
                0x0000000008007b98       0x12 c:/st/stm32cubeide_1.12.0/stm32cubeide/plugins/com.st.stm32cube.ide.mcu.externaltools.gnu-tools-for-stm32.10.3-2021.10.win32_1.0.200.202301161003/tools/bin/../lib/gcc/arm-none-eabi/10.3.1/../../../../arm-none-eabi/lib/thumb/v7e-m+fp/hard\libc_nano.a(lib_a-nano-vfprintf_float.o)
 .rodata._printf_i.str1.1
                0x0000000008007baa       0x22 c:/st/stm32cubeide_1.12.0/stm32cubeide/plugins/com.st.stm32cube.ide.mcu.externaltools.gnu-tools-for-stm32.10.3-2021.10.win32_1.0.200.202301161003/tools/bin/../lib/gcc/arm-none-eabi/10.3.1/../../../../arm-none-eabi/lib/thumb/v7e-m+fp/hard\libc_nano.a(lib_a-nano-vfprintf_i.o)
 .rodata.__assert_func.str1.1
                0x0000000008007bcc       0x3c c:/st/stm32cubeide_1.12.0/stm32cubeide/plugins/com.st.stm32cube.ide.mcu.externaltools.gnu-tools-for-stm32.10.3-2021.10.win32_1.0.200.202301161003/tools/bin/../lib/gcc/arm-none-eabi/10.3.1/../../../../arm-none-eabi/lib/thumb/v7e-m+fp/hard\libc_nano.a(lib_a-assert.o)
                                         0x3d (size before relaxing)
 .rodata._dtoa_r.str1.1
                0x0000000008007c08       0x90 c:/st/stm32cubeide_1.12.0/stm32cubeide/plugins/com.st.stm32cube.ide.mcu.externaltools.gnu-tools-for-stm32.10.3-2021.10.win32_1.0.200.202301161003/tools/bin/../lib/gcc/arm-none-eabi/10.3.1/../../../../arm-none-eabi/lib/thumb/v7e-m+fp/hard\libc_nano.a(lib_a-dtoa.o)
                                         0x92 (size before relaxing)
 .rodata._Balloc.str1.1
                0x0000000008007c98       0x5c c:/st/stm32cubeide_1.12.0/stm32cubeide/plugins/com.st.stm32cube.ide.mcu.externaltools.gnu-tools-for-stm32.10.3-2021.10.win32_1.0.200.202301161003/tools/bin/../lib/gcc/arm-none-eabi/10.3.1/../../../../arm-none-eabi/lib/thumb/v7e-m+fp/hard\libc_nano.a(lib_a-mprec.o)
                                         0x73 (size before relaxing)
 .rodata.__multadd.str1.1
                0x0000000008007cf4       0x11 c:/st/stm32cubeide_1.12.0/stm32cubeide/plugins/com.st.stm32cube.ide.mcu.externaltools.gnu-tools-for-stm32.10.3-2021.10.win32_1.0.200.202301161003/tools/bin/../lib/gcc/arm-none-eabi/10.3.1/../../../../arm-none-eabi/lib/thumb/v7e-m+fp/hard\libc_nano.a(lib_a-mprec.o)
 *fill*         0x0000000008007cf4        0x4 
 .rodata.__mprec_bigtens
                0x0000000008007cf8       0x28 c:/st/stm32cubeide_1.12.0/stm32cubeide/plugins/com.st.stm32cube.ide.mcu.externaltools.gnu-tools-for-stm32.10.3-2021.10.win32_1.0.200.202301161003/tools/bin/../lib/gcc/arm-none-eabi/10.3.1/../../../../arm-none-eabi/lib/thumb/v7e-m+fp/hard\libc_nano.a(lib_a-mprec.o)
                0x0000000008007cf8                __mprec_bigtens
 .rodata.__mprec_tens
                0x0000000008007d20       0xc8 c:/st/stm32cubeide_1.12.0/stm32cubeide/plugins/com.st.stm32cube.ide.mcu.externaltools.gnu-tools-for-stm32.10.3-2021.10.win32_1.0.200.202301161003/tools/bin/../lib/gcc/arm-none-eabi/10.3.1/../../../../arm-none-eabi/lib/thumb/v7e-m+fp/hard\libc_nano.a(lib_a-mprec.o)
                0x0000000008007d20                __mprec_tens
 .rodata.p05.0  0x0000000008007de8        0xc c:/st/stm32cubeide_1.12.0/stm32cubeide/plugins/com.st.stm32cube.ide.mcu.externaltools.gnu-tools-for-stm32.10.3-2021.10.win32_1.0.200.202301161003/tools/bin/../lib/gcc/arm-none-eabi/10.3.1/../../../../arm-none-eabi/lib/thumb/v7e-m+fp/hard\libc_nano.a(lib_a-mprec.o)
 .rodata._svfprintf_r.str1.1
                0x0000000008007df4       0x11 c:/st/stm32cubeide_1.12.0/stm32cubeide/plugins/com.st.stm32cube.ide.mcu.externaltools.gnu-tools-for-stm32.10.3-2021.10.win32_1.0.200.202301161003/tools/bin/../lib/gcc/arm-none-eabi/10.3.1/../../../../arm-none-eabi/lib/thumb/v7e-m+fp/hard\libc_nano.a(lib_a-nano-svfprintf.o)
 .rodata._vfprintf_r.str1.1
                0x0000000008007e05       0x11 c:/st/stm32cubeide_1.12.0/stm32cubeide/plugins/com.st.stm32cube.ide.mcu.externaltools.gnu-tools-for-stm32.10.3-2021.10.win32_1.0.200.202301161003/tools/bin/../lib/gcc/arm-none-eabi/10.3.1/../../../../arm-none-eabi/lib/thumb/v7e-m+fp/hard\libc_nano.a(lib_a-nano-vfprintf.o)
 *fill*         0x0000000008007e05        0x3 
 .rodata.__sf_fake_stderr
                0x0000000008007e08       0x20 c:/st/stm32cubeide_1.12.0/stm32cubeide/plugins/com.st.stm32cube.ide.mcu.externaltools.gnu-tools-for-stm32.10.3-2021.10.win32_1.0.200.202301161003/tools/bin/../lib/gcc/arm-none-eabi/10.3.1/../../../../arm-none-eabi/lib/thumb/v7e-m+fp/hard\libc_nano.a(lib_a-findfp.o)
                0x0000000008007e08                __sf_fake_stderr
 .rodata.__sf_fake_stdin
                0x0000000008007e28       0x20 c:/st/stm32cubeide_1.12.0/stm32cubeide/plugins/com.st.stm32cube.ide.mcu.externaltools.gnu-tools-for-stm32.10.3-2021.10.win32_1.0.200.202301161003/tools/bin/../lib/gcc/arm-none-eabi/10.3.1/../../../../arm-none-eabi/lib/thumb/v7e-m+fp/hard\libc_nano.a(lib_a-findfp.o)
                0x0000000008007e28                __sf_fake_stdin
 .rodata.__sf_fake_stdout
                0x0000000008007e48       0x20 c:/st/stm32cubeide_1.12.0/stm32cubeide/plugins/com.st.stm32cube.ide.mcu.externaltools.gnu-tools-for-stm32.10.3-2021.10.win32_1.0.200.202301161003/tools/bin/../lib/gcc/arm-none-eabi/10.3.1/../../../../arm-none-eabi/lib/thumb/v7e-m+fp/hard\libc_nano.a(lib_a-findfp.o)
                0x0000000008007e48                __sf_fake_stdout
 .rodata._setlocale_r.str1.1
                0x0000000008007e68        0x8 c:/st/stm32cubeide_1.12.0/stm32cubeide/plugins/com.st.stm32cube.ide.mcu.externaltools.gnu-tools-for-stm32.10.3-2021.10.win32_1.0.200.202301161003/tools/bin/../lib/gcc/arm-none-eabi/10.3.1/../../../../arm-none-eabi/lib/thumb/v7e-m+fp/hard\libc_nano.a(lib_a-locale.o)
                                          0x9 (size before relaxing)
 .rodata.str1.1
                0x0000000008007e70        0x2 c:/st/stm32cubeide_1.12.0/stm32cubeide/plugins/com.st.stm32cube.ide.mcu.externaltools.gnu-tools-for-stm32.10.3-2021.10.win32_1.0.200.202301161003/tools/bin/../lib/gcc/arm-none-eabi/10.3.1/../../../../arm-none-eabi/lib/thumb/v7e-m+fp/hard\libc_nano.a(lib_a-locale.o)
 .rodata._ctype_
                0x0000000008007e72      0x101 c:/st/stm32cubeide_1.12.0/stm32cubeide/plugins/com.st.stm32cube.ide.mcu.externaltools.gnu-tools-for-stm32.10.3-2021.10.win32_1.0.200.202301161003/tools/bin/../lib/gcc/arm-none-eabi/10.3.1/../../../../arm-none-eabi/lib/thumb/v7e-m+fp/hard\libc_nano.a(lib_a-ctype_.o)
                0x0000000008007e72                _ctype_
                0x0000000008007f74                . = ALIGN (0x4)
 *fill*         0x0000000008007f73        0x1 

.ARM.extab      0x0000000008007f74        0x0
                0x0000000008007f74                . = ALIGN (0x4)
 *(.ARM.extab* .gnu.linkonce.armextab.*)
                0x0000000008007f74                . = ALIGN (0x4)

.ARM            0x0000000008007f74        0x8
                0x0000000008007f74                . = ALIGN (0x4)
                0x0000000008007f74                __exidx_start = .
 *(.ARM.exidx*)
 .ARM.exidx     0x0000000008007f74        0x8 c:/st/stm32cubeide_1.12.0/stm32cubeide/plugins/com.st.stm32cube.ide.mcu.externaltools.gnu-tools-for-stm32.10.3-2021.10.win32_1.0.200.202301161003/tools/bin/../lib/gcc/arm-none-eabi/10.3.1/thumb/v7e-m+fp/hard\libgcc.a(_udivmoddi4.o)
                0x0000000008007f7c                __exidx_end = .
                0x0000000008007f7c                . = ALIGN (0x4)

.rel.dyn        0x0000000008007f7c        0x0
 .rel.iplt      0x0000000008007f7c        0x0 c:/st/stm32cubeide_1.12.0/stm32cubeide/plugins/com.st.stm32cube.ide.mcu.externaltools.gnu-tools-for-stm32.10.3-2021.10.win32_1.0.200.202301161003/tools/bin/../lib/gcc/arm-none-eabi/10.3.1/thumb/v7e-m+fp/hard/crtbegin.o

.preinit_array  0x0000000008007f7c        0x0
                0x0000000008007f7c                . = ALIGN (0x4)
                0x0000000008007f7c                PROVIDE (__preinit_array_start = .)
 *(.preinit_array*)
                0x0000000008007f7c                PROVIDE (__preinit_array_end = .)
                0x0000000008007f7c                . = ALIGN (0x4)

.init_array     0x0000000008007f7c        0x4
                0x0000000008007f7c                . = ALIGN (0x4)
                0x0000000008007f7c                PROVIDE (__init_array_start = .)
 *(SORT_BY_NAME(.init_array.*))
 *(.init_array*)
 .init_array    0x0000000008007f7c        0x4 c:/st/stm32cubeide_1.12.0/stm32cubeide/plugins/com.st.stm32cube.ide.mcu.externaltools.gnu-tools-for-stm32.10.3-2021.10.win32_1.0.200.202301161003/tools/bin/../lib/gcc/arm-none-eabi/10.3.1/thumb/v7e-m+fp/hard/crtbegin.o
                0x0000000008007f80                PROVIDE (__init_array_end = .)
                0x0000000008007f80                . = ALIGN (0x4)

.fini_array     0x0000000008007f80        0x4
                0x0000000008007f80                . = ALIGN (0x4)
                [!provide]                        PROVIDE (__fini_array_start = .)
 *(SORT_BY_NAME(.fini_array.*))
 *(.fini_array*)
 .fini_array    0x0000000008007f80        0x4 c:/st/stm32cubeide_1.12.0/stm32cubeide/plugins/com.st.stm32cube.ide.mcu.externaltools.gnu-tools-for-stm32.10.3-2021.10.win32_1.0.200.202301161003/tools/bin/../lib/gcc/arm-none-eabi/10.3.1/thumb/v7e-m+fp/hard/crtbegin.o
                [!provide]                        PROVIDE (__fini_array_end = .)
                0x0000000008007f84                . = ALIGN (0x4)
                0x0000000008007f84                _sidata = LOADADDR (.data)

.data           0x0000000020000000      0x1ec load address 0x0000000008007f84
                0x0000000020000000                . = ALIGN (0x4)
                0x0000000020000000                _sdata = .
 *(.data)
 *(.data*)
 .data.irPulseError
                0x0000000020000000        0x2 ./Core/Src/irDecoder.o
                0x0000000020000000                irPulseError
 .data.ELE_INPUT_ADDR
                0x0000000020000002        0x2 ./Core/Src/nonvmem.o
                0x0000000020000002                ELE_INPUT_ADDR
 .data.IR_ADDR  0x0000000020000004        0x2 ./Core/Src/nonvmem.o
                0x0000000020000004                IR_ADDR
 .data.TIME_ADDR
                0x0000000020000006        0x2 ./Core/Src/nonvmem.o
                0x0000000020000006                TIME_ADDR
 .data.SystemCoreClock
                0x0000000020000008        0x4 ./Core/Src/system_stm32f4xx.o
                0x0000000020000008                SystemCoreClock
 .data.WS2812_IO_High
                0x000000002000000c        0x4 ./Core/Src/ws2812b.o
                0x000000002000000c                WS2812_IO_High
 .data.WS2812_IO_Low
                0x0000000020000010        0x4 ./Core/Src/ws2812b.o
                0x0000000020000010                WS2812_IO_Low
 .data.uwTickFreq
                0x0000000020000014        0x1 ./Drivers/STM32F4xx_HAL_Driver/Src/stm32f4xx_hal.o
                0x0000000020000014                uwTickFreq
 *fill*         0x0000000020000015        0x3 
 .data.uwTickPrio
                0x0000000020000018        0x4 ./Drivers/STM32F4xx_HAL_Driver/Src/stm32f4xx_hal.o
                0x0000000020000018                uwTickPrio
 .data._impure_ptr
                0x000000002000001c        0x4 c:/st/stm32cubeide_1.12.0/stm32cubeide/plugins/com.st.stm32cube.ide.mcu.externaltools.gnu-tools-for-stm32.10.3-2021.10.win32_1.0.200.202301161003/tools/bin/../lib/gcc/arm-none-eabi/10.3.1/../../../../arm-none-eabi/lib/thumb/v7e-m+fp/hard\libc_nano.a(lib_a-impure.o)
                0x000000002000001c                _impure_ptr
 .data.impure_data
                0x0000000020000020       0x60 c:/st/stm32cubeide_1.12.0/stm32cubeide/plugins/com.st.stm32cube.ide.mcu.externaltools.gnu-tools-for-stm32.10.3-2021.10.win32_1.0.200.202301161003/tools/bin/../lib/gcc/arm-none-eabi/10.3.1/../../../../arm-none-eabi/lib/thumb/v7e-m+fp/hard\libc_nano.a(lib_a-impure.o)
 .data.__global_locale
                0x0000000020000080      0x16c c:/st/stm32cubeide_1.12.0/stm32cubeide/plugins/com.st.stm32cube.ide.mcu.externaltools.gnu-tools-for-stm32.10.3-2021.10.win32_1.0.200.202301161003/tools/bin/../lib/gcc/arm-none-eabi/10.3.1/../../../../arm-none-eabi/lib/thumb/v7e-m+fp/hard\libc_nano.a(lib_a-locale.o)
                0x0000000020000080                __global_locale
 *(.RamFunc)
 *(.RamFunc*)
                0x00000000200001ec                . = ALIGN (0x4)
                0x00000000200001ec                _edata = .
                0x0000000008008170                _siccmram = LOADADDR (.ccmram)

.igot.plt       0x00000000200001ec        0x0 load address 0x0000000008008170
 .igot.plt      0x00000000200001ec        0x0 c:/st/stm32cubeide_1.12.0/stm32cubeide/plugins/com.st.stm32cube.ide.mcu.externaltools.gnu-tools-for-stm32.10.3-2021.10.win32_1.0.200.202301161003/tools/bin/../lib/gcc/arm-none-eabi/10.3.1/thumb/v7e-m+fp/hard/crtbegin.o

.ccmram         0x0000000010000000        0x0 load address 0x0000000008008170
                0x0000000010000000                . = ALIGN (0x4)
                0x0000000010000000                _sccmram = .
 *(.ccmram)
 *(.ccmram*)
                0x0000000010000000                . = ALIGN (0x4)
                0x0000000010000000                _eccmram = .
                0x0000000010000000                . = ALIGN (0x4)

.bss            0x00000000200001ec     0x19b4
                0x00000000200001ec                _sbss = .
                0x00000000200001ec                __bss_start__ = _sbss
 *(.bss)
 .bss           0x00000000200001ec       0x1c c:/st/stm32cubeide_1.12.0/stm32cubeide/plugins/com.st.stm32cube.ide.mcu.externaltools.gnu-tools-for-stm32.10.3-2021.10.win32_1.0.200.202301161003/tools/bin/../lib/gcc/arm-none-eabi/10.3.1/thumb/v7e-m+fp/hard/crtbegin.o
 *(.bss*)
 .bss.irCommand
                0x0000000020000208        0x1 ./Core/Src/irDecoder.o
                0x0000000020000208                irCommand
 .bss.irDevice  0x0000000020000209        0x1 ./Core/Src/irDecoder.o
                0x0000000020000209                irDevice
 *fill*         0x000000002000020a        0x2 
 .bss.irHtim    0x000000002000020c        0x4 ./Core/Src/irDecoder.o
                0x000000002000020c                irHtim
 .bss.irHuart   0x0000000020000210        0x4 ./Core/Src/irDecoder.o
                0x0000000020000210                irHuart
 .bss.irPulseNb
                0x0000000020000214        0x1 ./Core/Src/irDecoder.o
                0x0000000020000214                irPulseNb
 *fill*         0x0000000020000215        0x3 
 .bss.irPulses  0x0000000020000218       0x40 ./Core/Src/irDecoder.o
                0x0000000020000218                irPulses
 .bss.irReceived
                0x0000000020000258        0x1 ./Core/Src/irDecoder.o
                0x0000000020000258                irReceived
 .bss.ACTIVE_EFFECT_NB
                0x0000000020000259        0x1 ./Core/Src/ledEffects.o
                0x0000000020000259                ACTIVE_EFFECT_NB
 .bss.ACTIVE_EFFECT_TYPE
                0x000000002000025a        0x1 ./Core/Src/ledEffects.o
                0x000000002000025a                ACTIVE_EFFECT_TYPE
 *fill*         0x000000002000025b        0x1 
 .bss.frameBufferArray
                0x000000002000025c     0x12c0 ./Core/Src/ledEffects.o
                0x000000002000025c                frameBufferArray
 .bss.x.1       0x000000002000151c       0x10 ./Core/Src/ledEffects.o
 .bss.GET_IR_FLAG
                0x000000002000152c        0x1 ./Core/Src/main.o
                0x000000002000152c                GET_IR_FLAG
 .bss.ROUTINES_WRITE_FLAG
                0x000000002000152d        0x1 ./Core/Src/main.o
                0x000000002000152d                ROUTINES_WRITE_FLAG
 .bss.SAVING_IR_POS
                0x000000002000152e        0x1 ./Core/Src/main.o
                0x000000002000152e                SAVING_IR_POS
 .bss.SAVING_TIME_POS
                0x000000002000152f        0x1 ./Core/Src/main.o
                0x000000002000152f                SAVING_TIME_POS
 .bss.UART_BytesReceived
                0x0000000020001530        0x2 ./Core/Src/main.o
                0x0000000020001530                UART_BytesReceived
 *fill*         0x0000000020001532        0x2 
 .bss.UART_CpltBuffer
                0x0000000020001534       0x32 ./Core/Src/main.o
                0x0000000020001534                UART_CpltBuffer
 *fill*         0x0000000020001566        0x2 
 .bss.UART_DmaBuffer
                0x0000000020001568       0x32 ./Core/Src/main.o
                0x0000000020001568                UART_DmaBuffer
 *fill*         0x000000002000159a        0x2 
 .bss.hdma_usart2_rx
                0x000000002000159c       0x60 ./Core/Src/main.o
                0x000000002000159c                hdma_usart2_rx
 .bss.htim1     0x00000000200015fc       0x48 ./Core/Src/main.o
                0x00000000200015fc                htim1
 .bss.htim3     0x0000000020001644       0x48 ./Core/Src/main.o
                0x0000000020001644                htim3
 .bss.huart2    0x000000002000168c       0x44 ./Core/Src/main.o
                0x000000002000168c                huart2
 .bss.ELE_INPUT_MACROS
                0x00000000200016d0       0x3c ./Core/Src/nonvmem.o
                0x00000000200016d0                ELE_INPUT_MACROS
 .bss.IR_CODES_FLAGS
                0x000000002000170c       0x28 ./Core/Src/nonvmem.o
                0x000000002000170c                IR_CODES_FLAGS
 .bss.IR_CODES_MACROS
                0x0000000020001734       0x78 ./Core/Src/nonvmem.o
                0x0000000020001734                IR_CODES_MACROS
 .bss.TIME_FLAGS
                0x00000000200017ac       0x50 ./Core/Src/nonvmem.o
                0x00000000200017ac                TIME_FLAGS
 .bss.TIME_MACROS
                0x00000000200017fc       0x78 ./Core/Src/nonvmem.o
                0x00000000200017fc                TIME_MACROS
 .bss.__sbrk_heap_end
                0x0000000020001874        0x4 ./Core/Src/sysmem.o
 .bss.TIM1_handle
                0x0000000020001878       0x48 ./Core/Src/ws2812b.o
                0x0000000020001878                TIM1_handle
 .bss.dmaCC1    0x00000000200018c0       0x60 ./Core/Src/ws2812b.o
                0x00000000200018c0                dmaCC1
 .bss.dmaCC2    0x0000000020001920       0x60 ./Core/Src/ws2812b.o
                0x0000000020001920                dmaCC2
 .bss.dmaUpdate
                0x0000000020001980       0x60 ./Core/Src/ws2812b.o
                0x0000000020001980                dmaUpdate
 .bss.tim2OC1   0x00000000200019e0       0x1c ./Core/Src/ws2812b.o
                0x00000000200019e0                tim2OC1
 .bss.tim2OC2   0x00000000200019fc       0x1c ./Core/Src/ws2812b.o
                0x00000000200019fc                tim2OC2
 .bss.tim_period
                0x0000000020001a18        0x4 ./Core/Src/ws2812b.o
                0x0000000020001a18                tim_period
 .bss.timer_reset_pulse_period
                0x0000000020001a1c        0x4 ./Core/Src/ws2812b.o
                0x0000000020001a1c                timer_reset_pulse_period
 .bss.ws2812b   0x0000000020001a20      0x10c ./Core/Src/ws2812b.o
                0x0000000020001a20                ws2812b
 .bss.ws2812bDmaBitBuffer
                0x0000000020001b2c       0x60 ./Core/Src/ws2812b.o
                0x0000000020001b2c                ws2812bDmaBitBuffer
 .bss.uwTick    0x0000000020001b8c        0x4 ./Drivers/STM32F4xx_HAL_Driver/Src/stm32f4xx_hal.o
                0x0000000020001b8c                uwTick
 .bss.__malloc_free_list